0
builtin_func_double2.c:1:1 keyword int
builtin_func_double2.c:1:5 identifier main
builtin_func_double2.c:1:9 punctuator (
builtin_func_double2.c:1:10 keyword void
builtin_func_double2.c:1:14 punctuator )
builtin_func_double2.c:2:1 punctuator {
builtin_func_double2.c:3:3 keyword int
builtin_func_double2.c:3:7 identifier argc
builtin_func_double2.c:3:12 punctuator =
builtin_func_double2.c:3:14 constant 1
builtin_func_double2.c:3:15 punctuator ;
builtin_func_double2.c:4:3 keyword int
builtin_func_double2.c:4:7 identifier ii
builtin_func_double2.c:4:9 punctuator ,
builtin_func_double2.c:4:10 identifier array
builtin_func_double2.c:4:15 punctuator [
builtin_func_double2.c:4:16 constant 100
builtin_func_double2.c:4:19 punctuator ]
builtin_func_double2.c:4:20 punctuator ,
builtin_func_double2.c:4:22 identifier y
builtin_func_double2.c:4:24 punctuator =
builtin_func_double2.c:4:26 constant 0
builtin_func_double2.c:4:27 punctuator ,
builtin_func_double2.c:4:29 identifier y_int
builtin_func_double2.c:4:35 punctuator =
builtin_func_double2.c:4:37 constant 0
builtin_func_double2.c:4:38 punctuator ,
builtin_func_double2.c:4:40 identifier array2
builtin_func_double2.c:4:46 punctuator [
builtin_func_double2.c:4:47 constant 100
builtin_func_double2.c:4:50 punctuator ]
builtin_func_double2.c:4:51 punctuator ,
builtin_func_double2.c:4:53 identifier y_int2
builtin_func_double2.c:4:59 punctuator =
builtin_func_double2.c:4:60 constant 0
builtin_func_double2.c:4:61 punctuator ,
builtin_func_double2.c:4:63 identifier y2
builtin_func_double2.c:4:65 punctuator =
builtin_func_double2.c:4:66 constant 0
builtin_func_double2.c:4:67 punctuator ;
builtin_func_double2.c:5:3 keyword double
builtin_func_double2.c:5:10 identifier x
builtin_func_double2.c:5:11 punctuator ,
builtin_func_double2.c:5:13 identifier yy
builtin_func_double2.c:5:15 punctuator ,
builtin_func_double2.c:5:17 identifier array3
builtin_func_double2.c:5:23 punctuator [
builtin_func_double2.c:5:24 constant 100
builtin_func_double2.c:5:27 punctuator ]
builtin_func_double2.c:5:28 punctuator ,
builtin_func_double2.c:5:30 identifier array4
builtin_func_double2.c:5:36 punctuator [
builtin_func_double2.c:5:37 constant 100
builtin_func_double2.c:5:40 punctuator ]
builtin_func_double2.c:5:41 punctuator ;
builtin_func_double2.c:6:3 keyword int
builtin_func_double2.c:6:7 identifier all_zero
builtin_func_double2.c:6:15 punctuator ,
builtin_func_double2.c:6:17 identifier all_nonzero
builtin_func_double2.c:6:28 punctuator ,
builtin_func_double2.c:6:30 identifier any_zero
builtin_func_double2.c:6:38 punctuator ,
builtin_func_double2.c:6:40 identifier any_nonzero
builtin_func_double2.c:6:51 punctuator ;
builtin_func_double2.c:7:3 keyword for
builtin_func_double2.c:7:7 punctuator (
builtin_func_double2.c:7:8 identifier ii
builtin_func_double2.c:7:11 punctuator =
builtin_func_double2.c:7:13 constant 0
builtin_func_double2.c:7:14 punctuator ;
builtin_func_double2.c:7:16 identifier ii
builtin_func_double2.c:7:19 punctuator <
builtin_func_double2.c:7:21 constant 100
builtin_func_double2.c:7:24 punctuator ;
builtin_func_double2.c:7:26 identifier ii
builtin_func_double2.c:7:28 punctuator ++
builtin_func_double2.c:7:30 punctuator )
builtin_func_double2.c:8:5 punctuator {
builtin_func_double2.c:9:7 identifier array
builtin_func_double2.c:9:12 punctuator [
builtin_func_double2.c:9:13 identifier ii
builtin_func_double2.c:9:15 punctuator ]
builtin_func_double2.c:9:17 punctuator =
builtin_func_double2.c:9:19 constant 0
builtin_func_double2.c:9:20 punctuator ;
builtin_func_double2.c:10:7 identifier array2
builtin_func_double2.c:10:13 punctuator [
builtin_func_double2.c:10:14 identifier ii
builtin_func_double2.c:10:16 punctuator ]
builtin_func_double2.c:10:18 punctuator =
builtin_func_double2.c:10:20 constant 5
builtin_func_double2.c:10:21 punctuator ;
builtin_func_double2.c:11:7 keyword if
builtin_func_double2.c:11:10 punctuator (
builtin_func_double2.c:11:11 identifier ii
builtin_func_double2.c:11:13 punctuator %
builtin_func_double2.c:11:14 constant 2
builtin_func_double2.c:11:16 punctuator &&
builtin_func_double2.c:11:19 identifier ii
builtin_func_double2.c:11:21 punctuator )
builtin_func_double2.c:12:2 identifier array3
builtin_func_double2.c:12:8 punctuator [
builtin_func_double2.c:12:9 identifier ii
builtin_func_double2.c:12:11 punctuator ]
builtin_func_double2.c:12:13 punctuator =
builtin_func_double2.c:12:15 punctuator (
builtin_func_double2.c:12:16 keyword double
builtin_func_double2.c:12:22 punctuator )
builtin_func_double2.c:12:23 punctuator (
builtin_func_double2.c:12:24 constant 1.0000
builtin_func_double2.c:12:30 punctuator /
builtin_func_double2.c:12:31 punctuator (
builtin_func_double2.c:12:32 keyword double
builtin_func_double2.c:12:38 punctuator )
builtin_func_double2.c:12:39 identifier ii
builtin_func_double2.c:12:41 punctuator )
builtin_func_double2.c:12:42 punctuator ;
builtin_func_double2.c:13:7 keyword else
builtin_func_double2.c:14:2 identifier array3
builtin_func_double2.c:14:8 punctuator [
builtin_func_double2.c:14:9 identifier ii
builtin_func_double2.c:14:11 punctuator ]
builtin_func_double2.c:14:13 punctuator =
builtin_func_double2.c:14:15 punctuator (
builtin_func_double2.c:14:16 keyword double
builtin_func_double2.c:14:22 punctuator )
builtin_func_double2.c:14:24 identifier ii
builtin_func_double2.c:14:27 punctuator +
builtin_func_double2.c:14:29 constant 0.00
builtin_func_double2.c:14:33 punctuator ;
builtin_func_double2.c:15:7 identifier array4
builtin_func_double2.c:15:13 punctuator [
builtin_func_double2.c:15:14 identifier ii
builtin_func_double2.c:15:16 punctuator ]
builtin_func_double2.c:15:18 punctuator =
builtin_func_double2.c:15:20 punctuator (
builtin_func_double2.c:15:21 keyword double
builtin_func_double2.c:15:27 punctuator )
builtin_func_double2.c:15:29 punctuator (
builtin_func_double2.c:15:30 constant 1.00000
builtin_func_double2.c:15:37 punctuator /
builtin_func_double2.c:15:39 punctuator (
builtin_func_double2.c:15:40 keyword double
builtin_func_double2.c:15:46 punctuator )
builtin_func_double2.c:15:47 punctuator (
builtin_func_double2.c:15:48 identifier ii
builtin_func_double2.c:15:50 punctuator +
builtin_func_double2.c:15:51 constant 1
builtin_func_double2.c:15:52 punctuator )
builtin_func_double2.c:15:53 punctuator )
builtin_func_double2.c:15:54 punctuator ;
builtin_func_double2.c:16:5 punctuator }
builtin_func_double2.c:17:3 identifier __asm
builtin_func_double2.c:17:9 keyword volatile
builtin_func_double2.c:17:18 punctuator (
builtin_func_double2.c:17:19 string-literal ""
builtin_func_double2.c:17:22 punctuator :
builtin_func_double2.c:17:24 string-literal "+r"
builtin_func_double2.c:17:29 punctuator (
builtin_func_double2.c:17:30 identifier argc
builtin_func_double2.c:17:34 punctuator )
builtin_func_double2.c:17:35 punctuator )
builtin_func_double2.c:17:36 punctuator ;
builtin_func_double2.c:18:3 identifier y_int
builtin_func_double2.c:18:9 punctuator =
builtin_func_double2.c:18:11 identifier __sec_reduce_any_nonzero
builtin_func_double2.c:18:36 punctuator (
builtin_func_double2.c:18:37 identifier array3
builtin_func_double2.c:18:43 punctuator [
builtin_func_double2.c:18:44 punctuator :
builtin_func_double2.c:18:45 punctuator ]
builtin_func_double2.c:18:47 punctuator +
builtin_func_double2.c:18:49 identifier array
builtin_func_double2.c:18:54 punctuator [
builtin_func_double2.c:18:55 constant 4
builtin_func_double2.c:18:56 punctuator ]
builtin_func_double2.c:18:57 punctuator )
builtin_func_double2.c:18:58 punctuator ;
builtin_func_double2.c:19:3 identifier y_int2
builtin_func_double2.c:19:10 punctuator =
builtin_func_double2.c:19:12 identifier __sec_reduce_any_zero
builtin_func_double2.c:19:34 punctuator (
builtin_func_double2.c:19:35 identifier array3
builtin_func_double2.c:19:41 punctuator [
builtin_func_double2.c:19:42 punctuator :
builtin_func_double2.c:19:43 punctuator ]
builtin_func_double2.c:19:45 punctuator +
builtin_func_double2.c:19:47 identifier array
builtin_func_double2.c:19:52 punctuator [
builtin_func_double2.c:19:53 constant 4
builtin_func_double2.c:19:54 punctuator ]
builtin_func_double2.c:19:55 punctuator )
builtin_func_double2.c:19:56 punctuator ;
builtin_func_double2.c:20:3 identifier y
builtin_func_double2.c:20:5 punctuator =
builtin_func_double2.c:20:7 identifier __sec_reduce_all_nonzero
builtin_func_double2.c:20:32 punctuator (
builtin_func_double2.c:20:33 punctuator (
builtin_func_double2.c:20:34 identifier array3
builtin_func_double2.c:20:40 punctuator [
builtin_func_double2.c:20:41 punctuator :
builtin_func_double2.c:20:42 punctuator ]
builtin_func_double2.c:20:44 punctuator +
builtin_func_double2.c:20:46 identifier array4
builtin_func_double2.c:20:52 punctuator [
builtin_func_double2.c:20:53 punctuator :
builtin_func_double2.c:20:54 punctuator ]
builtin_func_double2.c:20:55 punctuator )
builtin_func_double2.c:20:57 punctuator *
builtin_func_double2.c:20:59 punctuator (
builtin_func_double2.c:20:60 identifier argc
builtin_func_double2.c:20:64 punctuator -
builtin_func_double2.c:20:65 constant 1
builtin_func_double2.c:20:66 punctuator )
builtin_func_double2.c:20:67 punctuator )
builtin_func_double2.c:20:68 punctuator ;
builtin_func_double2.c:21:3 identifier y2
builtin_func_double2.c:21:6 punctuator =
builtin_func_double2.c:21:8 identifier __sec_reduce_all_zero
builtin_func_double2.c:21:30 punctuator (
builtin_func_double2.c:21:31 punctuator (
builtin_func_double2.c:21:32 identifier array3
builtin_func_double2.c:21:38 punctuator [
builtin_func_double2.c:21:39 punctuator :
builtin_func_double2.c:21:40 punctuator ]
builtin_func_double2.c:21:42 punctuator +
builtin_func_double2.c:21:44 identifier array4
builtin_func_double2.c:21:50 punctuator [
builtin_func_double2.c:21:51 punctuator :
builtin_func_double2.c:21:52 punctuator ]
builtin_func_double2.c:21:53 punctuator )
builtin_func_double2.c:21:55 punctuator *
builtin_func_double2.c:21:57 punctuator (
builtin_func_double2.c:21:58 identifier argc
builtin_func_double2.c:21:62 punctuator -
builtin_func_double2.c:21:63 constant 1
builtin_func_double2.c:21:64 punctuator )
builtin_func_double2.c:21:65 punctuator )
builtin_func_double2.c:21:66 punctuator ;
builtin_func_double2.c:23:3 identifier any_zero
builtin_func_double2.c:23:12 punctuator =
builtin_func_double2.c:23:14 constant 0
builtin_func_double2.c:23:15 punctuator ;
builtin_func_double2.c:24:3 identifier any_nonzero
builtin_func_double2.c:24:15 punctuator =
builtin_func_double2.c:24:17 constant 0
builtin_func_double2.c:24:18 punctuator ;
builtin_func_double2.c:25:3 keyword for
builtin_func_double2.c:25:7 punctuator (
builtin_func_double2.c:25:8 identifier ii
builtin_func_double2.c:25:11 punctuator =
builtin_func_double2.c:25:13 constant 0
builtin_func_double2.c:25:14 punctuator ;
builtin_func_double2.c:25:16 identifier ii
builtin_func_double2.c:25:19 punctuator <
builtin_func_double2.c:25:21 constant 100
builtin_func_double2.c:25:24 punctuator ;
builtin_func_double2.c:25:26 identifier ii
builtin_func_double2.c:25:28 punctuator ++
builtin_func_double2.c:25:30 punctuator )
builtin_func_double2.c:26:5 punctuator {
builtin_func_double2.c:27:7 keyword if
builtin_func_double2.c:27:10 punctuator (
builtin_func_double2.c:27:11 punctuator (
builtin_func_double2.c:27:12 identifier array3
builtin_func_double2.c:27:18 punctuator [
builtin_func_double2.c:27:19 identifier ii
builtin_func_double2.c:27:21 punctuator ]
builtin_func_double2.c:27:23 punctuator +
builtin_func_double2.c:27:25 identifier array
builtin_func_double2.c:27:30 punctuator [
builtin_func_double2.c:27:31 constant 4
builtin_func_double2.c:27:32 punctuator ]
builtin_func_double2.c:27:33 punctuator )
builtin_func_double2.c:27:35 punctuator ==
builtin_func_double2.c:27:38 constant 0
builtin_func_double2.c:27:39 punctuator )
builtin_func_double2.c:28:2 identifier any_zero
builtin_func_double2.c:28:11 punctuator =
builtin_func_double2.c:28:13 constant 1
builtin_func_double2.c:28:14 punctuator ;
builtin_func_double2.c:29:7 keyword else
builtin_func_double2.c:30:2 identifier any_nonzero
builtin_func_double2.c:30:14 punctuator =
builtin_func_double2.c:30:16 constant 1
builtin_func_double2.c:30:17 punctuator ;
builtin_func_double2.c:31:5 punctuator }
builtin_func_double2.c:33:3 keyword if
builtin_func_double2.c:33:6 punctuator (
builtin_func_double2.c:33:7 identifier any_nonzero
builtin_func_double2.c:33:19 punctuator !=
builtin_func_double2.c:33:22 identifier y_int
builtin_func_double2.c:33:27 punctuator )
builtin_func_double2.c:34:5 keyword return
builtin_func_double2.c:34:12 constant 1
builtin_func_double2.c:34:13 punctuator ;
builtin_func_double2.c:35:3 keyword if
builtin_func_double2.c:35:6 punctuator (
builtin_func_double2.c:35:7 identifier any_zero
builtin_func_double2.c:35:16 punctuator !=
builtin_func_double2.c:35:19 identifier y_int2
builtin_func_double2.c:35:25 punctuator )
builtin_func_double2.c:36:5 keyword return
builtin_func_double2.c:36:12 constant 2
builtin_func_double2.c:36:13 punctuator ;
builtin_func_double2.c:39:3 identifier all_zero
builtin_func_double2.c:39:12 punctuator =
builtin_func_double2.c:39:14 constant 0
builtin_func_double2.c:39:15 punctuator ;
builtin_func_double2.c:40:3 identifier all_nonzero
builtin_func_double2.c:40:15 punctuator =
builtin_func_double2.c:40:17 constant 0
builtin_func_double2.c:40:18 punctuator ;
builtin_func_double2.c:41:3 keyword for
builtin_func_double2.c:41:7 punctuator (
builtin_func_double2.c:41:8 identifier ii
builtin_func_double2.c:41:11 punctuator =
builtin_func_double2.c:41:13 constant 0
builtin_func_double2.c:41:14 punctuator ;
builtin_func_double2.c:41:16 identifier ii
builtin_func_double2.c:41:19 punctuator <
builtin_func_double2.c:41:21 constant 100
builtin_func_double2.c:41:24 punctuator ;
builtin_func_double2.c:41:26 identifier ii
builtin_func_double2.c:41:28 punctuator ++
builtin_func_double2.c:41:30 punctuator )
builtin_func_double2.c:42:5 punctuator {
builtin_func_double2.c:43:7 keyword if
builtin_func_double2.c:43:10 punctuator (
builtin_func_double2.c:43:11 punctuator (
builtin_func_double2.c:43:12 punctuator (
builtin_func_double2.c:43:13 identifier array3
builtin_func_double2.c:43:19 punctuator [
builtin_func_double2.c:43:20 identifier ii
builtin_func_double2.c:43:22 punctuator ]
builtin_func_double2.c:43:24 punctuator +
builtin_func_double2.c:43:26 identifier array4
builtin_func_double2.c:43:32 punctuator [
builtin_func_double2.c:43:33 identifier ii
builtin_func_double2.c:43:35 punctuator ]
builtin_func_double2.c:43:36 punctuator )
builtin_func_double2.c:43:38 punctuator *
builtin_func_double2.c:43:40 punctuator (
builtin_func_double2.c:43:41 identifier argc
builtin_func_double2.c:43:45 punctuator -
builtin_func_double2.c:43:46 constant 1
builtin_func_double2.c:43:47 punctuator )
builtin_func_double2.c:43:48 punctuator )
builtin_func_double2.c:43:50 punctuator ==
builtin_func_double2.c:43:53 constant 0
builtin_func_double2.c:43:54 punctuator )
builtin_func_double2.c:44:2 identifier all_zero
builtin_func_double2.c:44:11 punctuator =
builtin_func_double2.c:44:13 constant 1
builtin_func_double2.c:44:14 punctuator ;
builtin_func_double2.c:45:7 keyword else
builtin_func_double2.c:46:2 identifier all_nonzero
builtin_func_double2.c:46:14 punctuator =
builtin_func_double2.c:46:16 constant 1
builtin_func_double2.c:46:17 punctuator ;
builtin_func_double2.c:47:5 punctuator }
builtin_func_double2.c:49:3 keyword if
builtin_func_double2.c:49:6 punctuator (
builtin_func_double2.c:49:7 identifier y
builtin_func_double2.c:49:9 punctuator !=
builtin_func_double2.c:49:12 identifier all_nonzero
builtin_func_double2.c:49:23 punctuator )
builtin_func_double2.c:50:5 keyword return
builtin_func_double2.c:50:12 constant 3
builtin_func_double2.c:50:13 punctuator ;
builtin_func_double2.c:51:3 keyword if
builtin_func_double2.c:51:6 punctuator (
builtin_func_double2.c:51:7 identifier all_zero
builtin_func_double2.c:51:16 punctuator !=
builtin_func_double2.c:51:19 identifier y2
builtin_func_double2.c:51:21 punctuator )
builtin_func_double2.c:52:5 keyword return
builtin_func_double2.c:52:12 constant 4
builtin_func_double2.c:52:13 punctuator ;
builtin_func_double2.c:53:3 keyword return
builtin_func_double2.c:53:10 constant 0
builtin_func_double2.c:53:11 punctuator ;
builtin_func_double2.c:54:1 punctuator }
