0
compare-rel-dfp.c:6:1 keyword int
compare-rel-dfp.c:6:5 identifier failures
compare-rel-dfp.c:6:13 punctuator ;
compare-rel-dfp.c:8:1 identifier _Decimal32
compare-rel-dfp.c:8:12 identifier d32
compare-rel-dfp.c:8:15 punctuator ;
compare-rel-dfp.c:9:1 identifier _Decimal64
compare-rel-dfp.c:9:12 identifier d64
compare-rel-dfp.c:9:15 punctuator ;
compare-rel-dfp.c:10:1 identifier _Decimal128
compare-rel-dfp.c:10:13 identifier d128
compare-rel-dfp.c:10:17 punctuator ;
compare-rel-dfp.c:13:1 keyword typedef
compare-rel-dfp.c:13:9 identifier _Decimal32
compare-rel-dfp.c:13:20 identifier SDtype
compare-rel-dfp.c:13:26 punctuator ;
compare-rel-dfp.c:14:1 keyword typedef
compare-rel-dfp.c:14:9 identifier _Decimal64
compare-rel-dfp.c:14:20 identifier DDtype
compare-rel-dfp.c:14:26 punctuator ;
compare-rel-dfp.c:15:1 keyword typedef
compare-rel-dfp.c:15:9 identifier _Decimal128
compare-rel-dfp.c:15:21 identifier TDtype
compare-rel-dfp.c:15:27 punctuator ;
compare-rel-dfp.c:17:1 identifier SDtype
compare-rel-dfp.c:17:8 identifier d32b
compare-rel-dfp.c:17:12 punctuator ;
compare-rel-dfp.c:18:1 identifier DDtype
compare-rel-dfp.c:18:8 identifier d64b
compare-rel-dfp.c:18:12 punctuator ;
compare-rel-dfp.c:19:1 identifier TDtype
compare-rel-dfp.c:19:8 identifier d128b
compare-rel-dfp.c:19:13 punctuator ;
compare-rel-dfp.c:21:1 keyword void
compare-rel-dfp.c:22:1 identifier inits
compare-rel-dfp.c:22:7 punctuator (
compare-rel-dfp.c:22:8 keyword void
compare-rel-dfp.c:22:12 punctuator )
compare-rel-dfp.c:23:1 punctuator {
compare-rel-dfp.c:24:3 identifier d32
compare-rel-dfp.c:24:7 punctuator =
compare-rel-dfp.c:24:9 constant 1.0df
compare-rel-dfp.c:24:14 punctuator ;
compare-rel-dfp.c:25:3 identifier d64
compare-rel-dfp.c:25:7 punctuator =
compare-rel-dfp.c:25:9 constant 3.0dd
compare-rel-dfp.c:25:14 punctuator ;
compare-rel-dfp.c:26:3 identifier d128
compare-rel-dfp.c:26:8 punctuator =
compare-rel-dfp.c:26:10 constant 5.0dl
compare-rel-dfp.c:26:15 punctuator ;
compare-rel-dfp.c:27:3 identifier d32b
compare-rel-dfp.c:27:8 punctuator =
compare-rel-dfp.c:27:10 punctuator -
compare-rel-dfp.c:27:11 constant 1.0df
compare-rel-dfp.c:27:16 punctuator ;
compare-rel-dfp.c:28:3 identifier d64b
compare-rel-dfp.c:28:8 punctuator =
compare-rel-dfp.c:28:10 punctuator -
compare-rel-dfp.c:28:11 constant 4.0dd
compare-rel-dfp.c:28:16 punctuator ;
compare-rel-dfp.c:29:3 identifier d128b
compare-rel-dfp.c:29:9 punctuator =
compare-rel-dfp.c:29:11 punctuator -
compare-rel-dfp.c:29:12 constant 6.0dl
compare-rel-dfp.c:29:17 punctuator ;
compare-rel-dfp.c:30:1 punctuator }
compare-rel-dfp.c:32:1 keyword void
compare-rel-dfp.c:33:1 identifier compare_dfp
compare-rel-dfp.c:33:13 punctuator (
compare-rel-dfp.c:33:14 keyword void
compare-rel-dfp.c:33:18 punctuator )
compare-rel-dfp.c:34:1 punctuator {
compare-rel-dfp.c:35:3 keyword if
compare-rel-dfp.c:35:6 punctuator (
compare-rel-dfp.c:35:7 punctuator (
compare-rel-dfp.c:35:8 identifier d32
compare-rel-dfp.c:35:12 punctuator >
compare-rel-dfp.c:35:14 identifier d64
compare-rel-dfp.c:35:17 punctuator )
compare-rel-dfp.c:35:19 punctuator !=
compare-rel-dfp.c:35:22 constant 0
compare-rel-dfp.c:35:23 punctuator )
compare-rel-dfp.c:35:25 identifier __builtin_abort
compare-rel-dfp.c:35:41 punctuator (
compare-rel-dfp.c:35:42 punctuator )
compare-rel-dfp.c:35:43 punctuator ;
compare-rel-dfp.c:36:3 keyword if
compare-rel-dfp.c:36:6 punctuator (
compare-rel-dfp.c:36:7 punctuator (
compare-rel-dfp.c:36:8 identifier d32
compare-rel-dfp.c:36:12 punctuator >=
compare-rel-dfp.c:36:15 identifier d128b
compare-rel-dfp.c:36:20 punctuator )
compare-rel-dfp.c:36:22 punctuator !=
compare-rel-dfp.c:36:25 constant 1
compare-rel-dfp.c:36:26 punctuator )
compare-rel-dfp.c:36:28 identifier __builtin_abort
compare-rel-dfp.c:36:44 punctuator (
compare-rel-dfp.c:36:45 punctuator )
compare-rel-dfp.c:36:46 punctuator ;
compare-rel-dfp.c:38:3 keyword if
compare-rel-dfp.c:38:6 punctuator (
compare-rel-dfp.c:38:7 punctuator (
compare-rel-dfp.c:38:8 identifier d64
compare-rel-dfp.c:38:12 punctuator <
compare-rel-dfp.c:38:14 identifier d32
compare-rel-dfp.c:38:17 punctuator )
compare-rel-dfp.c:38:19 punctuator !=
compare-rel-dfp.c:38:22 constant 0
compare-rel-dfp.c:38:23 punctuator )
compare-rel-dfp.c:38:25 identifier __builtin_abort
compare-rel-dfp.c:38:41 punctuator (
compare-rel-dfp.c:38:42 punctuator )
compare-rel-dfp.c:38:43 punctuator ;
compare-rel-dfp.c:39:3 keyword if
compare-rel-dfp.c:39:6 punctuator (
compare-rel-dfp.c:39:7 punctuator (
compare-rel-dfp.c:39:8 identifier d64
compare-rel-dfp.c:39:12 punctuator <=
compare-rel-dfp.c:39:15 identifier d128
compare-rel-dfp.c:39:19 punctuator )
compare-rel-dfp.c:39:21 punctuator !=
compare-rel-dfp.c:39:24 constant 1
compare-rel-dfp.c:39:25 punctuator )
compare-rel-dfp.c:39:27 identifier __builtin_abort
compare-rel-dfp.c:39:43 punctuator (
compare-rel-dfp.c:39:44 punctuator )
compare-rel-dfp.c:39:45 punctuator ;
compare-rel-dfp.c:41:3 keyword if
compare-rel-dfp.c:41:6 punctuator (
compare-rel-dfp.c:41:7 punctuator (
compare-rel-dfp.c:41:8 identifier d128
compare-rel-dfp.c:41:13 punctuator >
compare-rel-dfp.c:41:15 identifier d32
compare-rel-dfp.c:41:18 punctuator )
compare-rel-dfp.c:41:20 punctuator !=
compare-rel-dfp.c:41:23 constant 1
compare-rel-dfp.c:41:24 punctuator )
compare-rel-dfp.c:41:26 identifier __builtin_abort
compare-rel-dfp.c:41:42 punctuator (
compare-rel-dfp.c:41:43 punctuator )
compare-rel-dfp.c:41:44 punctuator ;
compare-rel-dfp.c:42:3 keyword if
compare-rel-dfp.c:42:6 punctuator (
compare-rel-dfp.c:42:7 punctuator (
compare-rel-dfp.c:42:8 identifier d128
compare-rel-dfp.c:42:13 punctuator >=
compare-rel-dfp.c:42:16 identifier d64
compare-rel-dfp.c:42:19 punctuator )
compare-rel-dfp.c:42:21 punctuator !=
compare-rel-dfp.c:42:24 constant 1
compare-rel-dfp.c:42:25 punctuator )
compare-rel-dfp.c:42:27 identifier __builtin_abort
compare-rel-dfp.c:42:43 punctuator (
compare-rel-dfp.c:42:44 punctuator )
compare-rel-dfp.c:42:45 punctuator ;
compare-rel-dfp.c:43:1 punctuator }
compare-rel-dfp.c:45:1 keyword int
compare-rel-dfp.c:46:1 identifier main
compare-rel-dfp.c:46:6 punctuator (
compare-rel-dfp.c:46:7 punctuator )
compare-rel-dfp.c:47:1 punctuator {
compare-rel-dfp.c:48:3 identifier inits
compare-rel-dfp.c:48:9 punctuator (
compare-rel-dfp.c:48:10 punctuator )
compare-rel-dfp.c:48:11 punctuator ;
compare-rel-dfp.c:50:3 identifier compare_dfp
compare-rel-dfp.c:50:15 punctuator (
compare-rel-dfp.c:50:16 punctuator )
compare-rel-dfp.c:50:17 punctuator ;
compare-rel-dfp.c:52:3 keyword return
compare-rel-dfp.c:52:10 constant 0
compare-rel-dfp.c:52:11 punctuator ;
compare-rel-dfp.c:53:1 punctuator }
