0
convert-bfp-12.c:4:1 keyword int
convert-bfp-12.c:4:5 identifier failures
convert-bfp-12.c:4:13 punctuator ;
convert-bfp-12.c:6:1 keyword volatile
convert-bfp-12.c:6:10 keyword float
convert-bfp-12.c:6:16 identifier f
convert-bfp-12.c:6:18 punctuator =
convert-bfp-12.c:6:20 identifier __builtin_inff
convert-bfp-12.c:6:35 punctuator (
convert-bfp-12.c:6:36 punctuator )
convert-bfp-12.c:6:37 punctuator ;
convert-bfp-12.c:7:1 keyword volatile
convert-bfp-12.c:7:10 identifier _Decimal32
convert-bfp-12.c:7:21 identifier d32
convert-bfp-12.c:7:25 punctuator =
convert-bfp-12.c:7:27 constant 1e40DF
convert-bfp-12.c:7:33 punctuator ;
convert-bfp-12.c:9:1 keyword int
convert-bfp-12.c:10:1 identifier main
convert-bfp-12.c:10:6 punctuator (
convert-bfp-12.c:10:7 keyword void
convert-bfp-12.c:10:11 punctuator )
convert-bfp-12.c:11:1 punctuator {
convert-bfp-12.c:12:3 keyword if
convert-bfp-12.c:12:6 punctuator (
convert-bfp-12.c:12:7 punctuator (
convert-bfp-12.c:12:8 keyword double
convert-bfp-12.c:12:14 punctuator )
convert-bfp-12.c:12:16 identifier f
convert-bfp-12.c:12:18 punctuator ==
convert-bfp-12.c:12:21 punctuator (
convert-bfp-12.c:12:22 keyword double
convert-bfp-12.c:12:28 punctuator )
convert-bfp-12.c:12:30 identifier d32
convert-bfp-12.c:12:33 punctuator )
convert-bfp-12.c:13:5 identifier __builtin_abort
convert-bfp-12.c:13:21 punctuator (
convert-bfp-12.c:13:22 punctuator )
convert-bfp-12.c:13:23 punctuator ;
convert-bfp-12.c:15:3 keyword return
convert-bfp-12.c:15:10 constant 0
convert-bfp-12.c:15:11 punctuator ;
convert-bfp-12.c:16:1 punctuator }
