0
convert-bfp-7.c:7:1 keyword int
convert-bfp-7.c:7:5 identifier failures
convert-bfp-7.c:7:13 punctuator ;
convert-bfp-7.c:9:1 keyword volatile
convert-bfp-7.c:9:10 identifier _Decimal32
convert-bfp-7.c:9:21 identifier sd
convert-bfp-7.c:9:23 punctuator ;
convert-bfp-7.c:10:1 keyword volatile
convert-bfp-7.c:10:10 identifier _Decimal64
convert-bfp-7.c:10:21 identifier dd
convert-bfp-7.c:10:23 punctuator ;
convert-bfp-7.c:11:1 keyword volatile
convert-bfp-7.c:11:10 identifier _Decimal128
convert-bfp-7.c:11:22 identifier td
convert-bfp-7.c:11:24 punctuator ;
convert-bfp-7.c:12:1 keyword volatile
convert-bfp-7.c:12:10 keyword float
convert-bfp-7.c:12:16 identifier sf
convert-bfp-7.c:12:18 punctuator ;
convert-bfp-7.c:13:1 keyword volatile
convert-bfp-7.c:13:10 keyword double
convert-bfp-7.c:13:17 identifier df
convert-bfp-7.c:13:19 punctuator ;
convert-bfp-7.c:16:1 keyword void
convert-bfp-7.c:16:6 identifier convert_301
convert-bfp-7.c:16:18 punctuator (
convert-bfp-7.c:16:19 keyword void
convert-bfp-7.c:16:23 punctuator )
convert-bfp-7.c:16:25 punctuator {
convert-bfp-7.c:16:27 punctuator ;
convert-bfp-7.c:16:29 identifier sd
convert-bfp-7.c:16:32 punctuator =
convert-bfp-7.c:16:34 constant 4.e+38df
convert-bfp-7.c:16:42 punctuator ;
convert-bfp-7.c:16:44 identifier sf
convert-bfp-7.c:16:47 punctuator =
convert-bfp-7.c:16:49 identifier sd
convert-bfp-7.c:16:51 punctuator ;
convert-bfp-7.c:16:53 keyword if
convert-bfp-7.c:16:56 punctuator (
convert-bfp-7.c:16:57 identifier __builtin_isinff
convert-bfp-7.c:16:74 punctuator (
convert-bfp-7.c:16:75 identifier sf
convert-bfp-7.c:16:77 punctuator )
convert-bfp-7.c:16:79 punctuator ==
convert-bfp-7.c:16:82 constant 0
convert-bfp-7.c:16:83 punctuator )
convert-bfp-7.c:16:85 identifier __builtin_abort
convert-bfp-7.c:16:101 punctuator (
convert-bfp-7.c:16:102 punctuator )
convert-bfp-7.c:16:103 punctuator ;
convert-bfp-7.c:16:104 punctuator ;
convert-bfp-7.c:16:106 keyword if
convert-bfp-7.c:16:109 punctuator (
convert-bfp-7.c:16:110 identifier __builtin_signbitf
convert-bfp-7.c:16:129 punctuator (
convert-bfp-7.c:16:130 identifier sf
convert-bfp-7.c:16:132 punctuator )
convert-bfp-7.c:16:134 punctuator !=
convert-bfp-7.c:16:137 constant 0
convert-bfp-7.c:16:138 punctuator )
convert-bfp-7.c:16:140 identifier __builtin_abort
convert-bfp-7.c:16:156 punctuator (
convert-bfp-7.c:16:157 punctuator )
convert-bfp-7.c:16:158 punctuator ;
convert-bfp-7.c:16:159 punctuator ;
convert-bfp-7.c:16:161 punctuator }
convert-bfp-7.c:17:1 keyword void
convert-bfp-7.c:17:6 identifier convert_303
convert-bfp-7.c:17:18 punctuator (
convert-bfp-7.c:17:19 keyword void
convert-bfp-7.c:17:23 punctuator )
convert-bfp-7.c:17:25 punctuator {
convert-bfp-7.c:17:27 punctuator ;
convert-bfp-7.c:17:29 identifier dd
convert-bfp-7.c:17:32 punctuator =
convert-bfp-7.c:17:34 constant 4.e+38dd
convert-bfp-7.c:17:42 punctuator ;
convert-bfp-7.c:17:44 identifier sf
convert-bfp-7.c:17:47 punctuator =
convert-bfp-7.c:17:49 identifier dd
convert-bfp-7.c:17:51 punctuator ;
convert-bfp-7.c:17:53 keyword if
convert-bfp-7.c:17:56 punctuator (
convert-bfp-7.c:17:57 identifier __builtin_isinff
convert-bfp-7.c:17:74 punctuator (
convert-bfp-7.c:17:75 identifier sf
convert-bfp-7.c:17:77 punctuator )
convert-bfp-7.c:17:79 punctuator ==
convert-bfp-7.c:17:82 constant 0
convert-bfp-7.c:17:83 punctuator )
convert-bfp-7.c:17:85 identifier __builtin_abort
convert-bfp-7.c:17:101 punctuator (
convert-bfp-7.c:17:102 punctuator )
convert-bfp-7.c:17:103 punctuator ;
convert-bfp-7.c:17:104 punctuator ;
convert-bfp-7.c:17:106 keyword if
convert-bfp-7.c:17:109 punctuator (
convert-bfp-7.c:17:110 identifier __builtin_signbitf
convert-bfp-7.c:17:129 punctuator (
convert-bfp-7.c:17:130 identifier sf
convert-bfp-7.c:17:132 punctuator )
convert-bfp-7.c:17:134 punctuator !=
convert-bfp-7.c:17:137 constant 0
convert-bfp-7.c:17:138 punctuator )
convert-bfp-7.c:17:140 identifier __builtin_abort
convert-bfp-7.c:17:156 punctuator (
convert-bfp-7.c:17:157 punctuator )
convert-bfp-7.c:17:158 punctuator ;
convert-bfp-7.c:17:159 punctuator ;
convert-bfp-7.c:17:161 punctuator }
convert-bfp-7.c:18:1 keyword void
convert-bfp-7.c:18:6 identifier convert_302
convert-bfp-7.c:18:18 punctuator (
convert-bfp-7.c:18:19 keyword void
convert-bfp-7.c:18:23 punctuator )
convert-bfp-7.c:18:25 punctuator {
convert-bfp-7.c:18:27 punctuator ;
convert-bfp-7.c:18:29 identifier sd
convert-bfp-7.c:18:32 punctuator =
convert-bfp-7.c:18:34 constant 9.9e+384df
convert-bfp-7.c:18:44 punctuator ;
convert-bfp-7.c:18:46 identifier sf
convert-bfp-7.c:18:49 punctuator =
convert-bfp-7.c:18:51 identifier sd
convert-bfp-7.c:18:53 punctuator ;
convert-bfp-7.c:18:55 keyword if
convert-bfp-7.c:18:58 punctuator (
convert-bfp-7.c:18:59 identifier __builtin_isinff
convert-bfp-7.c:18:76 punctuator (
convert-bfp-7.c:18:77 identifier sf
convert-bfp-7.c:18:79 punctuator )
convert-bfp-7.c:18:81 punctuator ==
convert-bfp-7.c:18:84 constant 0
convert-bfp-7.c:18:85 punctuator )
convert-bfp-7.c:18:87 identifier __builtin_abort
convert-bfp-7.c:18:103 punctuator (
convert-bfp-7.c:18:104 punctuator )
convert-bfp-7.c:18:105 punctuator ;
convert-bfp-7.c:18:106 punctuator ;
convert-bfp-7.c:18:108 keyword if
convert-bfp-7.c:18:111 punctuator (
convert-bfp-7.c:18:112 identifier __builtin_signbitf
convert-bfp-7.c:18:131 punctuator (
convert-bfp-7.c:18:132 identifier sf
convert-bfp-7.c:18:134 punctuator )
convert-bfp-7.c:18:136 punctuator !=
convert-bfp-7.c:18:139 constant 0
convert-bfp-7.c:18:140 punctuator )
convert-bfp-7.c:18:142 identifier __builtin_abort
convert-bfp-7.c:18:158 punctuator (
convert-bfp-7.c:18:159 punctuator )
convert-bfp-7.c:18:160 punctuator ;
convert-bfp-7.c:18:161 punctuator ;
convert-bfp-7.c:18:163 punctuator }
convert-bfp-7.c:19:1 keyword void
convert-bfp-7.c:19:6 identifier convert_304
convert-bfp-7.c:19:18 punctuator (
convert-bfp-7.c:19:19 keyword void
convert-bfp-7.c:19:23 punctuator )
convert-bfp-7.c:19:25 punctuator {
convert-bfp-7.c:19:27 punctuator ;
convert-bfp-7.c:19:29 identifier dd
convert-bfp-7.c:19:32 punctuator =
convert-bfp-7.c:19:34 constant 9.9e+384dd
convert-bfp-7.c:19:44 punctuator ;
convert-bfp-7.c:19:46 identifier sf
convert-bfp-7.c:19:49 punctuator =
convert-bfp-7.c:19:51 identifier dd
convert-bfp-7.c:19:53 punctuator ;
convert-bfp-7.c:19:55 keyword if
convert-bfp-7.c:19:58 punctuator (
convert-bfp-7.c:19:59 identifier __builtin_isinff
convert-bfp-7.c:19:76 punctuator (
convert-bfp-7.c:19:77 identifier sf
convert-bfp-7.c:19:79 punctuator )
convert-bfp-7.c:19:81 punctuator ==
convert-bfp-7.c:19:84 constant 0
convert-bfp-7.c:19:85 punctuator )
convert-bfp-7.c:19:87 identifier __builtin_abort
convert-bfp-7.c:19:103 punctuator (
convert-bfp-7.c:19:104 punctuator )
convert-bfp-7.c:19:105 punctuator ;
convert-bfp-7.c:19:106 punctuator ;
convert-bfp-7.c:19:108 keyword if
convert-bfp-7.c:19:111 punctuator (
convert-bfp-7.c:19:112 identifier __builtin_signbitf
convert-bfp-7.c:19:131 punctuator (
convert-bfp-7.c:19:132 identifier sf
convert-bfp-7.c:19:134 punctuator )
convert-bfp-7.c:19:136 punctuator !=
convert-bfp-7.c:19:139 constant 0
convert-bfp-7.c:19:140 punctuator )
convert-bfp-7.c:19:142 identifier __builtin_abort
convert-bfp-7.c:19:158 punctuator (
convert-bfp-7.c:19:159 punctuator )
convert-bfp-7.c:19:160 punctuator ;
convert-bfp-7.c:19:161 punctuator ;
convert-bfp-7.c:19:163 punctuator }
convert-bfp-7.c:20:1 keyword void
convert-bfp-7.c:20:6 identifier convert_305
convert-bfp-7.c:20:18 punctuator (
convert-bfp-7.c:20:19 keyword void
convert-bfp-7.c:20:23 punctuator )
convert-bfp-7.c:20:25 punctuator {
convert-bfp-7.c:20:27 punctuator ;
convert-bfp-7.c:20:29 identifier td
convert-bfp-7.c:20:32 punctuator =
convert-bfp-7.c:20:34 constant 4.e+38dl
convert-bfp-7.c:20:42 punctuator ;
convert-bfp-7.c:20:44 identifier sf
convert-bfp-7.c:20:47 punctuator =
convert-bfp-7.c:20:49 identifier td
convert-bfp-7.c:20:51 punctuator ;
convert-bfp-7.c:20:53 keyword if
convert-bfp-7.c:20:56 punctuator (
convert-bfp-7.c:20:57 identifier __builtin_isinff
convert-bfp-7.c:20:74 punctuator (
convert-bfp-7.c:20:75 identifier sf
convert-bfp-7.c:20:77 punctuator )
convert-bfp-7.c:20:79 punctuator ==
convert-bfp-7.c:20:82 constant 0
convert-bfp-7.c:20:83 punctuator )
convert-bfp-7.c:20:85 identifier __builtin_abort
convert-bfp-7.c:20:101 punctuator (
convert-bfp-7.c:20:102 punctuator )
convert-bfp-7.c:20:103 punctuator ;
convert-bfp-7.c:20:104 punctuator ;
convert-bfp-7.c:20:106 keyword if
convert-bfp-7.c:20:109 punctuator (
convert-bfp-7.c:20:110 identifier __builtin_signbitf
convert-bfp-7.c:20:129 punctuator (
convert-bfp-7.c:20:130 identifier sf
convert-bfp-7.c:20:132 punctuator )
convert-bfp-7.c:20:134 punctuator !=
convert-bfp-7.c:20:137 constant 0
convert-bfp-7.c:20:138 punctuator )
convert-bfp-7.c:20:140 identifier __builtin_abort
convert-bfp-7.c:20:156 punctuator (
convert-bfp-7.c:20:157 punctuator )
convert-bfp-7.c:20:158 punctuator ;
convert-bfp-7.c:20:159 punctuator ;
convert-bfp-7.c:20:161 punctuator }
convert-bfp-7.c:21:1 keyword void
convert-bfp-7.c:21:6 identifier convert_306
convert-bfp-7.c:21:18 punctuator (
convert-bfp-7.c:21:19 keyword void
convert-bfp-7.c:21:23 punctuator )
convert-bfp-7.c:21:25 punctuator {
convert-bfp-7.c:21:27 punctuator ;
convert-bfp-7.c:21:29 identifier td
convert-bfp-7.c:21:32 punctuator =
convert-bfp-7.c:21:34 constant 1.e+39dl
convert-bfp-7.c:21:42 punctuator ;
convert-bfp-7.c:21:44 identifier sf
convert-bfp-7.c:21:47 punctuator =
convert-bfp-7.c:21:49 identifier td
convert-bfp-7.c:21:51 punctuator ;
convert-bfp-7.c:21:53 keyword if
convert-bfp-7.c:21:56 punctuator (
convert-bfp-7.c:21:57 identifier __builtin_isinff
convert-bfp-7.c:21:74 punctuator (
convert-bfp-7.c:21:75 identifier sf
convert-bfp-7.c:21:77 punctuator )
convert-bfp-7.c:21:79 punctuator ==
convert-bfp-7.c:21:82 constant 0
convert-bfp-7.c:21:83 punctuator )
convert-bfp-7.c:21:85 identifier __builtin_abort
convert-bfp-7.c:21:101 punctuator (
convert-bfp-7.c:21:102 punctuator )
convert-bfp-7.c:21:103 punctuator ;
convert-bfp-7.c:21:104 punctuator ;
convert-bfp-7.c:21:106 keyword if
convert-bfp-7.c:21:109 punctuator (
convert-bfp-7.c:21:110 identifier __builtin_signbitf
convert-bfp-7.c:21:129 punctuator (
convert-bfp-7.c:21:130 identifier sf
convert-bfp-7.c:21:132 punctuator )
convert-bfp-7.c:21:134 punctuator !=
convert-bfp-7.c:21:137 constant 0
convert-bfp-7.c:21:138 punctuator )
convert-bfp-7.c:21:140 identifier __builtin_abort
convert-bfp-7.c:21:156 punctuator (
convert-bfp-7.c:21:157 punctuator )
convert-bfp-7.c:21:158 punctuator ;
convert-bfp-7.c:21:159 punctuator ;
convert-bfp-7.c:21:161 punctuator }
convert-bfp-7.c:22:1 keyword void
convert-bfp-7.c:22:6 identifier convert_311
convert-bfp-7.c:22:18 punctuator (
convert-bfp-7.c:22:19 keyword void
convert-bfp-7.c:22:23 punctuator )
convert-bfp-7.c:22:25 punctuator {
convert-bfp-7.c:22:27 punctuator ;
convert-bfp-7.c:22:29 identifier sd
convert-bfp-7.c:22:32 punctuator =
convert-bfp-7.c:22:34 punctuator -
convert-bfp-7.c:22:35 constant 4.e+38df
convert-bfp-7.c:22:43 punctuator ;
convert-bfp-7.c:22:45 identifier sf
convert-bfp-7.c:22:48 punctuator =
convert-bfp-7.c:22:50 identifier sd
convert-bfp-7.c:22:52 punctuator ;
convert-bfp-7.c:22:54 keyword if
convert-bfp-7.c:22:57 punctuator (
convert-bfp-7.c:22:58 identifier __builtin_isinff
convert-bfp-7.c:22:75 punctuator (
convert-bfp-7.c:22:76 identifier sf
convert-bfp-7.c:22:78 punctuator )
convert-bfp-7.c:22:80 punctuator ==
convert-bfp-7.c:22:83 constant 0
convert-bfp-7.c:22:84 punctuator )
convert-bfp-7.c:22:86 identifier __builtin_abort
convert-bfp-7.c:22:102 punctuator (
convert-bfp-7.c:22:103 punctuator )
convert-bfp-7.c:22:104 punctuator ;
convert-bfp-7.c:22:105 punctuator ;
convert-bfp-7.c:22:107 keyword if
convert-bfp-7.c:22:110 punctuator (
convert-bfp-7.c:22:111 identifier __builtin_signbitf
convert-bfp-7.c:22:130 punctuator (
convert-bfp-7.c:22:131 identifier sf
convert-bfp-7.c:22:133 punctuator )
convert-bfp-7.c:22:135 punctuator ==
convert-bfp-7.c:22:138 constant 0
convert-bfp-7.c:22:139 punctuator )
convert-bfp-7.c:22:141 identifier __builtin_abort
convert-bfp-7.c:22:157 punctuator (
convert-bfp-7.c:22:158 punctuator )
convert-bfp-7.c:22:159 punctuator ;
convert-bfp-7.c:22:160 punctuator ;
convert-bfp-7.c:22:162 punctuator }
convert-bfp-7.c:23:1 keyword void
convert-bfp-7.c:23:6 identifier convert_312
convert-bfp-7.c:23:18 punctuator (
convert-bfp-7.c:23:19 keyword void
convert-bfp-7.c:23:23 punctuator )
convert-bfp-7.c:23:25 punctuator {
convert-bfp-7.c:23:27 punctuator ;
convert-bfp-7.c:23:29 identifier dd
convert-bfp-7.c:23:32 punctuator =
convert-bfp-7.c:23:34 punctuator -
convert-bfp-7.c:23:35 constant 4.e+38dd
convert-bfp-7.c:23:43 punctuator ;
convert-bfp-7.c:23:45 identifier sf
convert-bfp-7.c:23:48 punctuator =
convert-bfp-7.c:23:50 identifier dd
convert-bfp-7.c:23:52 punctuator ;
convert-bfp-7.c:23:54 keyword if
convert-bfp-7.c:23:57 punctuator (
convert-bfp-7.c:23:58 identifier __builtin_isinff
convert-bfp-7.c:23:75 punctuator (
convert-bfp-7.c:23:76 identifier sf
convert-bfp-7.c:23:78 punctuator )
convert-bfp-7.c:23:80 punctuator ==
convert-bfp-7.c:23:83 constant 0
convert-bfp-7.c:23:84 punctuator )
convert-bfp-7.c:23:86 identifier __builtin_abort
convert-bfp-7.c:23:102 punctuator (
convert-bfp-7.c:23:103 punctuator )
convert-bfp-7.c:23:104 punctuator ;
convert-bfp-7.c:23:105 punctuator ;
convert-bfp-7.c:23:107 keyword if
convert-bfp-7.c:23:110 punctuator (
convert-bfp-7.c:23:111 identifier __builtin_signbitf
convert-bfp-7.c:23:130 punctuator (
convert-bfp-7.c:23:131 identifier sf
convert-bfp-7.c:23:133 punctuator )
convert-bfp-7.c:23:135 punctuator ==
convert-bfp-7.c:23:138 constant 0
convert-bfp-7.c:23:139 punctuator )
convert-bfp-7.c:23:141 identifier __builtin_abort
convert-bfp-7.c:23:157 punctuator (
convert-bfp-7.c:23:158 punctuator )
convert-bfp-7.c:23:159 punctuator ;
convert-bfp-7.c:23:160 punctuator ;
convert-bfp-7.c:23:162 punctuator }
convert-bfp-7.c:24:1 keyword void
convert-bfp-7.c:24:6 identifier convert_313
convert-bfp-7.c:24:18 punctuator (
convert-bfp-7.c:24:19 keyword void
convert-bfp-7.c:24:23 punctuator )
convert-bfp-7.c:24:25 punctuator {
convert-bfp-7.c:24:27 punctuator ;
convert-bfp-7.c:24:29 identifier sd
convert-bfp-7.c:24:32 punctuator =
convert-bfp-7.c:24:34 punctuator -
convert-bfp-7.c:24:35 constant 9.9e+384df
convert-bfp-7.c:24:45 punctuator ;
convert-bfp-7.c:24:47 identifier sf
convert-bfp-7.c:24:50 punctuator =
convert-bfp-7.c:24:52 identifier sd
convert-bfp-7.c:24:54 punctuator ;
convert-bfp-7.c:24:56 keyword if
convert-bfp-7.c:24:59 punctuator (
convert-bfp-7.c:24:60 identifier __builtin_isinff
convert-bfp-7.c:24:77 punctuator (
convert-bfp-7.c:24:78 identifier sf
convert-bfp-7.c:24:80 punctuator )
convert-bfp-7.c:24:82 punctuator ==
convert-bfp-7.c:24:85 constant 0
convert-bfp-7.c:24:86 punctuator )
convert-bfp-7.c:24:88 identifier __builtin_abort
convert-bfp-7.c:24:104 punctuator (
convert-bfp-7.c:24:105 punctuator )
convert-bfp-7.c:24:106 punctuator ;
convert-bfp-7.c:24:107 punctuator ;
convert-bfp-7.c:24:109 keyword if
convert-bfp-7.c:24:112 punctuator (
convert-bfp-7.c:24:113 identifier __builtin_signbitf
convert-bfp-7.c:24:132 punctuator (
convert-bfp-7.c:24:133 identifier sf
convert-bfp-7.c:24:135 punctuator )
convert-bfp-7.c:24:137 punctuator ==
convert-bfp-7.c:24:140 constant 0
convert-bfp-7.c:24:141 punctuator )
convert-bfp-7.c:24:143 identifier __builtin_abort
convert-bfp-7.c:24:159 punctuator (
convert-bfp-7.c:24:160 punctuator )
convert-bfp-7.c:24:161 punctuator ;
convert-bfp-7.c:24:162 punctuator ;
convert-bfp-7.c:24:164 punctuator }
convert-bfp-7.c:25:1 keyword void
convert-bfp-7.c:25:6 identifier convert_314
convert-bfp-7.c:25:18 punctuator (
convert-bfp-7.c:25:19 keyword void
convert-bfp-7.c:25:23 punctuator )
convert-bfp-7.c:25:25 punctuator {
convert-bfp-7.c:25:27 punctuator ;
convert-bfp-7.c:25:29 identifier dd
convert-bfp-7.c:25:32 punctuator =
convert-bfp-7.c:25:34 punctuator -
convert-bfp-7.c:25:35 constant 9.9e+384dd
convert-bfp-7.c:25:45 punctuator ;
convert-bfp-7.c:25:47 identifier sf
convert-bfp-7.c:25:50 punctuator =
convert-bfp-7.c:25:52 identifier dd
convert-bfp-7.c:25:54 punctuator ;
convert-bfp-7.c:25:56 keyword if
convert-bfp-7.c:25:59 punctuator (
convert-bfp-7.c:25:60 identifier __builtin_isinff
convert-bfp-7.c:25:77 punctuator (
convert-bfp-7.c:25:78 identifier sf
convert-bfp-7.c:25:80 punctuator )
convert-bfp-7.c:25:82 punctuator ==
convert-bfp-7.c:25:85 constant 0
convert-bfp-7.c:25:86 punctuator )
convert-bfp-7.c:25:88 identifier __builtin_abort
convert-bfp-7.c:25:104 punctuator (
convert-bfp-7.c:25:105 punctuator )
convert-bfp-7.c:25:106 punctuator ;
convert-bfp-7.c:25:107 punctuator ;
convert-bfp-7.c:25:109 keyword if
convert-bfp-7.c:25:112 punctuator (
convert-bfp-7.c:25:113 identifier __builtin_signbitf
convert-bfp-7.c:25:132 punctuator (
convert-bfp-7.c:25:133 identifier sf
convert-bfp-7.c:25:135 punctuator )
convert-bfp-7.c:25:137 punctuator ==
convert-bfp-7.c:25:140 constant 0
convert-bfp-7.c:25:141 punctuator )
convert-bfp-7.c:25:143 identifier __builtin_abort
convert-bfp-7.c:25:159 punctuator (
convert-bfp-7.c:25:160 punctuator )
convert-bfp-7.c:25:161 punctuator ;
convert-bfp-7.c:25:162 punctuator ;
convert-bfp-7.c:25:164 punctuator }
convert-bfp-7.c:26:1 keyword void
convert-bfp-7.c:26:6 identifier convert_315
convert-bfp-7.c:26:18 punctuator (
convert-bfp-7.c:26:19 keyword void
convert-bfp-7.c:26:23 punctuator )
convert-bfp-7.c:26:25 punctuator {
convert-bfp-7.c:26:27 punctuator ;
convert-bfp-7.c:26:29 identifier td
convert-bfp-7.c:26:32 punctuator =
convert-bfp-7.c:26:34 punctuator -
convert-bfp-7.c:26:35 constant 4.e+38dl
convert-bfp-7.c:26:43 punctuator ;
convert-bfp-7.c:26:45 identifier sf
convert-bfp-7.c:26:48 punctuator =
convert-bfp-7.c:26:50 identifier td
convert-bfp-7.c:26:52 punctuator ;
convert-bfp-7.c:26:54 keyword if
convert-bfp-7.c:26:57 punctuator (
convert-bfp-7.c:26:58 identifier __builtin_isinff
convert-bfp-7.c:26:75 punctuator (
convert-bfp-7.c:26:76 identifier sf
convert-bfp-7.c:26:78 punctuator )
convert-bfp-7.c:26:80 punctuator ==
convert-bfp-7.c:26:83 constant 0
convert-bfp-7.c:26:84 punctuator )
convert-bfp-7.c:26:86 identifier __builtin_abort
convert-bfp-7.c:26:102 punctuator (
convert-bfp-7.c:26:103 punctuator )
convert-bfp-7.c:26:104 punctuator ;
convert-bfp-7.c:26:105 punctuator ;
convert-bfp-7.c:26:107 keyword if
convert-bfp-7.c:26:110 punctuator (
convert-bfp-7.c:26:111 identifier __builtin_signbitf
convert-bfp-7.c:26:130 punctuator (
convert-bfp-7.c:26:131 identifier sf
convert-bfp-7.c:26:133 punctuator )
convert-bfp-7.c:26:135 punctuator ==
convert-bfp-7.c:26:138 constant 0
convert-bfp-7.c:26:139 punctuator )
convert-bfp-7.c:26:141 identifier __builtin_abort
convert-bfp-7.c:26:157 punctuator (
convert-bfp-7.c:26:158 punctuator )
convert-bfp-7.c:26:159 punctuator ;
convert-bfp-7.c:26:160 punctuator ;
convert-bfp-7.c:26:162 punctuator }
convert-bfp-7.c:27:1 keyword void
convert-bfp-7.c:27:6 identifier convert_316
convert-bfp-7.c:27:18 punctuator (
convert-bfp-7.c:27:19 keyword void
convert-bfp-7.c:27:23 punctuator )
convert-bfp-7.c:27:25 punctuator {
convert-bfp-7.c:27:27 punctuator ;
convert-bfp-7.c:27:29 identifier td
convert-bfp-7.c:27:32 punctuator =
convert-bfp-7.c:27:34 punctuator -
convert-bfp-7.c:27:35 constant 1.e+39dl
convert-bfp-7.c:27:43 punctuator ;
convert-bfp-7.c:27:45 identifier sf
convert-bfp-7.c:27:48 punctuator =
convert-bfp-7.c:27:50 identifier td
convert-bfp-7.c:27:52 punctuator ;
convert-bfp-7.c:27:54 keyword if
convert-bfp-7.c:27:57 punctuator (
convert-bfp-7.c:27:58 identifier __builtin_isinff
convert-bfp-7.c:27:75 punctuator (
convert-bfp-7.c:27:76 identifier sf
convert-bfp-7.c:27:78 punctuator )
convert-bfp-7.c:27:80 punctuator ==
convert-bfp-7.c:27:83 constant 0
convert-bfp-7.c:27:84 punctuator )
convert-bfp-7.c:27:86 identifier __builtin_abort
convert-bfp-7.c:27:102 punctuator (
convert-bfp-7.c:27:103 punctuator )
convert-bfp-7.c:27:104 punctuator ;
convert-bfp-7.c:27:105 punctuator ;
convert-bfp-7.c:27:107 keyword if
convert-bfp-7.c:27:110 punctuator (
convert-bfp-7.c:27:111 identifier __builtin_signbitf
convert-bfp-7.c:27:130 punctuator (
convert-bfp-7.c:27:131 identifier sf
convert-bfp-7.c:27:133 punctuator )
convert-bfp-7.c:27:135 punctuator ==
convert-bfp-7.c:27:138 constant 0
convert-bfp-7.c:27:139 punctuator )
convert-bfp-7.c:27:141 identifier __builtin_abort
convert-bfp-7.c:27:157 punctuator (
convert-bfp-7.c:27:158 punctuator )
convert-bfp-7.c:27:159 punctuator ;
convert-bfp-7.c:27:160 punctuator ;
convert-bfp-7.c:27:162 punctuator }
convert-bfp-7.c:29:1 keyword void
convert-bfp-7.c:29:6 identifier convert_321
convert-bfp-7.c:29:18 punctuator (
convert-bfp-7.c:29:19 keyword void
convert-bfp-7.c:29:23 punctuator )
convert-bfp-7.c:29:25 punctuator {
convert-bfp-7.c:29:27 punctuator ;
convert-bfp-7.c:29:29 identifier dd
convert-bfp-7.c:29:32 punctuator =
convert-bfp-7.c:29:34 constant 1.8e+308dd
convert-bfp-7.c:29:44 punctuator ;
convert-bfp-7.c:29:46 identifier df
convert-bfp-7.c:29:49 punctuator =
convert-bfp-7.c:29:51 identifier dd
convert-bfp-7.c:29:53 punctuator ;
convert-bfp-7.c:29:55 keyword if
convert-bfp-7.c:29:58 punctuator (
convert-bfp-7.c:29:59 identifier __builtin_isinf
convert-bfp-7.c:29:75 punctuator (
convert-bfp-7.c:29:76 identifier df
convert-bfp-7.c:29:78 punctuator )
convert-bfp-7.c:29:80 punctuator ==
convert-bfp-7.c:29:83 constant 0
convert-bfp-7.c:29:84 punctuator )
convert-bfp-7.c:29:86 identifier __builtin_abort
convert-bfp-7.c:29:102 punctuator (
convert-bfp-7.c:29:103 punctuator )
convert-bfp-7.c:29:104 punctuator ;
convert-bfp-7.c:29:105 punctuator ;
convert-bfp-7.c:29:107 keyword if
convert-bfp-7.c:29:110 punctuator (
convert-bfp-7.c:29:111 identifier __builtin_signbit
convert-bfp-7.c:29:129 punctuator (
convert-bfp-7.c:29:130 identifier df
convert-bfp-7.c:29:132 punctuator )
convert-bfp-7.c:29:134 punctuator !=
convert-bfp-7.c:29:137 constant 0
convert-bfp-7.c:29:138 punctuator )
convert-bfp-7.c:29:140 identifier __builtin_abort
convert-bfp-7.c:29:156 punctuator (
convert-bfp-7.c:29:157 punctuator )
convert-bfp-7.c:29:158 punctuator ;
convert-bfp-7.c:29:159 punctuator ;
convert-bfp-7.c:29:161 punctuator }
convert-bfp-7.c:30:1 keyword void
convert-bfp-7.c:30:6 identifier convert_322
convert-bfp-7.c:30:18 punctuator (
convert-bfp-7.c:30:19 keyword void
convert-bfp-7.c:30:23 punctuator )
convert-bfp-7.c:30:25 punctuator {
convert-bfp-7.c:30:27 punctuator ;
convert-bfp-7.c:30:29 identifier dd
convert-bfp-7.c:30:32 punctuator =
convert-bfp-7.c:30:34 constant 9.9e+384dd
convert-bfp-7.c:30:44 punctuator ;
convert-bfp-7.c:30:46 identifier df
convert-bfp-7.c:30:49 punctuator =
convert-bfp-7.c:30:51 identifier dd
convert-bfp-7.c:30:53 punctuator ;
convert-bfp-7.c:30:55 keyword if
convert-bfp-7.c:30:58 punctuator (
convert-bfp-7.c:30:59 identifier __builtin_isinf
convert-bfp-7.c:30:75 punctuator (
convert-bfp-7.c:30:76 identifier df
convert-bfp-7.c:30:78 punctuator )
convert-bfp-7.c:30:80 punctuator ==
convert-bfp-7.c:30:83 constant 0
convert-bfp-7.c:30:84 punctuator )
convert-bfp-7.c:30:86 identifier __builtin_abort
convert-bfp-7.c:30:102 punctuator (
convert-bfp-7.c:30:103 punctuator )
convert-bfp-7.c:30:104 punctuator ;
convert-bfp-7.c:30:105 punctuator ;
convert-bfp-7.c:30:107 keyword if
convert-bfp-7.c:30:110 punctuator (
convert-bfp-7.c:30:111 identifier __builtin_signbit
convert-bfp-7.c:30:129 punctuator (
convert-bfp-7.c:30:130 identifier df
convert-bfp-7.c:30:132 punctuator )
convert-bfp-7.c:30:134 punctuator !=
convert-bfp-7.c:30:137 constant 0
convert-bfp-7.c:30:138 punctuator )
convert-bfp-7.c:30:140 identifier __builtin_abort
convert-bfp-7.c:30:156 punctuator (
convert-bfp-7.c:30:157 punctuator )
convert-bfp-7.c:30:158 punctuator ;
convert-bfp-7.c:30:159 punctuator ;
convert-bfp-7.c:30:161 punctuator }
convert-bfp-7.c:31:1 keyword void
convert-bfp-7.c:31:6 identifier convert_323
convert-bfp-7.c:31:18 punctuator (
convert-bfp-7.c:31:19 keyword void
convert-bfp-7.c:31:23 punctuator )
convert-bfp-7.c:31:25 punctuator {
convert-bfp-7.c:31:27 punctuator ;
convert-bfp-7.c:31:29 identifier td
convert-bfp-7.c:31:32 punctuator =
convert-bfp-7.c:31:34 constant 1.8e+308dl
convert-bfp-7.c:31:44 punctuator ;
convert-bfp-7.c:31:46 identifier df
convert-bfp-7.c:31:49 punctuator =
convert-bfp-7.c:31:51 identifier td
convert-bfp-7.c:31:53 punctuator ;
convert-bfp-7.c:31:55 keyword if
convert-bfp-7.c:31:58 punctuator (
convert-bfp-7.c:31:59 identifier __builtin_isinf
convert-bfp-7.c:31:75 punctuator (
convert-bfp-7.c:31:76 identifier df
convert-bfp-7.c:31:78 punctuator )
convert-bfp-7.c:31:80 punctuator ==
convert-bfp-7.c:31:83 constant 0
convert-bfp-7.c:31:84 punctuator )
convert-bfp-7.c:31:86 identifier __builtin_abort
convert-bfp-7.c:31:102 punctuator (
convert-bfp-7.c:31:103 punctuator )
convert-bfp-7.c:31:104 punctuator ;
convert-bfp-7.c:31:105 punctuator ;
convert-bfp-7.c:31:107 keyword if
convert-bfp-7.c:31:110 punctuator (
convert-bfp-7.c:31:111 identifier __builtin_signbit
convert-bfp-7.c:31:129 punctuator (
convert-bfp-7.c:31:130 identifier df
convert-bfp-7.c:31:132 punctuator )
convert-bfp-7.c:31:134 punctuator !=
convert-bfp-7.c:31:137 constant 0
convert-bfp-7.c:31:138 punctuator )
convert-bfp-7.c:31:140 identifier __builtin_abort
convert-bfp-7.c:31:156 punctuator (
convert-bfp-7.c:31:157 punctuator )
convert-bfp-7.c:31:158 punctuator ;
convert-bfp-7.c:31:159 punctuator ;
convert-bfp-7.c:31:161 punctuator }
convert-bfp-7.c:32:1 keyword void
convert-bfp-7.c:32:6 identifier convert_324
convert-bfp-7.c:32:18 punctuator (
convert-bfp-7.c:32:19 keyword void
convert-bfp-7.c:32:23 punctuator )
convert-bfp-7.c:32:25 punctuator {
convert-bfp-7.c:32:27 punctuator ;
convert-bfp-7.c:32:29 identifier td
convert-bfp-7.c:32:32 punctuator =
convert-bfp-7.c:32:34 constant 9.9e+384dl
convert-bfp-7.c:32:44 punctuator ;
convert-bfp-7.c:32:46 identifier df
convert-bfp-7.c:32:49 punctuator =
convert-bfp-7.c:32:51 identifier td
convert-bfp-7.c:32:53 punctuator ;
convert-bfp-7.c:32:55 keyword if
convert-bfp-7.c:32:58 punctuator (
convert-bfp-7.c:32:59 identifier __builtin_isinf
convert-bfp-7.c:32:75 punctuator (
convert-bfp-7.c:32:76 identifier df
convert-bfp-7.c:32:78 punctuator )
convert-bfp-7.c:32:80 punctuator ==
convert-bfp-7.c:32:83 constant 0
convert-bfp-7.c:32:84 punctuator )
convert-bfp-7.c:32:86 identifier __builtin_abort
convert-bfp-7.c:32:102 punctuator (
convert-bfp-7.c:32:103 punctuator )
convert-bfp-7.c:32:104 punctuator ;
convert-bfp-7.c:32:105 punctuator ;
convert-bfp-7.c:32:107 keyword if
convert-bfp-7.c:32:110 punctuator (
convert-bfp-7.c:32:111 identifier __builtin_signbit
convert-bfp-7.c:32:129 punctuator (
convert-bfp-7.c:32:130 identifier df
convert-bfp-7.c:32:132 punctuator )
convert-bfp-7.c:32:134 punctuator !=
convert-bfp-7.c:32:137 constant 0
convert-bfp-7.c:32:138 punctuator )
convert-bfp-7.c:32:140 identifier __builtin_abort
convert-bfp-7.c:32:156 punctuator (
convert-bfp-7.c:32:157 punctuator )
convert-bfp-7.c:32:158 punctuator ;
convert-bfp-7.c:32:159 punctuator ;
convert-bfp-7.c:32:161 punctuator }
convert-bfp-7.c:33:1 keyword void
convert-bfp-7.c:33:6 identifier convert_325
convert-bfp-7.c:33:18 punctuator (
convert-bfp-7.c:33:19 keyword void
convert-bfp-7.c:33:23 punctuator )
convert-bfp-7.c:33:25 punctuator {
convert-bfp-7.c:33:27 punctuator ;
convert-bfp-7.c:33:29 identifier dd
convert-bfp-7.c:33:32 punctuator =
convert-bfp-7.c:33:34 constant 1.e309dd
convert-bfp-7.c:33:42 punctuator ;
convert-bfp-7.c:33:44 identifier df
convert-bfp-7.c:33:47 punctuator =
convert-bfp-7.c:33:49 identifier dd
convert-bfp-7.c:33:51 punctuator ;
convert-bfp-7.c:33:53 keyword if
convert-bfp-7.c:33:56 punctuator (
convert-bfp-7.c:33:57 identifier __builtin_isinf
convert-bfp-7.c:33:73 punctuator (
convert-bfp-7.c:33:74 identifier df
convert-bfp-7.c:33:76 punctuator )
convert-bfp-7.c:33:78 punctuator ==
convert-bfp-7.c:33:81 constant 0
convert-bfp-7.c:33:82 punctuator )
convert-bfp-7.c:33:84 identifier __builtin_abort
convert-bfp-7.c:33:100 punctuator (
convert-bfp-7.c:33:101 punctuator )
convert-bfp-7.c:33:102 punctuator ;
convert-bfp-7.c:33:103 punctuator ;
convert-bfp-7.c:33:105 keyword if
convert-bfp-7.c:33:108 punctuator (
convert-bfp-7.c:33:109 identifier __builtin_signbit
convert-bfp-7.c:33:127 punctuator (
convert-bfp-7.c:33:128 identifier df
convert-bfp-7.c:33:130 punctuator )
convert-bfp-7.c:33:132 punctuator !=
convert-bfp-7.c:33:135 constant 0
convert-bfp-7.c:33:136 punctuator )
convert-bfp-7.c:33:138 identifier __builtin_abort
convert-bfp-7.c:33:154 punctuator (
convert-bfp-7.c:33:155 punctuator )
convert-bfp-7.c:33:156 punctuator ;
convert-bfp-7.c:33:157 punctuator ;
convert-bfp-7.c:33:159 punctuator }
convert-bfp-7.c:34:1 keyword void
convert-bfp-7.c:34:6 identifier convert_326
convert-bfp-7.c:34:18 punctuator (
convert-bfp-7.c:34:19 keyword void
convert-bfp-7.c:34:23 punctuator )
convert-bfp-7.c:34:25 punctuator {
convert-bfp-7.c:34:27 punctuator ;
convert-bfp-7.c:34:29 identifier td
convert-bfp-7.c:34:32 punctuator =
convert-bfp-7.c:34:34 constant 1.e309dl
convert-bfp-7.c:34:42 punctuator ;
convert-bfp-7.c:34:44 identifier df
convert-bfp-7.c:34:47 punctuator =
convert-bfp-7.c:34:49 identifier td
convert-bfp-7.c:34:51 punctuator ;
convert-bfp-7.c:34:53 keyword if
convert-bfp-7.c:34:56 punctuator (
convert-bfp-7.c:34:57 identifier __builtin_isinf
convert-bfp-7.c:34:73 punctuator (
convert-bfp-7.c:34:74 identifier df
convert-bfp-7.c:34:76 punctuator )
convert-bfp-7.c:34:78 punctuator ==
convert-bfp-7.c:34:81 constant 0
convert-bfp-7.c:34:82 punctuator )
convert-bfp-7.c:34:84 identifier __builtin_abort
convert-bfp-7.c:34:100 punctuator (
convert-bfp-7.c:34:101 punctuator )
convert-bfp-7.c:34:102 punctuator ;
convert-bfp-7.c:34:103 punctuator ;
convert-bfp-7.c:34:105 keyword if
convert-bfp-7.c:34:108 punctuator (
convert-bfp-7.c:34:109 identifier __builtin_signbit
convert-bfp-7.c:34:127 punctuator (
convert-bfp-7.c:34:128 identifier df
convert-bfp-7.c:34:130 punctuator )
convert-bfp-7.c:34:132 punctuator !=
convert-bfp-7.c:34:135 constant 0
convert-bfp-7.c:34:136 punctuator )
convert-bfp-7.c:34:138 identifier __builtin_abort
convert-bfp-7.c:34:154 punctuator (
convert-bfp-7.c:34:155 punctuator )
convert-bfp-7.c:34:156 punctuator ;
convert-bfp-7.c:34:157 punctuator ;
convert-bfp-7.c:34:159 punctuator }
convert-bfp-7.c:35:1 keyword void
convert-bfp-7.c:35:6 identifier convert_331
convert-bfp-7.c:35:18 punctuator (
convert-bfp-7.c:35:19 keyword void
convert-bfp-7.c:35:23 punctuator )
convert-bfp-7.c:35:25 punctuator {
convert-bfp-7.c:35:27 punctuator ;
convert-bfp-7.c:35:29 identifier dd
convert-bfp-7.c:35:32 punctuator =
convert-bfp-7.c:35:34 punctuator -
convert-bfp-7.c:35:35 constant 1.8e+308dd
convert-bfp-7.c:35:45 punctuator ;
convert-bfp-7.c:35:47 identifier df
convert-bfp-7.c:35:50 punctuator =
convert-bfp-7.c:35:52 identifier dd
convert-bfp-7.c:35:54 punctuator ;
convert-bfp-7.c:35:56 keyword if
convert-bfp-7.c:35:59 punctuator (
convert-bfp-7.c:35:60 identifier __builtin_isinf
convert-bfp-7.c:35:76 punctuator (
convert-bfp-7.c:35:77 identifier df
convert-bfp-7.c:35:79 punctuator )
convert-bfp-7.c:35:81 punctuator ==
convert-bfp-7.c:35:84 constant 0
convert-bfp-7.c:35:85 punctuator )
convert-bfp-7.c:35:87 identifier __builtin_abort
convert-bfp-7.c:35:103 punctuator (
convert-bfp-7.c:35:104 punctuator )
convert-bfp-7.c:35:105 punctuator ;
convert-bfp-7.c:35:106 punctuator ;
convert-bfp-7.c:35:108 keyword if
convert-bfp-7.c:35:111 punctuator (
convert-bfp-7.c:35:112 identifier __builtin_signbit
convert-bfp-7.c:35:130 punctuator (
convert-bfp-7.c:35:131 identifier df
convert-bfp-7.c:35:133 punctuator )
convert-bfp-7.c:35:135 punctuator ==
convert-bfp-7.c:35:138 constant 0
convert-bfp-7.c:35:139 punctuator )
convert-bfp-7.c:35:141 identifier __builtin_abort
convert-bfp-7.c:35:157 punctuator (
convert-bfp-7.c:35:158 punctuator )
convert-bfp-7.c:35:159 punctuator ;
convert-bfp-7.c:35:160 punctuator ;
convert-bfp-7.c:35:162 punctuator }
convert-bfp-7.c:36:1 keyword void
convert-bfp-7.c:36:6 identifier convert_332
convert-bfp-7.c:36:18 punctuator (
convert-bfp-7.c:36:19 keyword void
convert-bfp-7.c:36:23 punctuator )
convert-bfp-7.c:36:25 punctuator {
convert-bfp-7.c:36:27 punctuator ;
convert-bfp-7.c:36:29 identifier dd
convert-bfp-7.c:36:32 punctuator =
convert-bfp-7.c:36:34 punctuator -
convert-bfp-7.c:36:35 constant 9.9e+384dd
convert-bfp-7.c:36:45 punctuator ;
convert-bfp-7.c:36:47 identifier df
convert-bfp-7.c:36:50 punctuator =
convert-bfp-7.c:36:52 identifier dd
convert-bfp-7.c:36:54 punctuator ;
convert-bfp-7.c:36:56 keyword if
convert-bfp-7.c:36:59 punctuator (
convert-bfp-7.c:36:60 identifier __builtin_isinf
convert-bfp-7.c:36:76 punctuator (
convert-bfp-7.c:36:77 identifier df
convert-bfp-7.c:36:79 punctuator )
convert-bfp-7.c:36:81 punctuator ==
convert-bfp-7.c:36:84 constant 0
convert-bfp-7.c:36:85 punctuator )
convert-bfp-7.c:36:87 identifier __builtin_abort
convert-bfp-7.c:36:103 punctuator (
convert-bfp-7.c:36:104 punctuator )
convert-bfp-7.c:36:105 punctuator ;
convert-bfp-7.c:36:106 punctuator ;
convert-bfp-7.c:36:108 keyword if
convert-bfp-7.c:36:111 punctuator (
convert-bfp-7.c:36:112 identifier __builtin_signbit
convert-bfp-7.c:36:130 punctuator (
convert-bfp-7.c:36:131 identifier df
convert-bfp-7.c:36:133 punctuator )
convert-bfp-7.c:36:135 punctuator ==
convert-bfp-7.c:36:138 constant 0
convert-bfp-7.c:36:139 punctuator )
convert-bfp-7.c:36:141 identifier __builtin_abort
convert-bfp-7.c:36:157 punctuator (
convert-bfp-7.c:36:158 punctuator )
convert-bfp-7.c:36:159 punctuator ;
convert-bfp-7.c:36:160 punctuator ;
convert-bfp-7.c:36:162 punctuator }
convert-bfp-7.c:37:1 keyword void
convert-bfp-7.c:37:6 identifier convert_333
convert-bfp-7.c:37:18 punctuator (
convert-bfp-7.c:37:19 keyword void
convert-bfp-7.c:37:23 punctuator )
convert-bfp-7.c:37:25 punctuator {
convert-bfp-7.c:37:27 punctuator ;
convert-bfp-7.c:37:29 identifier td
convert-bfp-7.c:37:32 punctuator =
convert-bfp-7.c:37:34 punctuator -
convert-bfp-7.c:37:35 constant 1.8e+308dl
convert-bfp-7.c:37:45 punctuator ;
convert-bfp-7.c:37:47 identifier df
convert-bfp-7.c:37:50 punctuator =
convert-bfp-7.c:37:52 identifier td
convert-bfp-7.c:37:54 punctuator ;
convert-bfp-7.c:37:56 keyword if
convert-bfp-7.c:37:59 punctuator (
convert-bfp-7.c:37:60 identifier __builtin_isinf
convert-bfp-7.c:37:76 punctuator (
convert-bfp-7.c:37:77 identifier df
convert-bfp-7.c:37:79 punctuator )
convert-bfp-7.c:37:81 punctuator ==
convert-bfp-7.c:37:84 constant 0
convert-bfp-7.c:37:85 punctuator )
convert-bfp-7.c:37:87 identifier __builtin_abort
convert-bfp-7.c:37:103 punctuator (
convert-bfp-7.c:37:104 punctuator )
convert-bfp-7.c:37:105 punctuator ;
convert-bfp-7.c:37:106 punctuator ;
convert-bfp-7.c:37:108 keyword if
convert-bfp-7.c:37:111 punctuator (
convert-bfp-7.c:37:112 identifier __builtin_signbit
convert-bfp-7.c:37:130 punctuator (
convert-bfp-7.c:37:131 identifier df
convert-bfp-7.c:37:133 punctuator )
convert-bfp-7.c:37:135 punctuator ==
convert-bfp-7.c:37:138 constant 0
convert-bfp-7.c:37:139 punctuator )
convert-bfp-7.c:37:141 identifier __builtin_abort
convert-bfp-7.c:37:157 punctuator (
convert-bfp-7.c:37:158 punctuator )
convert-bfp-7.c:37:159 punctuator ;
convert-bfp-7.c:37:160 punctuator ;
convert-bfp-7.c:37:162 punctuator }
convert-bfp-7.c:38:1 keyword void
convert-bfp-7.c:38:6 identifier convert_334
convert-bfp-7.c:38:18 punctuator (
convert-bfp-7.c:38:19 keyword void
convert-bfp-7.c:38:23 punctuator )
convert-bfp-7.c:38:25 punctuator {
convert-bfp-7.c:38:27 punctuator ;
convert-bfp-7.c:38:29 identifier td
convert-bfp-7.c:38:32 punctuator =
convert-bfp-7.c:38:34 punctuator -
convert-bfp-7.c:38:35 constant 9.9e+384dl
convert-bfp-7.c:38:45 punctuator ;
convert-bfp-7.c:38:47 identifier df
convert-bfp-7.c:38:50 punctuator =
convert-bfp-7.c:38:52 identifier td
convert-bfp-7.c:38:54 punctuator ;
convert-bfp-7.c:38:56 keyword if
convert-bfp-7.c:38:59 punctuator (
convert-bfp-7.c:38:60 identifier __builtin_isinf
convert-bfp-7.c:38:76 punctuator (
convert-bfp-7.c:38:77 identifier df
convert-bfp-7.c:38:79 punctuator )
convert-bfp-7.c:38:81 punctuator ==
convert-bfp-7.c:38:84 constant 0
convert-bfp-7.c:38:85 punctuator )
convert-bfp-7.c:38:87 identifier __builtin_abort
convert-bfp-7.c:38:103 punctuator (
convert-bfp-7.c:38:104 punctuator )
convert-bfp-7.c:38:105 punctuator ;
convert-bfp-7.c:38:106 punctuator ;
convert-bfp-7.c:38:108 keyword if
convert-bfp-7.c:38:111 punctuator (
convert-bfp-7.c:38:112 identifier __builtin_signbit
convert-bfp-7.c:38:130 punctuator (
convert-bfp-7.c:38:131 identifier df
convert-bfp-7.c:38:133 punctuator )
convert-bfp-7.c:38:135 punctuator ==
convert-bfp-7.c:38:138 constant 0
convert-bfp-7.c:38:139 punctuator )
convert-bfp-7.c:38:141 identifier __builtin_abort
convert-bfp-7.c:38:157 punctuator (
convert-bfp-7.c:38:158 punctuator )
convert-bfp-7.c:38:159 punctuator ;
convert-bfp-7.c:38:160 punctuator ;
convert-bfp-7.c:38:162 punctuator }
convert-bfp-7.c:39:1 keyword void
convert-bfp-7.c:39:6 identifier convert_335
convert-bfp-7.c:39:18 punctuator (
convert-bfp-7.c:39:19 keyword void
convert-bfp-7.c:39:23 punctuator )
convert-bfp-7.c:39:25 punctuator {
convert-bfp-7.c:39:27 punctuator ;
convert-bfp-7.c:39:29 identifier dd
convert-bfp-7.c:39:32 punctuator =
convert-bfp-7.c:39:34 punctuator -
convert-bfp-7.c:39:35 constant 1.e309dd
convert-bfp-7.c:39:43 punctuator ;
convert-bfp-7.c:39:45 identifier df
convert-bfp-7.c:39:48 punctuator =
convert-bfp-7.c:39:50 identifier dd
convert-bfp-7.c:39:52 punctuator ;
convert-bfp-7.c:39:54 keyword if
convert-bfp-7.c:39:57 punctuator (
convert-bfp-7.c:39:58 identifier __builtin_isinf
convert-bfp-7.c:39:74 punctuator (
convert-bfp-7.c:39:75 identifier df
convert-bfp-7.c:39:77 punctuator )
convert-bfp-7.c:39:79 punctuator ==
convert-bfp-7.c:39:82 constant 0
convert-bfp-7.c:39:83 punctuator )
convert-bfp-7.c:39:85 identifier __builtin_abort
convert-bfp-7.c:39:101 punctuator (
convert-bfp-7.c:39:102 punctuator )
convert-bfp-7.c:39:103 punctuator ;
convert-bfp-7.c:39:104 punctuator ;
convert-bfp-7.c:39:106 keyword if
convert-bfp-7.c:39:109 punctuator (
convert-bfp-7.c:39:110 identifier __builtin_signbit
convert-bfp-7.c:39:128 punctuator (
convert-bfp-7.c:39:129 identifier df
convert-bfp-7.c:39:131 punctuator )
convert-bfp-7.c:39:133 punctuator ==
convert-bfp-7.c:39:136 constant 0
convert-bfp-7.c:39:137 punctuator )
convert-bfp-7.c:39:139 identifier __builtin_abort
convert-bfp-7.c:39:155 punctuator (
convert-bfp-7.c:39:156 punctuator )
convert-bfp-7.c:39:157 punctuator ;
convert-bfp-7.c:39:158 punctuator ;
convert-bfp-7.c:39:160 punctuator }
convert-bfp-7.c:40:1 keyword void
convert-bfp-7.c:40:6 identifier convert_336
convert-bfp-7.c:40:18 punctuator (
convert-bfp-7.c:40:19 keyword void
convert-bfp-7.c:40:23 punctuator )
convert-bfp-7.c:40:25 punctuator {
convert-bfp-7.c:40:27 punctuator ;
convert-bfp-7.c:40:29 identifier td
convert-bfp-7.c:40:32 punctuator =
convert-bfp-7.c:40:34 punctuator -
convert-bfp-7.c:40:35 constant 1.e309dl
convert-bfp-7.c:40:43 punctuator ;
convert-bfp-7.c:40:45 identifier df
convert-bfp-7.c:40:48 punctuator =
convert-bfp-7.c:40:50 identifier td
convert-bfp-7.c:40:52 punctuator ;
convert-bfp-7.c:40:54 keyword if
convert-bfp-7.c:40:57 punctuator (
convert-bfp-7.c:40:58 identifier __builtin_isinf
convert-bfp-7.c:40:74 punctuator (
convert-bfp-7.c:40:75 identifier df
convert-bfp-7.c:40:77 punctuator )
convert-bfp-7.c:40:79 punctuator ==
convert-bfp-7.c:40:82 constant 0
convert-bfp-7.c:40:83 punctuator )
convert-bfp-7.c:40:85 identifier __builtin_abort
convert-bfp-7.c:40:101 punctuator (
convert-bfp-7.c:40:102 punctuator )
convert-bfp-7.c:40:103 punctuator ;
convert-bfp-7.c:40:104 punctuator ;
convert-bfp-7.c:40:106 keyword if
convert-bfp-7.c:40:109 punctuator (
convert-bfp-7.c:40:110 identifier __builtin_signbit
convert-bfp-7.c:40:128 punctuator (
convert-bfp-7.c:40:129 identifier df
convert-bfp-7.c:40:131 punctuator )
convert-bfp-7.c:40:133 punctuator ==
convert-bfp-7.c:40:136 constant 0
convert-bfp-7.c:40:137 punctuator )
convert-bfp-7.c:40:139 identifier __builtin_abort
convert-bfp-7.c:40:155 punctuator (
convert-bfp-7.c:40:156 punctuator )
convert-bfp-7.c:40:157 punctuator ;
convert-bfp-7.c:40:158 punctuator ;
convert-bfp-7.c:40:160 punctuator }
convert-bfp-7.c:42:1 keyword void
convert-bfp-7.c:42:6 identifier convert_341
convert-bfp-7.c:42:18 punctuator (
convert-bfp-7.c:42:19 keyword void
convert-bfp-7.c:42:23 punctuator )
convert-bfp-7.c:42:25 punctuator {
convert-bfp-7.c:42:27 punctuator ;
convert-bfp-7.c:42:29 identifier df
convert-bfp-7.c:42:32 punctuator =
convert-bfp-7.c:42:34 constant 1.0e+97
convert-bfp-7.c:42:41 punctuator ;
convert-bfp-7.c:42:43 identifier sd
convert-bfp-7.c:42:46 punctuator =
convert-bfp-7.c:42:48 identifier df
convert-bfp-7.c:42:50 punctuator ;
convert-bfp-7.c:42:52 keyword if
convert-bfp-7.c:42:55 punctuator (
convert-bfp-7.c:42:56 identifier __builtin_isinfd32
convert-bfp-7.c:42:75 punctuator (
convert-bfp-7.c:42:76 identifier sd
convert-bfp-7.c:42:78 punctuator )
convert-bfp-7.c:42:80 punctuator ==
convert-bfp-7.c:42:83 constant 0
convert-bfp-7.c:42:84 punctuator )
convert-bfp-7.c:42:86 identifier __builtin_abort
convert-bfp-7.c:42:102 punctuator (
convert-bfp-7.c:42:103 punctuator )
convert-bfp-7.c:42:104 punctuator ;
convert-bfp-7.c:42:105 punctuator ;
convert-bfp-7.c:42:107 keyword if
convert-bfp-7.c:42:110 punctuator (
convert-bfp-7.c:42:111 identifier __builtin_signbitd32
convert-bfp-7.c:42:132 punctuator (
convert-bfp-7.c:42:133 identifier sd
convert-bfp-7.c:42:135 punctuator )
convert-bfp-7.c:42:137 punctuator !=
convert-bfp-7.c:42:140 constant 0
convert-bfp-7.c:42:141 punctuator )
convert-bfp-7.c:42:143 identifier __builtin_abort
convert-bfp-7.c:42:159 punctuator (
convert-bfp-7.c:42:160 punctuator )
convert-bfp-7.c:42:161 punctuator ;
convert-bfp-7.c:42:162 punctuator ;
convert-bfp-7.c:42:164 punctuator }
convert-bfp-7.c:43:1 keyword void
convert-bfp-7.c:43:6 identifier convert_342
convert-bfp-7.c:43:18 punctuator (
convert-bfp-7.c:43:19 keyword void
convert-bfp-7.c:43:23 punctuator )
convert-bfp-7.c:43:25 punctuator {
convert-bfp-7.c:43:27 punctuator ;
convert-bfp-7.c:43:29 identifier df
convert-bfp-7.c:43:32 punctuator =
convert-bfp-7.c:43:34 constant 1.6e+308
convert-bfp-7.c:43:42 punctuator ;
convert-bfp-7.c:43:44 identifier sd
convert-bfp-7.c:43:47 punctuator =
convert-bfp-7.c:43:49 identifier df
convert-bfp-7.c:43:51 punctuator ;
convert-bfp-7.c:43:53 keyword if
convert-bfp-7.c:43:56 punctuator (
convert-bfp-7.c:43:57 identifier __builtin_isinfd32
convert-bfp-7.c:43:76 punctuator (
convert-bfp-7.c:43:77 identifier sd
convert-bfp-7.c:43:79 punctuator )
convert-bfp-7.c:43:81 punctuator ==
convert-bfp-7.c:43:84 constant 0
convert-bfp-7.c:43:85 punctuator )
convert-bfp-7.c:43:87 identifier __builtin_abort
convert-bfp-7.c:43:103 punctuator (
convert-bfp-7.c:43:104 punctuator )
convert-bfp-7.c:43:105 punctuator ;
convert-bfp-7.c:43:106 punctuator ;
convert-bfp-7.c:43:108 keyword if
convert-bfp-7.c:43:111 punctuator (
convert-bfp-7.c:43:112 identifier __builtin_signbitd32
convert-bfp-7.c:43:133 punctuator (
convert-bfp-7.c:43:134 identifier sd
convert-bfp-7.c:43:136 punctuator )
convert-bfp-7.c:43:138 punctuator !=
convert-bfp-7.c:43:141 constant 0
convert-bfp-7.c:43:142 punctuator )
convert-bfp-7.c:43:144 identifier __builtin_abort
convert-bfp-7.c:43:160 punctuator (
convert-bfp-7.c:43:161 punctuator )
convert-bfp-7.c:43:162 punctuator ;
convert-bfp-7.c:43:163 punctuator ;
convert-bfp-7.c:43:165 punctuator }
convert-bfp-7.c:44:1 keyword void
convert-bfp-7.c:44:6 identifier convert_351
convert-bfp-7.c:44:18 punctuator (
convert-bfp-7.c:44:19 keyword void
convert-bfp-7.c:44:23 punctuator )
convert-bfp-7.c:44:25 punctuator {
convert-bfp-7.c:44:27 punctuator ;
convert-bfp-7.c:44:29 identifier df
convert-bfp-7.c:44:32 punctuator =
convert-bfp-7.c:44:34 punctuator -
convert-bfp-7.c:44:35 constant 1.0e+97
convert-bfp-7.c:44:42 punctuator ;
convert-bfp-7.c:44:44 identifier sd
convert-bfp-7.c:44:47 punctuator =
convert-bfp-7.c:44:49 identifier df
convert-bfp-7.c:44:51 punctuator ;
convert-bfp-7.c:44:53 keyword if
convert-bfp-7.c:44:56 punctuator (
convert-bfp-7.c:44:57 identifier __builtin_isinfd32
convert-bfp-7.c:44:76 punctuator (
convert-bfp-7.c:44:77 identifier sd
convert-bfp-7.c:44:79 punctuator )
convert-bfp-7.c:44:81 punctuator ==
convert-bfp-7.c:44:84 constant 0
convert-bfp-7.c:44:85 punctuator )
convert-bfp-7.c:44:87 identifier __builtin_abort
convert-bfp-7.c:44:103 punctuator (
convert-bfp-7.c:44:104 punctuator )
convert-bfp-7.c:44:105 punctuator ;
convert-bfp-7.c:44:106 punctuator ;
convert-bfp-7.c:44:108 keyword if
convert-bfp-7.c:44:111 punctuator (
convert-bfp-7.c:44:112 identifier __builtin_signbitd32
convert-bfp-7.c:44:133 punctuator (
convert-bfp-7.c:44:134 identifier sd
convert-bfp-7.c:44:136 punctuator )
convert-bfp-7.c:44:138 punctuator ==
convert-bfp-7.c:44:141 constant 0
convert-bfp-7.c:44:142 punctuator )
convert-bfp-7.c:44:144 identifier __builtin_abort
convert-bfp-7.c:44:160 punctuator (
convert-bfp-7.c:44:161 punctuator )
convert-bfp-7.c:44:162 punctuator ;
convert-bfp-7.c:44:163 punctuator ;
convert-bfp-7.c:44:165 punctuator }
convert-bfp-7.c:45:1 keyword void
convert-bfp-7.c:45:6 identifier convert_352
convert-bfp-7.c:45:18 punctuator (
convert-bfp-7.c:45:19 keyword void
convert-bfp-7.c:45:23 punctuator )
convert-bfp-7.c:45:25 punctuator {
convert-bfp-7.c:45:27 punctuator ;
convert-bfp-7.c:45:29 identifier df
convert-bfp-7.c:45:32 punctuator =
convert-bfp-7.c:45:34 punctuator -
convert-bfp-7.c:45:35 constant 1.6e+308
convert-bfp-7.c:45:43 punctuator ;
convert-bfp-7.c:45:45 identifier sd
convert-bfp-7.c:45:48 punctuator =
convert-bfp-7.c:45:50 identifier df
convert-bfp-7.c:45:52 punctuator ;
convert-bfp-7.c:45:54 keyword if
convert-bfp-7.c:45:57 punctuator (
convert-bfp-7.c:45:58 identifier __builtin_isinfd32
convert-bfp-7.c:45:77 punctuator (
convert-bfp-7.c:45:78 identifier sd
convert-bfp-7.c:45:80 punctuator )
convert-bfp-7.c:45:82 punctuator ==
convert-bfp-7.c:45:85 constant 0
convert-bfp-7.c:45:86 punctuator )
convert-bfp-7.c:45:88 identifier __builtin_abort
convert-bfp-7.c:45:104 punctuator (
convert-bfp-7.c:45:105 punctuator )
convert-bfp-7.c:45:106 punctuator ;
convert-bfp-7.c:45:107 punctuator ;
convert-bfp-7.c:45:109 keyword if
convert-bfp-7.c:45:112 punctuator (
convert-bfp-7.c:45:113 identifier __builtin_signbitd32
convert-bfp-7.c:45:134 punctuator (
convert-bfp-7.c:45:135 identifier sd
convert-bfp-7.c:45:137 punctuator )
convert-bfp-7.c:45:139 punctuator ==
convert-bfp-7.c:45:142 constant 0
convert-bfp-7.c:45:143 punctuator )
convert-bfp-7.c:45:145 identifier __builtin_abort
convert-bfp-7.c:45:161 punctuator (
convert-bfp-7.c:45:162 punctuator )
convert-bfp-7.c:45:163 punctuator ;
convert-bfp-7.c:45:164 punctuator ;
convert-bfp-7.c:45:166 punctuator }
convert-bfp-7.c:47:1 keyword int
convert-bfp-7.c:48:1 identifier main
convert-bfp-7.c:48:6 punctuator (
convert-bfp-7.c:48:7 punctuator )
convert-bfp-7.c:49:1 punctuator {
convert-bfp-7.c:50:3 identifier convert_301
convert-bfp-7.c:50:15 punctuator (
convert-bfp-7.c:50:16 punctuator )
convert-bfp-7.c:50:17 punctuator ;
convert-bfp-7.c:51:3 identifier convert_302
convert-bfp-7.c:51:15 punctuator (
convert-bfp-7.c:51:16 punctuator )
convert-bfp-7.c:51:17 punctuator ;
convert-bfp-7.c:52:3 identifier convert_303
convert-bfp-7.c:52:15 punctuator (
convert-bfp-7.c:52:16 punctuator )
convert-bfp-7.c:52:17 punctuator ;
convert-bfp-7.c:53:3 identifier convert_304
convert-bfp-7.c:53:15 punctuator (
convert-bfp-7.c:53:16 punctuator )
convert-bfp-7.c:53:17 punctuator ;
convert-bfp-7.c:54:3 identifier convert_305
convert-bfp-7.c:54:15 punctuator (
convert-bfp-7.c:54:16 punctuator )
convert-bfp-7.c:54:17 punctuator ;
convert-bfp-7.c:55:3 identifier convert_306
convert-bfp-7.c:55:15 punctuator (
convert-bfp-7.c:55:16 punctuator )
convert-bfp-7.c:55:17 punctuator ;
convert-bfp-7.c:56:3 identifier convert_311
convert-bfp-7.c:56:15 punctuator (
convert-bfp-7.c:56:16 punctuator )
convert-bfp-7.c:56:17 punctuator ;
convert-bfp-7.c:57:3 identifier convert_312
convert-bfp-7.c:57:15 punctuator (
convert-bfp-7.c:57:16 punctuator )
convert-bfp-7.c:57:17 punctuator ;
convert-bfp-7.c:58:3 identifier convert_313
convert-bfp-7.c:58:15 punctuator (
convert-bfp-7.c:58:16 punctuator )
convert-bfp-7.c:58:17 punctuator ;
convert-bfp-7.c:59:3 identifier convert_314
convert-bfp-7.c:59:15 punctuator (
convert-bfp-7.c:59:16 punctuator )
convert-bfp-7.c:59:17 punctuator ;
convert-bfp-7.c:60:3 identifier convert_315
convert-bfp-7.c:60:15 punctuator (
convert-bfp-7.c:60:16 punctuator )
convert-bfp-7.c:60:17 punctuator ;
convert-bfp-7.c:61:3 identifier convert_316
convert-bfp-7.c:61:15 punctuator (
convert-bfp-7.c:61:16 punctuator )
convert-bfp-7.c:61:17 punctuator ;
convert-bfp-7.c:63:3 identifier convert_321
convert-bfp-7.c:63:15 punctuator (
convert-bfp-7.c:63:16 punctuator )
convert-bfp-7.c:63:17 punctuator ;
convert-bfp-7.c:64:3 identifier convert_322
convert-bfp-7.c:64:15 punctuator (
convert-bfp-7.c:64:16 punctuator )
convert-bfp-7.c:64:17 punctuator ;
convert-bfp-7.c:65:3 identifier convert_323
convert-bfp-7.c:65:15 punctuator (
convert-bfp-7.c:65:16 punctuator )
convert-bfp-7.c:65:17 punctuator ;
convert-bfp-7.c:66:3 identifier convert_324
convert-bfp-7.c:66:15 punctuator (
convert-bfp-7.c:66:16 punctuator )
convert-bfp-7.c:66:17 punctuator ;
convert-bfp-7.c:67:3 identifier convert_325
convert-bfp-7.c:67:15 punctuator (
convert-bfp-7.c:67:16 punctuator )
convert-bfp-7.c:67:17 punctuator ;
convert-bfp-7.c:68:3 identifier convert_326
convert-bfp-7.c:68:15 punctuator (
convert-bfp-7.c:68:16 punctuator )
convert-bfp-7.c:68:17 punctuator ;
convert-bfp-7.c:69:3 identifier convert_331
convert-bfp-7.c:69:15 punctuator (
convert-bfp-7.c:69:16 punctuator )
convert-bfp-7.c:69:17 punctuator ;
convert-bfp-7.c:70:3 identifier convert_332
convert-bfp-7.c:70:15 punctuator (
convert-bfp-7.c:70:16 punctuator )
convert-bfp-7.c:70:17 punctuator ;
convert-bfp-7.c:71:3 identifier convert_333
convert-bfp-7.c:71:15 punctuator (
convert-bfp-7.c:71:16 punctuator )
convert-bfp-7.c:71:17 punctuator ;
convert-bfp-7.c:72:3 identifier convert_334
convert-bfp-7.c:72:15 punctuator (
convert-bfp-7.c:72:16 punctuator )
convert-bfp-7.c:72:17 punctuator ;
convert-bfp-7.c:73:3 identifier convert_335
convert-bfp-7.c:73:15 punctuator (
convert-bfp-7.c:73:16 punctuator )
convert-bfp-7.c:73:17 punctuator ;
convert-bfp-7.c:74:3 identifier convert_336
convert-bfp-7.c:74:15 punctuator (
convert-bfp-7.c:74:16 punctuator )
convert-bfp-7.c:74:17 punctuator ;
convert-bfp-7.c:76:3 identifier convert_341
convert-bfp-7.c:76:15 punctuator (
convert-bfp-7.c:76:16 punctuator )
convert-bfp-7.c:76:17 punctuator ;
convert-bfp-7.c:77:3 identifier convert_342
convert-bfp-7.c:77:15 punctuator (
convert-bfp-7.c:77:16 punctuator )
convert-bfp-7.c:77:17 punctuator ;
convert-bfp-7.c:78:3 identifier convert_351
convert-bfp-7.c:78:15 punctuator (
convert-bfp-7.c:78:16 punctuator )
convert-bfp-7.c:78:17 punctuator ;
convert-bfp-7.c:79:3 identifier convert_352
convert-bfp-7.c:79:15 punctuator (
convert-bfp-7.c:79:16 punctuator )
convert-bfp-7.c:79:17 punctuator ;
convert-bfp-7.c:81:3 keyword return
convert-bfp-7.c:81:10 constant 0
convert-bfp-7.c:81:11 punctuator ;
convert-bfp-7.c:82:1 punctuator }
