0
func-vararg-mixed-2.c:8:1 keyword typedef
func-vararg-mixed-2.c:8:9 identifier __builtin_va_list
func-vararg-mixed-2.c:8:27 identifier __gnuc_va_list
func-vararg-mixed-2.c:8:41 punctuator ;
func-vararg-mixed-2.c:9:1 keyword typedef
func-vararg-mixed-2.c:9:9 identifier __gnuc_va_list
func-vararg-mixed-2.c:9:24 identifier va_list
func-vararg-mixed-2.c:9:31 punctuator ;
func-vararg-mixed-2.c:10:1 keyword int
func-vararg-mixed-2.c:10:5 identifier failures
func-vararg-mixed-2.c:10:13 punctuator ;
func-vararg-mixed-2.c:15:1 keyword static
func-vararg-mixed-2.c:15:8 identifier _Decimal32
func-vararg-mixed-2.c:16:1 identifier vararg_d32
func-vararg-mixed-2.c:16:12 punctuator (
func-vararg-mixed-2.c:16:13 keyword unsigned
func-vararg-mixed-2.c:16:22 identifier arg
func-vararg-mixed-2.c:16:25 punctuator ,
func-vararg-mixed-2.c:16:27 punctuator ...
func-vararg-mixed-2.c:16:30 punctuator )
func-vararg-mixed-2.c:17:1 punctuator {
func-vararg-mixed-2.c:18:3 identifier va_list
func-vararg-mixed-2.c:18:11 identifier ap
func-vararg-mixed-2.c:18:13 punctuator ;
func-vararg-mixed-2.c:19:3 identifier _Decimal32
func-vararg-mixed-2.c:19:14 identifier result
func-vararg-mixed-2.c:19:20 punctuator ;
func-vararg-mixed-2.c:21:3 identifier __builtin_va_start
func-vararg-mixed-2.c:21:21 punctuator (
func-vararg-mixed-2.c:21:22 identifier ap
func-vararg-mixed-2.c:21:24 punctuator ,
func-vararg-mixed-2.c:21:25 identifier arg
func-vararg-mixed-2.c:21:28 punctuator )
func-vararg-mixed-2.c:21:29 punctuator ;
func-vararg-mixed-2.c:23:3 identifier __builtin_va_arg
func-vararg-mixed-2.c:23:19 punctuator (
func-vararg-mixed-2.c:23:20 identifier ap
func-vararg-mixed-2.c:23:22 punctuator ,
func-vararg-mixed-2.c:23:23 keyword unsigned
func-vararg-mixed-2.c:23:32 keyword int
func-vararg-mixed-2.c:23:35 punctuator )
func-vararg-mixed-2.c:23:36 punctuator ;
func-vararg-mixed-2.c:24:3 identifier __builtin_va_arg
func-vararg-mixed-2.c:24:19 punctuator (
func-vararg-mixed-2.c:24:20 identifier ap
func-vararg-mixed-2.c:24:22 punctuator ,
func-vararg-mixed-2.c:24:23 identifier _Decimal128
func-vararg-mixed-2.c:24:34 punctuator )
func-vararg-mixed-2.c:24:35 punctuator ;
func-vararg-mixed-2.c:25:3 identifier __builtin_va_arg
func-vararg-mixed-2.c:25:19 punctuator (
func-vararg-mixed-2.c:25:20 identifier ap
func-vararg-mixed-2.c:25:22 punctuator ,
func-vararg-mixed-2.c:25:23 keyword double
func-vararg-mixed-2.c:25:29 punctuator )
func-vararg-mixed-2.c:25:30 punctuator ;
func-vararg-mixed-2.c:26:3 identifier result
func-vararg-mixed-2.c:26:10 punctuator =
func-vararg-mixed-2.c:26:12 identifier __builtin_va_arg
func-vararg-mixed-2.c:26:28 punctuator (
func-vararg-mixed-2.c:26:29 identifier ap
func-vararg-mixed-2.c:26:31 punctuator ,
func-vararg-mixed-2.c:26:32 identifier _Decimal32
func-vararg-mixed-2.c:26:42 punctuator )
func-vararg-mixed-2.c:26:43 punctuator ;
func-vararg-mixed-2.c:28:3 identifier __builtin_va_end
func-vararg-mixed-2.c:28:19 punctuator (
func-vararg-mixed-2.c:28:20 identifier ap
func-vararg-mixed-2.c:28:22 punctuator )
func-vararg-mixed-2.c:28:23 punctuator ;
func-vararg-mixed-2.c:29:3 keyword return
func-vararg-mixed-2.c:29:10 identifier result
func-vararg-mixed-2.c:29:16 punctuator ;
func-vararg-mixed-2.c:30:1 punctuator }
func-vararg-mixed-2.c:32:1 keyword static
func-vararg-mixed-2.c:32:8 identifier _Decimal32
func-vararg-mixed-2.c:33:1 identifier vararg_d64
func-vararg-mixed-2.c:33:12 punctuator (
func-vararg-mixed-2.c:33:13 keyword unsigned
func-vararg-mixed-2.c:33:22 identifier arg
func-vararg-mixed-2.c:33:25 punctuator ,
func-vararg-mixed-2.c:33:27 punctuator ...
func-vararg-mixed-2.c:33:30 punctuator )
func-vararg-mixed-2.c:34:1 punctuator {
func-vararg-mixed-2.c:35:3 identifier va_list
func-vararg-mixed-2.c:35:11 identifier ap
func-vararg-mixed-2.c:35:13 punctuator ;
func-vararg-mixed-2.c:36:3 identifier _Decimal64
func-vararg-mixed-2.c:36:14 identifier result
func-vararg-mixed-2.c:36:20 punctuator ;
func-vararg-mixed-2.c:38:3 identifier __builtin_va_start
func-vararg-mixed-2.c:38:21 punctuator (
func-vararg-mixed-2.c:38:22 identifier ap
func-vararg-mixed-2.c:38:24 punctuator ,
func-vararg-mixed-2.c:38:25 identifier arg
func-vararg-mixed-2.c:38:28 punctuator )
func-vararg-mixed-2.c:38:29 punctuator ;
func-vararg-mixed-2.c:40:3 identifier __builtin_va_arg
func-vararg-mixed-2.c:40:19 punctuator (
func-vararg-mixed-2.c:40:20 identifier ap
func-vararg-mixed-2.c:40:22 punctuator ,
func-vararg-mixed-2.c:40:23 keyword unsigned
func-vararg-mixed-2.c:40:32 keyword int
func-vararg-mixed-2.c:40:35 punctuator )
func-vararg-mixed-2.c:40:36 punctuator ;
func-vararg-mixed-2.c:41:3 identifier __builtin_va_arg
func-vararg-mixed-2.c:41:19 punctuator (
func-vararg-mixed-2.c:41:20 identifier ap
func-vararg-mixed-2.c:41:22 punctuator ,
func-vararg-mixed-2.c:41:23 identifier _Decimal128
func-vararg-mixed-2.c:41:34 punctuator )
func-vararg-mixed-2.c:41:35 punctuator ;
func-vararg-mixed-2.c:42:3 identifier __builtin_va_arg
func-vararg-mixed-2.c:42:19 punctuator (
func-vararg-mixed-2.c:42:20 identifier ap
func-vararg-mixed-2.c:42:22 punctuator ,
func-vararg-mixed-2.c:42:23 keyword double
func-vararg-mixed-2.c:42:29 punctuator )
func-vararg-mixed-2.c:42:30 punctuator ;
func-vararg-mixed-2.c:43:3 identifier __builtin_va_arg
func-vararg-mixed-2.c:43:19 punctuator (
func-vararg-mixed-2.c:43:20 identifier ap
func-vararg-mixed-2.c:43:22 punctuator ,
func-vararg-mixed-2.c:43:23 identifier _Decimal32
func-vararg-mixed-2.c:43:33 punctuator )
func-vararg-mixed-2.c:43:34 punctuator ;
func-vararg-mixed-2.c:44:3 identifier result
func-vararg-mixed-2.c:44:10 punctuator =
func-vararg-mixed-2.c:44:12 identifier __builtin_va_arg
func-vararg-mixed-2.c:44:28 punctuator (
func-vararg-mixed-2.c:44:29 identifier ap
func-vararg-mixed-2.c:44:31 punctuator ,
func-vararg-mixed-2.c:44:32 identifier _Decimal64
func-vararg-mixed-2.c:44:42 punctuator )
func-vararg-mixed-2.c:44:43 punctuator ;
func-vararg-mixed-2.c:46:3 identifier __builtin_va_end
func-vararg-mixed-2.c:46:19 punctuator (
func-vararg-mixed-2.c:46:20 identifier ap
func-vararg-mixed-2.c:46:22 punctuator )
func-vararg-mixed-2.c:46:23 punctuator ;
func-vararg-mixed-2.c:47:3 keyword return
func-vararg-mixed-2.c:47:10 identifier result
func-vararg-mixed-2.c:47:16 punctuator ;
func-vararg-mixed-2.c:48:1 punctuator }
func-vararg-mixed-2.c:50:1 keyword static
func-vararg-mixed-2.c:50:8 identifier _Decimal128
func-vararg-mixed-2.c:51:1 identifier vararg_d128
func-vararg-mixed-2.c:51:13 punctuator (
func-vararg-mixed-2.c:51:14 keyword unsigned
func-vararg-mixed-2.c:51:23 identifier arg
func-vararg-mixed-2.c:51:26 punctuator ,
func-vararg-mixed-2.c:51:28 punctuator ...
func-vararg-mixed-2.c:51:31 punctuator )
func-vararg-mixed-2.c:52:1 punctuator {
func-vararg-mixed-2.c:53:3 identifier va_list
func-vararg-mixed-2.c:53:11 identifier ap
func-vararg-mixed-2.c:53:13 punctuator ;
func-vararg-mixed-2.c:54:3 identifier _Decimal128
func-vararg-mixed-2.c:54:15 identifier result
func-vararg-mixed-2.c:54:21 punctuator ;
func-vararg-mixed-2.c:56:3 identifier __builtin_va_start
func-vararg-mixed-2.c:56:21 punctuator (
func-vararg-mixed-2.c:56:22 identifier ap
func-vararg-mixed-2.c:56:24 punctuator ,
func-vararg-mixed-2.c:56:25 identifier arg
func-vararg-mixed-2.c:56:28 punctuator )
func-vararg-mixed-2.c:56:29 punctuator ;
func-vararg-mixed-2.c:58:3 identifier __builtin_va_arg
func-vararg-mixed-2.c:58:19 punctuator (
func-vararg-mixed-2.c:58:20 identifier ap
func-vararg-mixed-2.c:58:22 punctuator ,
func-vararg-mixed-2.c:58:23 keyword unsigned
func-vararg-mixed-2.c:58:32 keyword int
func-vararg-mixed-2.c:58:35 punctuator )
func-vararg-mixed-2.c:58:36 punctuator ;
func-vararg-mixed-2.c:59:3 identifier result
func-vararg-mixed-2.c:59:10 punctuator =
func-vararg-mixed-2.c:59:12 identifier __builtin_va_arg
func-vararg-mixed-2.c:59:28 punctuator (
func-vararg-mixed-2.c:59:29 identifier ap
func-vararg-mixed-2.c:59:31 punctuator ,
func-vararg-mixed-2.c:59:32 identifier _Decimal128
func-vararg-mixed-2.c:59:43 punctuator )
func-vararg-mixed-2.c:59:44 punctuator ;
func-vararg-mixed-2.c:61:3 identifier __builtin_va_end
func-vararg-mixed-2.c:61:19 punctuator (
func-vararg-mixed-2.c:61:20 identifier ap
func-vararg-mixed-2.c:61:22 punctuator )
func-vararg-mixed-2.c:61:23 punctuator ;
func-vararg-mixed-2.c:62:3 keyword return
func-vararg-mixed-2.c:62:10 identifier result
func-vararg-mixed-2.c:62:16 punctuator ;
func-vararg-mixed-2.c:63:1 punctuator }
func-vararg-mixed-2.c:65:1 keyword static
func-vararg-mixed-2.c:65:8 keyword unsigned
func-vararg-mixed-2.c:65:17 keyword int
func-vararg-mixed-2.c:66:1 identifier vararg_int
func-vararg-mixed-2.c:66:12 punctuator (
func-vararg-mixed-2.c:66:13 keyword unsigned
func-vararg-mixed-2.c:66:22 identifier arg
func-vararg-mixed-2.c:66:25 punctuator ,
func-vararg-mixed-2.c:66:27 punctuator ...
func-vararg-mixed-2.c:66:30 punctuator )
func-vararg-mixed-2.c:67:1 punctuator {
func-vararg-mixed-2.c:68:3 identifier va_list
func-vararg-mixed-2.c:68:11 identifier ap
func-vararg-mixed-2.c:68:13 punctuator ;
func-vararg-mixed-2.c:69:3 keyword unsigned
func-vararg-mixed-2.c:69:12 keyword int
func-vararg-mixed-2.c:69:16 identifier result
func-vararg-mixed-2.c:69:22 punctuator ;
func-vararg-mixed-2.c:71:3 identifier __builtin_va_start
func-vararg-mixed-2.c:71:21 punctuator (
func-vararg-mixed-2.c:71:22 identifier ap
func-vararg-mixed-2.c:71:24 punctuator ,
func-vararg-mixed-2.c:71:25 identifier arg
func-vararg-mixed-2.c:71:28 punctuator )
func-vararg-mixed-2.c:71:29 punctuator ;
func-vararg-mixed-2.c:73:3 identifier result
func-vararg-mixed-2.c:73:10 punctuator =
func-vararg-mixed-2.c:73:12 identifier __builtin_va_arg
func-vararg-mixed-2.c:73:28 punctuator (
func-vararg-mixed-2.c:73:29 identifier ap
func-vararg-mixed-2.c:73:31 punctuator ,
func-vararg-mixed-2.c:73:32 keyword unsigned
func-vararg-mixed-2.c:73:41 keyword int
func-vararg-mixed-2.c:73:44 punctuator )
func-vararg-mixed-2.c:73:45 punctuator ;
func-vararg-mixed-2.c:75:3 identifier __builtin_va_end
func-vararg-mixed-2.c:75:19 punctuator (
func-vararg-mixed-2.c:75:20 identifier ap
func-vararg-mixed-2.c:75:22 punctuator )
func-vararg-mixed-2.c:75:23 punctuator ;
func-vararg-mixed-2.c:76:3 keyword return
func-vararg-mixed-2.c:76:10 identifier result
func-vararg-mixed-2.c:76:16 punctuator ;
func-vararg-mixed-2.c:77:1 punctuator }
func-vararg-mixed-2.c:79:1 keyword static
func-vararg-mixed-2.c:79:8 keyword double
func-vararg-mixed-2.c:80:1 identifier vararg_double
func-vararg-mixed-2.c:80:15 punctuator (
func-vararg-mixed-2.c:80:16 keyword unsigned
func-vararg-mixed-2.c:80:25 identifier arg
func-vararg-mixed-2.c:80:28 punctuator ,
func-vararg-mixed-2.c:80:30 punctuator ...
func-vararg-mixed-2.c:80:33 punctuator )
func-vararg-mixed-2.c:81:1 punctuator {
func-vararg-mixed-2.c:82:3 identifier va_list
func-vararg-mixed-2.c:82:11 identifier ap
func-vararg-mixed-2.c:82:13 punctuator ;
func-vararg-mixed-2.c:83:3 keyword float
func-vararg-mixed-2.c:83:9 identifier result
func-vararg-mixed-2.c:83:15 punctuator ;
func-vararg-mixed-2.c:85:3 identifier __builtin_va_start
func-vararg-mixed-2.c:85:21 punctuator (
func-vararg-mixed-2.c:85:22 identifier ap
func-vararg-mixed-2.c:85:24 punctuator ,
func-vararg-mixed-2.c:85:25 identifier arg
func-vararg-mixed-2.c:85:28 punctuator )
func-vararg-mixed-2.c:85:29 punctuator ;
func-vararg-mixed-2.c:87:3 identifier __builtin_va_arg
func-vararg-mixed-2.c:87:19 punctuator (
func-vararg-mixed-2.c:87:20 identifier ap
func-vararg-mixed-2.c:87:22 punctuator ,
func-vararg-mixed-2.c:87:23 keyword unsigned
func-vararg-mixed-2.c:87:32 keyword int
func-vararg-mixed-2.c:87:35 punctuator )
func-vararg-mixed-2.c:87:36 punctuator ;
func-vararg-mixed-2.c:88:3 identifier __builtin_va_arg
func-vararg-mixed-2.c:88:19 punctuator (
func-vararg-mixed-2.c:88:20 identifier ap
func-vararg-mixed-2.c:88:22 punctuator ,
func-vararg-mixed-2.c:88:23 identifier _Decimal128
func-vararg-mixed-2.c:88:34 punctuator )
func-vararg-mixed-2.c:88:35 punctuator ;
func-vararg-mixed-2.c:89:3 identifier result
func-vararg-mixed-2.c:89:10 punctuator =
func-vararg-mixed-2.c:89:12 identifier __builtin_va_arg
func-vararg-mixed-2.c:89:28 punctuator (
func-vararg-mixed-2.c:89:29 identifier ap
func-vararg-mixed-2.c:89:31 punctuator ,
func-vararg-mixed-2.c:89:32 keyword double
func-vararg-mixed-2.c:89:38 punctuator )
func-vararg-mixed-2.c:89:39 punctuator ;
func-vararg-mixed-2.c:91:3 identifier __builtin_va_end
func-vararg-mixed-2.c:91:19 punctuator (
func-vararg-mixed-2.c:91:20 identifier ap
func-vararg-mixed-2.c:91:22 punctuator )
func-vararg-mixed-2.c:91:23 punctuator ;
func-vararg-mixed-2.c:92:3 keyword return
func-vararg-mixed-2.c:92:10 identifier result
func-vararg-mixed-2.c:92:16 punctuator ;
func-vararg-mixed-2.c:93:1 punctuator }
func-vararg-mixed-2.c:96:1 keyword int
func-vararg-mixed-2.c:97:1 identifier main
func-vararg-mixed-2.c:97:6 punctuator (
func-vararg-mixed-2.c:97:7 punctuator )
func-vararg-mixed-2.c:98:1 punctuator {
func-vararg-mixed-2.c:99:3 keyword if
func-vararg-mixed-2.c:99:6 punctuator (
func-vararg-mixed-2.c:99:7 identifier vararg_d32
func-vararg-mixed-2.c:99:18 punctuator (
func-vararg-mixed-2.c:99:19 constant 3
func-vararg-mixed-2.c:99:20 punctuator ,
func-vararg-mixed-2.c:99:22 constant 0
func-vararg-mixed-2.c:99:23 punctuator ,
func-vararg-mixed-2.c:99:25 constant 1.0dl
func-vararg-mixed-2.c:99:30 punctuator ,
func-vararg-mixed-2.c:99:32 constant 2.0
func-vararg-mixed-2.c:99:35 punctuator ,
func-vararg-mixed-2.c:99:37 constant 3.0df
func-vararg-mixed-2.c:99:42 punctuator ,
func-vararg-mixed-2.c:99:44 constant 4.0dd
func-vararg-mixed-2.c:99:49 punctuator )
func-vararg-mixed-2.c:99:51 punctuator !=
func-vararg-mixed-2.c:99:54 constant 3.0df
func-vararg-mixed-2.c:99:59 punctuator )
func-vararg-mixed-2.c:99:61 identifier __builtin_abort
func-vararg-mixed-2.c:99:77 punctuator (
func-vararg-mixed-2.c:99:78 punctuator )
func-vararg-mixed-2.c:99:79 punctuator ;
func-vararg-mixed-2.c:100:3 keyword if
func-vararg-mixed-2.c:100:6 punctuator (
func-vararg-mixed-2.c:100:7 identifier vararg_d64
func-vararg-mixed-2.c:100:18 punctuator (
func-vararg-mixed-2.c:100:19 constant 4
func-vararg-mixed-2.c:100:20 punctuator ,
func-vararg-mixed-2.c:100:22 constant 0
func-vararg-mixed-2.c:100:23 punctuator ,
func-vararg-mixed-2.c:100:25 constant 1.0dl
func-vararg-mixed-2.c:100:30 punctuator ,
func-vararg-mixed-2.c:100:32 constant 2.0
func-vararg-mixed-2.c:100:35 punctuator ,
func-vararg-mixed-2.c:100:37 constant 3.0df
func-vararg-mixed-2.c:100:42 punctuator ,
func-vararg-mixed-2.c:100:44 constant 4.0dd
func-vararg-mixed-2.c:100:49 punctuator )
func-vararg-mixed-2.c:100:51 punctuator !=
func-vararg-mixed-2.c:100:54 constant 4.0dd
func-vararg-mixed-2.c:100:59 punctuator )
func-vararg-mixed-2.c:100:61 identifier __builtin_abort
func-vararg-mixed-2.c:100:77 punctuator (
func-vararg-mixed-2.c:100:78 punctuator )
func-vararg-mixed-2.c:100:79 punctuator ;
func-vararg-mixed-2.c:101:3 keyword if
func-vararg-mixed-2.c:101:6 punctuator (
func-vararg-mixed-2.c:101:7 identifier vararg_d128
func-vararg-mixed-2.c:101:19 punctuator (
func-vararg-mixed-2.c:101:20 constant 1
func-vararg-mixed-2.c:101:21 punctuator ,
func-vararg-mixed-2.c:101:23 constant 0
func-vararg-mixed-2.c:101:24 punctuator ,
func-vararg-mixed-2.c:101:26 constant 1.0dl
func-vararg-mixed-2.c:101:31 punctuator ,
func-vararg-mixed-2.c:101:33 constant 2.0
func-vararg-mixed-2.c:101:36 punctuator ,
func-vararg-mixed-2.c:101:38 constant 3.0df
func-vararg-mixed-2.c:101:43 punctuator ,
func-vararg-mixed-2.c:101:45 constant 4.0dd
func-vararg-mixed-2.c:101:50 punctuator )
func-vararg-mixed-2.c:101:52 punctuator !=
func-vararg-mixed-2.c:101:55 constant 1.0dl
func-vararg-mixed-2.c:101:60 punctuator )
func-vararg-mixed-2.c:101:62 identifier __builtin_abort
func-vararg-mixed-2.c:101:78 punctuator (
func-vararg-mixed-2.c:101:79 punctuator )
func-vararg-mixed-2.c:101:80 punctuator ;
func-vararg-mixed-2.c:102:3 keyword if
func-vararg-mixed-2.c:102:6 punctuator (
func-vararg-mixed-2.c:102:7 identifier vararg_int
func-vararg-mixed-2.c:102:18 punctuator (
func-vararg-mixed-2.c:102:19 constant 0
func-vararg-mixed-2.c:102:20 punctuator ,
func-vararg-mixed-2.c:102:22 constant 0
func-vararg-mixed-2.c:102:23 punctuator ,
func-vararg-mixed-2.c:102:25 constant 1.0dl
func-vararg-mixed-2.c:102:30 punctuator ,
func-vararg-mixed-2.c:102:32 constant 2.0
func-vararg-mixed-2.c:102:35 punctuator ,
func-vararg-mixed-2.c:102:37 constant 3.0df
func-vararg-mixed-2.c:102:42 punctuator ,
func-vararg-mixed-2.c:102:44 constant 4.0dd
func-vararg-mixed-2.c:102:49 punctuator )
func-vararg-mixed-2.c:102:51 punctuator !=
func-vararg-mixed-2.c:102:54 constant 0
func-vararg-mixed-2.c:102:55 punctuator )
func-vararg-mixed-2.c:102:57 identifier __builtin_abort
func-vararg-mixed-2.c:102:73 punctuator (
func-vararg-mixed-2.c:102:74 punctuator )
func-vararg-mixed-2.c:102:75 punctuator ;
func-vararg-mixed-2.c:103:3 keyword if
func-vararg-mixed-2.c:103:6 punctuator (
func-vararg-mixed-2.c:103:7 identifier vararg_double
func-vararg-mixed-2.c:103:21 punctuator (
func-vararg-mixed-2.c:103:22 constant 2
func-vararg-mixed-2.c:103:23 punctuator ,
func-vararg-mixed-2.c:103:25 constant 0
func-vararg-mixed-2.c:103:26 punctuator ,
func-vararg-mixed-2.c:103:28 constant 1.0dl
func-vararg-mixed-2.c:103:33 punctuator ,
func-vararg-mixed-2.c:103:35 constant 2.0
func-vararg-mixed-2.c:103:38 punctuator ,
func-vararg-mixed-2.c:103:40 constant 3.0df
func-vararg-mixed-2.c:103:45 punctuator ,
func-vararg-mixed-2.c:103:47 constant 4.0dd
func-vararg-mixed-2.c:103:52 punctuator )
func-vararg-mixed-2.c:103:54 punctuator !=
func-vararg-mixed-2.c:103:57 constant 2.0
func-vararg-mixed-2.c:103:60 punctuator )
func-vararg-mixed-2.c:103:62 identifier __builtin_abort
func-vararg-mixed-2.c:103:78 punctuator (
func-vararg-mixed-2.c:103:79 punctuator )
func-vararg-mixed-2.c:103:80 punctuator ;
func-vararg-mixed-2.c:105:3 keyword return
func-vararg-mixed-2.c:105:10 constant 0
func-vararg-mixed-2.c:105:11 punctuator ;
func-vararg-mixed-2.c:106:1 punctuator }
