0
operator-unary.c:3:1 keyword int
operator-unary.c:3:5 identifier failures
operator-unary.c:3:13 punctuator ;
operator-unary.c:4:1 keyword int
operator-unary.c:5:1 identifier main
operator-unary.c:5:6 punctuator (
operator-unary.c:5:7 punctuator )
operator-unary.c:6:1 punctuator {
operator-unary.c:8:3 keyword do
operator-unary.c:8:6 punctuator {
operator-unary.c:8:8 identifier _Decimal32
operator-unary.c:8:19 identifier in_de_d32
operator-unary.c:8:29 punctuator =
operator-unary.c:8:31 constant 0.0DF
operator-unary.c:8:36 punctuator ;
operator-unary.c:8:38 keyword if
operator-unary.c:8:41 punctuator (
operator-unary.c:8:42 identifier in_de_d32
operator-unary.c:8:51 punctuator ++
operator-unary.c:8:53 punctuator )
operator-unary.c:8:55 identifier __builtin_abort
operator-unary.c:8:71 punctuator (
operator-unary.c:8:72 punctuator )
operator-unary.c:8:73 punctuator ;
operator-unary.c:8:75 keyword if
operator-unary.c:8:78 punctuator (
operator-unary.c:8:79 punctuator --
operator-unary.c:8:81 identifier in_de_d32
operator-unary.c:8:90 punctuator )
operator-unary.c:8:92 identifier __builtin_abort
operator-unary.c:8:108 punctuator (
operator-unary.c:8:109 punctuator )
operator-unary.c:8:110 punctuator ;
operator-unary.c:8:112 keyword if
operator-unary.c:8:115 punctuator (
operator-unary.c:8:116 punctuator ++
operator-unary.c:8:118 identifier in_de_d32
operator-unary.c:8:128 punctuator ==
operator-unary.c:8:131 constant 0.0DF
operator-unary.c:8:136 punctuator )
operator-unary.c:8:138 identifier __builtin_abort
operator-unary.c:8:154 punctuator (
operator-unary.c:8:155 punctuator )
operator-unary.c:8:156 punctuator ;
operator-unary.c:8:158 keyword if
operator-unary.c:8:161 punctuator (
operator-unary.c:8:162 identifier in_de_d32
operator-unary.c:8:171 punctuator --
operator-unary.c:8:174 punctuator ==
operator-unary.c:8:177 constant 0.0DF
operator-unary.c:8:182 punctuator )
operator-unary.c:8:184 identifier __builtin_abort
operator-unary.c:8:200 punctuator (
operator-unary.c:8:201 punctuator )
operator-unary.c:8:202 punctuator ;
operator-unary.c:8:204 punctuator }
operator-unary.c:8:206 keyword while
operator-unary.c:8:211 punctuator (
operator-unary.c:8:212 constant 0
operator-unary.c:8:213 punctuator )
operator-unary.c:8:214 punctuator ;
operator-unary.c:9:3 keyword do
operator-unary.c:9:6 punctuator {
operator-unary.c:9:8 identifier _Decimal64
operator-unary.c:9:19 identifier in_de_d64
operator-unary.c:9:29 punctuator =
operator-unary.c:9:31 constant 0.0DD
operator-unary.c:9:36 punctuator ;
operator-unary.c:9:38 keyword if
operator-unary.c:9:41 punctuator (
operator-unary.c:9:42 identifier in_de_d64
operator-unary.c:9:51 punctuator ++
operator-unary.c:9:53 punctuator )
operator-unary.c:9:55 identifier __builtin_abort
operator-unary.c:9:71 punctuator (
operator-unary.c:9:72 punctuator )
operator-unary.c:9:73 punctuator ;
operator-unary.c:9:75 keyword if
operator-unary.c:9:78 punctuator (
operator-unary.c:9:79 punctuator --
operator-unary.c:9:81 identifier in_de_d64
operator-unary.c:9:90 punctuator )
operator-unary.c:9:92 identifier __builtin_abort
operator-unary.c:9:108 punctuator (
operator-unary.c:9:109 punctuator )
operator-unary.c:9:110 punctuator ;
operator-unary.c:9:112 keyword if
operator-unary.c:9:115 punctuator (
operator-unary.c:9:116 punctuator ++
operator-unary.c:9:118 identifier in_de_d64
operator-unary.c:9:128 punctuator ==
operator-unary.c:9:131 constant 0.0DD
operator-unary.c:9:136 punctuator )
operator-unary.c:9:138 identifier __builtin_abort
operator-unary.c:9:154 punctuator (
operator-unary.c:9:155 punctuator )
operator-unary.c:9:156 punctuator ;
operator-unary.c:9:158 keyword if
operator-unary.c:9:161 punctuator (
operator-unary.c:9:162 identifier in_de_d64
operator-unary.c:9:171 punctuator --
operator-unary.c:9:174 punctuator ==
operator-unary.c:9:177 constant 0.0DD
operator-unary.c:9:182 punctuator )
operator-unary.c:9:184 identifier __builtin_abort
operator-unary.c:9:200 punctuator (
operator-unary.c:9:201 punctuator )
operator-unary.c:9:202 punctuator ;
operator-unary.c:9:204 punctuator }
operator-unary.c:9:206 keyword while
operator-unary.c:9:211 punctuator (
operator-unary.c:9:212 constant 0
operator-unary.c:9:213 punctuator )
operator-unary.c:9:214 punctuator ;
operator-unary.c:10:3 keyword do
operator-unary.c:10:6 punctuator {
operator-unary.c:10:8 identifier _Decimal128
operator-unary.c:10:20 identifier in_de_d128
operator-unary.c:10:31 punctuator =
operator-unary.c:10:33 constant 0.0DL
operator-unary.c:10:38 punctuator ;
operator-unary.c:10:40 keyword if
operator-unary.c:10:43 punctuator (
operator-unary.c:10:44 identifier in_de_d128
operator-unary.c:10:54 punctuator ++
operator-unary.c:10:56 punctuator )
operator-unary.c:10:58 identifier __builtin_abort
operator-unary.c:10:74 punctuator (
operator-unary.c:10:75 punctuator )
operator-unary.c:10:76 punctuator ;
operator-unary.c:10:78 keyword if
operator-unary.c:10:81 punctuator (
operator-unary.c:10:82 punctuator --
operator-unary.c:10:84 identifier in_de_d128
operator-unary.c:10:94 punctuator )
operator-unary.c:10:96 identifier __builtin_abort
operator-unary.c:10:112 punctuator (
operator-unary.c:10:113 punctuator )
operator-unary.c:10:114 punctuator ;
operator-unary.c:10:116 keyword if
operator-unary.c:10:119 punctuator (
operator-unary.c:10:120 punctuator ++
operator-unary.c:10:122 identifier in_de_d128
operator-unary.c:10:133 punctuator ==
operator-unary.c:10:136 constant 0.0DL
operator-unary.c:10:141 punctuator )
operator-unary.c:10:143 identifier __builtin_abort
operator-unary.c:10:159 punctuator (
operator-unary.c:10:160 punctuator )
operator-unary.c:10:161 punctuator ;
operator-unary.c:10:163 keyword if
operator-unary.c:10:166 punctuator (
operator-unary.c:10:167 identifier in_de_d128
operator-unary.c:10:177 punctuator --
operator-unary.c:10:180 punctuator ==
operator-unary.c:10:183 constant 0.0DL
operator-unary.c:10:188 punctuator )
operator-unary.c:10:190 identifier __builtin_abort
operator-unary.c:10:206 punctuator (
operator-unary.c:10:207 punctuator )
operator-unary.c:10:208 punctuator ;
operator-unary.c:10:210 punctuator }
operator-unary.c:10:212 keyword while
operator-unary.c:10:217 punctuator (
operator-unary.c:10:218 constant 0
operator-unary.c:10:219 punctuator )
operator-unary.c:10:220 punctuator ;
operator-unary.c:13:3 keyword do
operator-unary.c:13:6 punctuator {
operator-unary.c:13:8 identifier _Decimal32
operator-unary.c:13:19 identifier unary_d32
operator-unary.c:13:29 punctuator =
operator-unary.c:13:31 constant 1.0DF
operator-unary.c:13:36 punctuator ;
operator-unary.c:13:38 identifier _Decimal32
operator-unary.c:13:48 punctuator *
operator-unary.c:13:50 identifier unary_dp32
operator-unary.c:13:60 punctuator ;
operator-unary.c:13:62 identifier unary_dp32
operator-unary.c:13:73 punctuator =
operator-unary.c:13:75 punctuator &
operator-unary.c:13:76 punctuator (
operator-unary.c:13:77 identifier unary_d32
operator-unary.c:13:86 punctuator )
operator-unary.c:13:87 punctuator ;
operator-unary.c:13:89 identifier unary_d32
operator-unary.c:13:99 punctuator =
operator-unary.c:13:101 punctuator *
operator-unary.c:13:102 punctuator (
operator-unary.c:13:103 identifier unary_dp32
operator-unary.c:13:113 punctuator )
operator-unary.c:13:114 punctuator ;
operator-unary.c:13:116 identifier unary_d32
operator-unary.c:13:126 punctuator =
operator-unary.c:13:128 punctuator -
operator-unary.c:13:129 identifier unary_d32
operator-unary.c:13:138 punctuator ;
operator-unary.c:13:140 keyword if
operator-unary.c:13:143 punctuator (
operator-unary.c:13:144 identifier unary_d32
operator-unary.c:13:154 punctuator !=
operator-unary.c:13:157 punctuator -
operator-unary.c:13:158 constant 1.0DF
operator-unary.c:13:163 punctuator )
operator-unary.c:13:165 identifier __builtin_abort
operator-unary.c:13:181 punctuator (
operator-unary.c:13:182 punctuator )
operator-unary.c:13:183 punctuator ;
operator-unary.c:13:185 identifier unary_d32
operator-unary.c:13:195 punctuator =
operator-unary.c:13:197 punctuator +
operator-unary.c:13:198 identifier unary_d32
operator-unary.c:13:207 punctuator ;
operator-unary.c:13:209 keyword if
operator-unary.c:13:212 punctuator (
operator-unary.c:13:213 identifier unary_d32
operator-unary.c:13:223 punctuator !=
operator-unary.c:13:226 punctuator -
operator-unary.c:13:227 constant 1.0DF
operator-unary.c:13:232 punctuator )
operator-unary.c:13:234 identifier __builtin_abort
operator-unary.c:13:250 punctuator (
operator-unary.c:13:251 punctuator )
operator-unary.c:13:252 punctuator ;
operator-unary.c:13:254 keyword if
operator-unary.c:13:257 punctuator (
operator-unary.c:13:258 punctuator !
operator-unary.c:13:259 identifier unary_d32
operator-unary.c:13:268 punctuator )
operator-unary.c:13:270 identifier __builtin_abort
operator-unary.c:13:286 punctuator (
operator-unary.c:13:287 punctuator )
operator-unary.c:13:288 punctuator ;
operator-unary.c:13:290 punctuator }
operator-unary.c:13:292 keyword while
operator-unary.c:13:298 punctuator (
operator-unary.c:13:299 constant 0
operator-unary.c:13:300 punctuator )
operator-unary.c:13:301 punctuator ;
operator-unary.c:14:3 keyword do
operator-unary.c:14:6 punctuator {
operator-unary.c:14:8 identifier _Decimal64
operator-unary.c:14:19 identifier unary_d64
operator-unary.c:14:29 punctuator =
operator-unary.c:14:31 constant 1.0DD
operator-unary.c:14:36 punctuator ;
operator-unary.c:14:38 identifier _Decimal64
operator-unary.c:14:48 punctuator *
operator-unary.c:14:50 identifier unary_dp64
operator-unary.c:14:60 punctuator ;
operator-unary.c:14:62 identifier unary_dp64
operator-unary.c:14:73 punctuator =
operator-unary.c:14:75 punctuator &
operator-unary.c:14:76 punctuator (
operator-unary.c:14:77 identifier unary_d64
operator-unary.c:14:86 punctuator )
operator-unary.c:14:87 punctuator ;
operator-unary.c:14:89 identifier unary_d64
operator-unary.c:14:99 punctuator =
operator-unary.c:14:101 punctuator *
operator-unary.c:14:102 punctuator (
operator-unary.c:14:103 identifier unary_dp64
operator-unary.c:14:113 punctuator )
operator-unary.c:14:114 punctuator ;
operator-unary.c:14:116 identifier unary_d64
operator-unary.c:14:126 punctuator =
operator-unary.c:14:128 punctuator -
operator-unary.c:14:129 identifier unary_d64
operator-unary.c:14:138 punctuator ;
operator-unary.c:14:140 keyword if
operator-unary.c:14:143 punctuator (
operator-unary.c:14:144 identifier unary_d64
operator-unary.c:14:154 punctuator !=
operator-unary.c:14:157 punctuator -
operator-unary.c:14:158 constant 1.0DD
operator-unary.c:14:163 punctuator )
operator-unary.c:14:165 identifier __builtin_abort
operator-unary.c:14:181 punctuator (
operator-unary.c:14:182 punctuator )
operator-unary.c:14:183 punctuator ;
operator-unary.c:14:185 identifier unary_d64
operator-unary.c:14:195 punctuator =
operator-unary.c:14:197 punctuator +
operator-unary.c:14:198 identifier unary_d64
operator-unary.c:14:207 punctuator ;
operator-unary.c:14:209 keyword if
operator-unary.c:14:212 punctuator (
operator-unary.c:14:213 identifier unary_d64
operator-unary.c:14:223 punctuator !=
operator-unary.c:14:226 punctuator -
operator-unary.c:14:227 constant 1.0DD
operator-unary.c:14:232 punctuator )
operator-unary.c:14:234 identifier __builtin_abort
operator-unary.c:14:250 punctuator (
operator-unary.c:14:251 punctuator )
operator-unary.c:14:252 punctuator ;
operator-unary.c:14:254 keyword if
operator-unary.c:14:257 punctuator (
operator-unary.c:14:258 punctuator !
operator-unary.c:14:259 identifier unary_d64
operator-unary.c:14:268 punctuator )
operator-unary.c:14:270 identifier __builtin_abort
operator-unary.c:14:286 punctuator (
operator-unary.c:14:287 punctuator )
operator-unary.c:14:288 punctuator ;
operator-unary.c:14:290 punctuator }
operator-unary.c:14:292 keyword while
operator-unary.c:14:298 punctuator (
operator-unary.c:14:299 constant 0
operator-unary.c:14:300 punctuator )
operator-unary.c:14:301 punctuator ;
operator-unary.c:15:3 keyword do
operator-unary.c:15:6 punctuator {
operator-unary.c:15:8 identifier _Decimal128
operator-unary.c:15:20 identifier unary_d128
operator-unary.c:15:31 punctuator =
operator-unary.c:15:33 constant 1.0DL
operator-unary.c:15:38 punctuator ;
operator-unary.c:15:40 identifier _Decimal128
operator-unary.c:15:51 punctuator *
operator-unary.c:15:53 identifier unary_dp128
operator-unary.c:15:64 punctuator ;
operator-unary.c:15:66 identifier unary_dp128
operator-unary.c:15:78 punctuator =
operator-unary.c:15:80 punctuator &
operator-unary.c:15:81 punctuator (
operator-unary.c:15:82 identifier unary_d128
operator-unary.c:15:92 punctuator )
operator-unary.c:15:93 punctuator ;
operator-unary.c:15:95 identifier unary_d128
operator-unary.c:15:106 punctuator =
operator-unary.c:15:108 punctuator *
operator-unary.c:15:109 punctuator (
operator-unary.c:15:110 identifier unary_dp128
operator-unary.c:15:121 punctuator )
operator-unary.c:15:122 punctuator ;
operator-unary.c:15:124 identifier unary_d128
operator-unary.c:15:135 punctuator =
operator-unary.c:15:137 punctuator -
operator-unary.c:15:138 identifier unary_d128
operator-unary.c:15:148 punctuator ;
operator-unary.c:15:150 keyword if
operator-unary.c:15:153 punctuator (
operator-unary.c:15:154 identifier unary_d128
operator-unary.c:15:165 punctuator !=
operator-unary.c:15:168 punctuator -
operator-unary.c:15:169 constant 1.0DL
operator-unary.c:15:174 punctuator )
operator-unary.c:15:176 identifier __builtin_abort
operator-unary.c:15:192 punctuator (
operator-unary.c:15:193 punctuator )
operator-unary.c:15:194 punctuator ;
operator-unary.c:15:196 identifier unary_d128
operator-unary.c:15:207 punctuator =
operator-unary.c:15:209 punctuator +
operator-unary.c:15:210 identifier unary_d128
operator-unary.c:15:220 punctuator ;
operator-unary.c:15:222 keyword if
operator-unary.c:15:225 punctuator (
operator-unary.c:15:226 identifier unary_d128
operator-unary.c:15:237 punctuator !=
operator-unary.c:15:240 punctuator -
operator-unary.c:15:241 constant 1.0DL
operator-unary.c:15:246 punctuator )
operator-unary.c:15:248 identifier __builtin_abort
operator-unary.c:15:264 punctuator (
operator-unary.c:15:265 punctuator )
operator-unary.c:15:266 punctuator ;
operator-unary.c:15:268 keyword if
operator-unary.c:15:271 punctuator (
operator-unary.c:15:272 punctuator !
operator-unary.c:15:273 identifier unary_d128
operator-unary.c:15:283 punctuator )
operator-unary.c:15:285 identifier __builtin_abort
operator-unary.c:15:301 punctuator (
operator-unary.c:15:302 punctuator )
operator-unary.c:15:303 punctuator ;
operator-unary.c:15:305 punctuator }
operator-unary.c:15:307 keyword while
operator-unary.c:15:313 punctuator (
operator-unary.c:15:314 constant 0
operator-unary.c:15:315 punctuator )
operator-unary.c:15:316 punctuator ;
operator-unary.c:18:3 keyword if
operator-unary.c:18:6 punctuator (
operator-unary.c:18:7 punctuator -
operator-unary.c:18:9 punctuator +
operator-unary.c:18:10 constant 0.df
operator-unary.c:18:15 punctuator !=
operator-unary.c:18:18 punctuator -
operator-unary.c:18:19 constant 0.df
operator-unary.c:18:23 punctuator )
operator-unary.c:18:25 identifier __builtin_abort
operator-unary.c:18:41 punctuator (
operator-unary.c:18:42 punctuator )
operator-unary.c:18:43 punctuator ;
operator-unary.c:19:3 keyword if
operator-unary.c:19:6 punctuator (
operator-unary.c:19:7 punctuator +
operator-unary.c:19:9 punctuator -
operator-unary.c:19:10 constant 0.df
operator-unary.c:19:15 punctuator !=
operator-unary.c:19:18 punctuator -
operator-unary.c:19:19 constant 0.df
operator-unary.c:19:23 punctuator )
operator-unary.c:19:25 identifier __builtin_abort
operator-unary.c:19:41 punctuator (
operator-unary.c:19:42 punctuator )
operator-unary.c:19:43 punctuator ;
operator-unary.c:20:3 keyword if
operator-unary.c:20:6 punctuator (
operator-unary.c:20:7 punctuator -
operator-unary.c:20:9 punctuator -
operator-unary.c:20:10 constant 0.df
operator-unary.c:20:15 punctuator !=
operator-unary.c:20:18 punctuator +
operator-unary.c:20:19 constant 0.df
operator-unary.c:20:23 punctuator )
operator-unary.c:20:25 identifier __builtin_abort
operator-unary.c:20:41 punctuator (
operator-unary.c:20:42 punctuator )
operator-unary.c:20:43 punctuator ;
operator-unary.c:22:3 keyword return
operator-unary.c:22:10 constant 0
operator-unary.c:22:11 punctuator ;
operator-unary.c:23:1 punctuator }
