0
operator-cond.c:6:1 keyword int
operator-cond.c:6:5 identifier failures
operator-cond.c:6:13 punctuator ;
operator-cond.c:8:1 keyword volatile
operator-cond.c:8:10 identifier _Decimal32
operator-cond.c:8:21 identifier d32a
operator-cond.c:8:25 punctuator ,
operator-cond.c:8:27 identifier d32b
operator-cond.c:8:31 punctuator ,
operator-cond.c:8:33 identifier d32c
operator-cond.c:8:37 punctuator ;
operator-cond.c:9:1 keyword volatile
operator-cond.c:9:10 identifier _Decimal64
operator-cond.c:9:21 identifier d64a
operator-cond.c:9:25 punctuator ,
operator-cond.c:9:27 identifier d64b
operator-cond.c:9:31 punctuator ,
operator-cond.c:9:33 identifier d64c
operator-cond.c:9:37 punctuator ;
operator-cond.c:10:1 keyword volatile
operator-cond.c:10:10 identifier _Decimal128
operator-cond.c:10:22 identifier d128a
operator-cond.c:10:27 punctuator ,
operator-cond.c:10:29 identifier d128b
operator-cond.c:10:34 punctuator ,
operator-cond.c:10:36 identifier d128c
operator-cond.c:10:41 punctuator ;
operator-cond.c:11:1 keyword volatile
operator-cond.c:11:10 keyword int
operator-cond.c:11:14 identifier i
operator-cond.c:11:15 punctuator ,
operator-cond.c:11:17 identifier yes
operator-cond.c:11:20 punctuator ,
operator-cond.c:11:22 identifier no
operator-cond.c:11:24 punctuator ;
operator-cond.c:13:1 keyword void
operator-cond.c:14:1 identifier init
operator-cond.c:14:6 punctuator (
operator-cond.c:14:7 punctuator )
operator-cond.c:15:1 punctuator {
operator-cond.c:16:3 identifier d32b
operator-cond.c:16:8 punctuator =
operator-cond.c:16:10 constant 123.456e94df
operator-cond.c:16:22 punctuator ;
operator-cond.c:17:3 identifier d64b
operator-cond.c:17:8 punctuator =
operator-cond.c:17:10 constant 12.3456789012345e383dd
operator-cond.c:17:32 punctuator ;
operator-cond.c:18:3 identifier d128b
operator-cond.c:18:9 punctuator =
operator-cond.c:18:11 constant 12345.6789012345678901e4000dl
operator-cond.c:18:40 punctuator ;
operator-cond.c:20:3 identifier d32c
operator-cond.c:20:8 punctuator =
operator-cond.c:20:10 constant 1.3df
operator-cond.c:20:15 punctuator ;
operator-cond.c:21:3 identifier d64c
operator-cond.c:21:8 punctuator =
operator-cond.c:21:10 constant 1.2dd
operator-cond.c:21:15 punctuator ;
operator-cond.c:22:3 identifier d128c
operator-cond.c:22:9 punctuator =
operator-cond.c:22:11 constant 1.1dl
operator-cond.c:22:16 punctuator ;
operator-cond.c:24:3 identifier i
operator-cond.c:24:5 punctuator =
operator-cond.c:24:7 constant 2
operator-cond.c:24:8 punctuator ;
operator-cond.c:25:3 identifier yes
operator-cond.c:25:7 punctuator =
operator-cond.c:25:9 constant 1
operator-cond.c:25:10 punctuator ;
operator-cond.c:26:3 identifier no
operator-cond.c:26:6 punctuator =
operator-cond.c:26:8 constant 0
operator-cond.c:26:9 punctuator ;
operator-cond.c:27:1 punctuator }
operator-cond.c:29:1 keyword int
operator-cond.c:30:1 identifier main
operator-cond.c:30:6 punctuator (
operator-cond.c:30:7 punctuator )
operator-cond.c:31:1 punctuator {
operator-cond.c:32:3 identifier init
operator-cond.c:32:8 punctuator (
operator-cond.c:32:9 punctuator )
operator-cond.c:32:10 punctuator ;
operator-cond.c:35:3 identifier d32a
operator-cond.c:35:8 punctuator =
operator-cond.c:35:10 identifier yes
operator-cond.c:35:14 punctuator ?
operator-cond.c:35:16 identifier d32b
operator-cond.c:35:21 punctuator :
operator-cond.c:35:23 identifier d32c
operator-cond.c:35:27 punctuator ;
operator-cond.c:36:3 keyword if
operator-cond.c:36:6 punctuator (
operator-cond.c:36:7 identifier d32a
operator-cond.c:36:12 punctuator !=
operator-cond.c:36:15 identifier d32b
operator-cond.c:36:19 punctuator )
operator-cond.c:37:5 identifier __builtin_abort
operator-cond.c:37:21 punctuator (
operator-cond.c:37:22 punctuator )
operator-cond.c:37:23 punctuator ;
operator-cond.c:38:3 identifier d64a
operator-cond.c:38:8 punctuator =
operator-cond.c:38:10 identifier no
operator-cond.c:38:13 punctuator ?
operator-cond.c:38:15 identifier d64b
operator-cond.c:38:20 punctuator :
operator-cond.c:38:22 identifier d64c
operator-cond.c:38:26 punctuator ;
operator-cond.c:39:3 keyword if
operator-cond.c:39:6 punctuator (
operator-cond.c:39:7 identifier d64a
operator-cond.c:39:12 punctuator !=
operator-cond.c:39:15 identifier d64c
operator-cond.c:39:19 punctuator )
operator-cond.c:40:5 identifier __builtin_abort
operator-cond.c:40:21 punctuator (
operator-cond.c:40:22 punctuator )
operator-cond.c:40:23 punctuator ;
operator-cond.c:41:3 identifier d128a
operator-cond.c:41:9 punctuator =
operator-cond.c:41:11 identifier yes
operator-cond.c:41:15 punctuator ?
operator-cond.c:41:17 identifier d128b
operator-cond.c:41:23 punctuator :
operator-cond.c:41:25 identifier d128c
operator-cond.c:41:30 punctuator ;
operator-cond.c:42:3 keyword if
operator-cond.c:42:6 punctuator (
operator-cond.c:42:7 identifier d128a
operator-cond.c:42:13 punctuator !=
operator-cond.c:42:16 identifier d128b
operator-cond.c:42:21 punctuator )
operator-cond.c:43:5 identifier __builtin_abort
operator-cond.c:43:21 punctuator (
operator-cond.c:43:22 punctuator )
operator-cond.c:43:23 punctuator ;
operator-cond.c:46:3 identifier d128a
operator-cond.c:46:9 punctuator =
operator-cond.c:46:11 identifier yes
operator-cond.c:46:15 punctuator ?
operator-cond.c:46:17 identifier d32b
operator-cond.c:46:22 punctuator :
operator-cond.c:46:24 identifier d64b
operator-cond.c:46:28 punctuator ;
operator-cond.c:47:3 keyword if
operator-cond.c:47:6 punctuator (
operator-cond.c:47:7 identifier d128a
operator-cond.c:47:13 punctuator !=
operator-cond.c:47:16 identifier d32b
operator-cond.c:47:20 punctuator )
operator-cond.c:48:5 identifier __builtin_abort
operator-cond.c:48:21 punctuator (
operator-cond.c:48:22 punctuator )
operator-cond.c:48:23 punctuator ;
operator-cond.c:49:3 identifier d128a
operator-cond.c:49:9 punctuator =
operator-cond.c:49:11 identifier yes
operator-cond.c:49:15 punctuator ?
operator-cond.c:49:17 identifier d128b
operator-cond.c:49:23 punctuator :
operator-cond.c:49:25 identifier d64b
operator-cond.c:49:29 punctuator ;
operator-cond.c:50:3 keyword if
operator-cond.c:50:6 punctuator (
operator-cond.c:50:7 identifier d128a
operator-cond.c:50:13 punctuator !=
operator-cond.c:50:16 identifier d128b
operator-cond.c:50:21 punctuator )
operator-cond.c:51:5 identifier __builtin_abort
operator-cond.c:51:21 punctuator (
operator-cond.c:51:22 punctuator )
operator-cond.c:51:23 punctuator ;
operator-cond.c:52:3 identifier d128a
operator-cond.c:52:9 punctuator =
operator-cond.c:52:11 identifier no
operator-cond.c:52:14 punctuator ?
operator-cond.c:52:16 identifier d32b
operator-cond.c:52:21 punctuator :
operator-cond.c:52:23 identifier d128b
operator-cond.c:52:28 punctuator ;
operator-cond.c:53:3 keyword if
operator-cond.c:53:6 punctuator (
operator-cond.c:53:7 identifier d128a
operator-cond.c:53:13 punctuator !=
operator-cond.c:53:16 identifier d128b
operator-cond.c:53:21 punctuator )
operator-cond.c:54:5 identifier __builtin_abort
operator-cond.c:54:21 punctuator (
operator-cond.c:54:22 punctuator )
operator-cond.c:54:23 punctuator ;
operator-cond.c:56:3 keyword return
operator-cond.c:56:10 constant 0
operator-cond.c:56:11 punctuator ;
operator-cond.c:57:1 punctuator }
