0
usual-arith-conv-const.c:5:1 keyword int
usual-arith-conv-const.c:5:5 identifier failures
usual-arith-conv-const.c:5:13 punctuator ;
usual-arith-conv-const.c:6:1 keyword int
usual-arith-conv-const.c:7:1 identifier main
usual-arith-conv-const.c:7:6 punctuator (
usual-arith-conv-const.c:7:7 punctuator )
usual-arith-conv-const.c:8:1 punctuator {
usual-arith-conv-const.c:9:3 keyword do
usual-arith-conv-const.c:9:6 punctuator {
usual-arith-conv-const.c:9:8 keyword typedef
usual-arith-conv-const.c:9:16 identifier _Decimal32
usual-arith-conv-const.c:9:27 identifier type
usual-arith-conv-const.c:9:31 punctuator ;
usual-arith-conv-const.c:9:33 keyword typedef
usual-arith-conv-const.c:9:41 identifier type
usual-arith-conv-const.c:9:46 punctuator *
usual-arith-conv-const.c:9:47 punctuator *
usual-arith-conv-const.c:9:48 identifier typepp
usual-arith-conv-const.c:9:54 punctuator ;
usual-arith-conv-const.c:9:56 keyword typedef
usual-arith-conv-const.c:9:64 identifier __typeof__
usual-arith-conv-const.c:9:74 punctuator (
usual-arith-conv-const.c:9:75 punctuator (
usual-arith-conv-const.c:9:76 constant 3
usual-arith-conv-const.c:9:78 punctuator +
usual-arith-conv-const.c:9:80 constant 2.1df
usual-arith-conv-const.c:9:85 punctuator )
usual-arith-conv-const.c:9:86 punctuator )
usual-arith-conv-const.c:9:88 identifier ctype
usual-arith-conv-const.c:9:93 punctuator ;
usual-arith-conv-const.c:9:95 keyword typedef
usual-arith-conv-const.c:9:103 identifier ctype
usual-arith-conv-const.c:9:109 punctuator *
usual-arith-conv-const.c:9:110 punctuator *
usual-arith-conv-const.c:9:111 identifier ctypepp
usual-arith-conv-const.c:9:118 punctuator ;
usual-arith-conv-const.c:9:120 identifier typepp
usual-arith-conv-const.c:9:127 identifier x
usual-arith-conv-const.c:9:129 punctuator =
usual-arith-conv-const.c:9:131 constant 0
usual-arith-conv-const.c:9:132 punctuator ;
usual-arith-conv-const.c:9:134 identifier ctypepp
usual-arith-conv-const.c:9:142 identifier y
usual-arith-conv-const.c:9:144 punctuator =
usual-arith-conv-const.c:9:146 constant 0
usual-arith-conv-const.c:9:147 punctuator ;
usual-arith-conv-const.c:9:149 identifier x
usual-arith-conv-const.c:9:151 punctuator =
usual-arith-conv-const.c:9:153 identifier y
usual-arith-conv-const.c:9:154 punctuator ;
usual-arith-conv-const.c:9:156 identifier y
usual-arith-conv-const.c:9:158 punctuator =
usual-arith-conv-const.c:9:160 identifier x
usual-arith-conv-const.c:9:161 punctuator ;
usual-arith-conv-const.c:9:163 punctuator }
usual-arith-conv-const.c:9:165 keyword while
usual-arith-conv-const.c:9:171 punctuator (
usual-arith-conv-const.c:9:172 constant 0
usual-arith-conv-const.c:9:173 punctuator )
usual-arith-conv-const.c:9:174 punctuator ;
usual-arith-conv-const.c:10:3 keyword do
usual-arith-conv-const.c:10:6 punctuator {
usual-arith-conv-const.c:10:8 keyword typedef
usual-arith-conv-const.c:10:16 identifier _Decimal32
usual-arith-conv-const.c:10:27 identifier type
usual-arith-conv-const.c:10:31 punctuator ;
usual-arith-conv-const.c:10:33 keyword typedef
usual-arith-conv-const.c:10:41 identifier type
usual-arith-conv-const.c:10:46 punctuator *
usual-arith-conv-const.c:10:47 punctuator *
usual-arith-conv-const.c:10:48 identifier typepp
usual-arith-conv-const.c:10:54 punctuator ;
usual-arith-conv-const.c:10:56 keyword typedef
usual-arith-conv-const.c:10:64 identifier __typeof__
usual-arith-conv-const.c:10:74 punctuator (
usual-arith-conv-const.c:10:75 punctuator (
usual-arith-conv-const.c:10:76 constant 1.3df
usual-arith-conv-const.c:10:82 punctuator +
usual-arith-conv-const.c:10:84 constant 2
usual-arith-conv-const.c:10:85 punctuator )
usual-arith-conv-const.c:10:86 punctuator )
usual-arith-conv-const.c:10:88 identifier ctype
usual-arith-conv-const.c:10:93 punctuator ;
usual-arith-conv-const.c:10:95 keyword typedef
usual-arith-conv-const.c:10:103 identifier ctype
usual-arith-conv-const.c:10:109 punctuator *
usual-arith-conv-const.c:10:110 punctuator *
usual-arith-conv-const.c:10:111 identifier ctypepp
usual-arith-conv-const.c:10:118 punctuator ;
usual-arith-conv-const.c:10:120 identifier typepp
usual-arith-conv-const.c:10:127 identifier x
usual-arith-conv-const.c:10:129 punctuator =
usual-arith-conv-const.c:10:131 constant 0
usual-arith-conv-const.c:10:132 punctuator ;
usual-arith-conv-const.c:10:134 identifier ctypepp
usual-arith-conv-const.c:10:142 identifier y
usual-arith-conv-const.c:10:144 punctuator =
usual-arith-conv-const.c:10:146 constant 0
usual-arith-conv-const.c:10:147 punctuator ;
usual-arith-conv-const.c:10:149 identifier x
usual-arith-conv-const.c:10:151 punctuator =
usual-arith-conv-const.c:10:153 identifier y
usual-arith-conv-const.c:10:154 punctuator ;
usual-arith-conv-const.c:10:156 identifier y
usual-arith-conv-const.c:10:158 punctuator =
usual-arith-conv-const.c:10:160 identifier x
usual-arith-conv-const.c:10:161 punctuator ;
usual-arith-conv-const.c:10:163 punctuator }
usual-arith-conv-const.c:10:165 keyword while
usual-arith-conv-const.c:10:171 punctuator (
usual-arith-conv-const.c:10:172 constant 0
usual-arith-conv-const.c:10:173 punctuator )
usual-arith-conv-const.c:10:174 punctuator ;
usual-arith-conv-const.c:11:3 keyword do
usual-arith-conv-const.c:11:6 punctuator {
usual-arith-conv-const.c:11:8 keyword typedef
usual-arith-conv-const.c:11:16 identifier _Decimal64
usual-arith-conv-const.c:11:27 identifier type
usual-arith-conv-const.c:11:31 punctuator ;
usual-arith-conv-const.c:11:33 keyword typedef
usual-arith-conv-const.c:11:41 identifier type
usual-arith-conv-const.c:11:46 punctuator *
usual-arith-conv-const.c:11:47 punctuator *
usual-arith-conv-const.c:11:48 identifier typepp
usual-arith-conv-const.c:11:54 punctuator ;
usual-arith-conv-const.c:11:56 keyword typedef
usual-arith-conv-const.c:11:64 identifier __typeof__
usual-arith-conv-const.c:11:74 punctuator (
usual-arith-conv-const.c:11:75 punctuator (
usual-arith-conv-const.c:11:76 constant 56U
usual-arith-conv-const.c:11:80 punctuator -
usual-arith-conv-const.c:11:82 constant 55.0dd
usual-arith-conv-const.c:11:88 punctuator )
usual-arith-conv-const.c:11:89 punctuator )
usual-arith-conv-const.c:11:91 identifier ctype
usual-arith-conv-const.c:11:96 punctuator ;
usual-arith-conv-const.c:11:98 keyword typedef
usual-arith-conv-const.c:11:106 identifier ctype
usual-arith-conv-const.c:11:112 punctuator *
usual-arith-conv-const.c:11:113 punctuator *
usual-arith-conv-const.c:11:114 identifier ctypepp
usual-arith-conv-const.c:11:121 punctuator ;
usual-arith-conv-const.c:11:123 identifier typepp
usual-arith-conv-const.c:11:130 identifier x
usual-arith-conv-const.c:11:132 punctuator =
usual-arith-conv-const.c:11:134 constant 0
usual-arith-conv-const.c:11:135 punctuator ;
usual-arith-conv-const.c:11:137 identifier ctypepp
usual-arith-conv-const.c:11:145 identifier y
usual-arith-conv-const.c:11:147 punctuator =
usual-arith-conv-const.c:11:149 constant 0
usual-arith-conv-const.c:11:150 punctuator ;
usual-arith-conv-const.c:11:152 identifier x
usual-arith-conv-const.c:11:154 punctuator =
usual-arith-conv-const.c:11:156 identifier y
usual-arith-conv-const.c:11:157 punctuator ;
usual-arith-conv-const.c:11:159 identifier y
usual-arith-conv-const.c:11:161 punctuator =
usual-arith-conv-const.c:11:163 identifier x
usual-arith-conv-const.c:11:164 punctuator ;
usual-arith-conv-const.c:11:166 punctuator }
usual-arith-conv-const.c:11:168 keyword while
usual-arith-conv-const.c:11:174 punctuator (
usual-arith-conv-const.c:11:175 constant 0
usual-arith-conv-const.c:11:176 punctuator )
usual-arith-conv-const.c:11:177 punctuator ;
usual-arith-conv-const.c:12:3 keyword do
usual-arith-conv-const.c:12:6 punctuator {
usual-arith-conv-const.c:12:8 keyword typedef
usual-arith-conv-const.c:12:16 identifier _Decimal128
usual-arith-conv-const.c:12:28 identifier type
usual-arith-conv-const.c:12:32 punctuator ;
usual-arith-conv-const.c:12:34 keyword typedef
usual-arith-conv-const.c:12:42 identifier type
usual-arith-conv-const.c:12:47 punctuator *
usual-arith-conv-const.c:12:48 punctuator *
usual-arith-conv-const.c:12:49 identifier typepp
usual-arith-conv-const.c:12:55 punctuator ;
usual-arith-conv-const.c:12:57 keyword typedef
usual-arith-conv-const.c:12:65 identifier __typeof__
usual-arith-conv-const.c:12:75 punctuator (
usual-arith-conv-const.c:12:76 punctuator (
usual-arith-conv-const.c:12:77 constant 5
usual-arith-conv-const.c:12:79 punctuator *
usual-arith-conv-const.c:12:81 constant .2DL
usual-arith-conv-const.c:12:85 punctuator )
usual-arith-conv-const.c:12:86 punctuator )
usual-arith-conv-const.c:12:88 identifier ctype
usual-arith-conv-const.c:12:93 punctuator ;
usual-arith-conv-const.c:12:95 keyword typedef
usual-arith-conv-const.c:12:103 identifier ctype
usual-arith-conv-const.c:12:109 punctuator *
usual-arith-conv-const.c:12:110 punctuator *
usual-arith-conv-const.c:12:111 identifier ctypepp
usual-arith-conv-const.c:12:118 punctuator ;
usual-arith-conv-const.c:12:120 identifier typepp
usual-arith-conv-const.c:12:127 identifier x
usual-arith-conv-const.c:12:129 punctuator =
usual-arith-conv-const.c:12:131 constant 0
usual-arith-conv-const.c:12:132 punctuator ;
usual-arith-conv-const.c:12:134 identifier ctypepp
usual-arith-conv-const.c:12:142 identifier y
usual-arith-conv-const.c:12:144 punctuator =
usual-arith-conv-const.c:12:146 constant 0
usual-arith-conv-const.c:12:147 punctuator ;
usual-arith-conv-const.c:12:149 identifier x
usual-arith-conv-const.c:12:151 punctuator =
usual-arith-conv-const.c:12:153 identifier y
usual-arith-conv-const.c:12:154 punctuator ;
usual-arith-conv-const.c:12:156 identifier y
usual-arith-conv-const.c:12:158 punctuator =
usual-arith-conv-const.c:12:160 identifier x
usual-arith-conv-const.c:12:161 punctuator ;
usual-arith-conv-const.c:12:163 punctuator }
usual-arith-conv-const.c:12:165 keyword while
usual-arith-conv-const.c:12:171 punctuator (
usual-arith-conv-const.c:12:172 constant 0
usual-arith-conv-const.c:12:173 punctuator )
usual-arith-conv-const.c:12:174 punctuator ;
usual-arith-conv-const.c:13:3 keyword do
usual-arith-conv-const.c:13:6 punctuator {
usual-arith-conv-const.c:13:8 keyword typedef
usual-arith-conv-const.c:13:16 identifier _Decimal128
usual-arith-conv-const.c:13:28 identifier type
usual-arith-conv-const.c:13:32 punctuator ;
usual-arith-conv-const.c:13:34 keyword typedef
usual-arith-conv-const.c:13:42 identifier type
usual-arith-conv-const.c:13:47 punctuator *
usual-arith-conv-const.c:13:48 punctuator *
usual-arith-conv-const.c:13:49 identifier typepp
usual-arith-conv-const.c:13:55 punctuator ;
usual-arith-conv-const.c:13:57 keyword typedef
usual-arith-conv-const.c:13:65 identifier __typeof__
usual-arith-conv-const.c:13:75 punctuator (
usual-arith-conv-const.c:13:76 punctuator (
usual-arith-conv-const.c:13:77 constant .88dl
usual-arith-conv-const.c:13:83 punctuator /
usual-arith-conv-const.c:13:85 constant 2L
usual-arith-conv-const.c:13:87 punctuator )
usual-arith-conv-const.c:13:88 punctuator )
usual-arith-conv-const.c:13:90 identifier ctype
usual-arith-conv-const.c:13:95 punctuator ;
usual-arith-conv-const.c:13:97 keyword typedef
usual-arith-conv-const.c:13:105 identifier ctype
usual-arith-conv-const.c:13:111 punctuator *
usual-arith-conv-const.c:13:112 punctuator *
usual-arith-conv-const.c:13:113 identifier ctypepp
usual-arith-conv-const.c:13:120 punctuator ;
usual-arith-conv-const.c:13:122 identifier typepp
usual-arith-conv-const.c:13:129 identifier x
usual-arith-conv-const.c:13:131 punctuator =
usual-arith-conv-const.c:13:133 constant 0
usual-arith-conv-const.c:13:134 punctuator ;
usual-arith-conv-const.c:13:136 identifier ctypepp
usual-arith-conv-const.c:13:144 identifier y
usual-arith-conv-const.c:13:146 punctuator =
usual-arith-conv-const.c:13:148 constant 0
usual-arith-conv-const.c:13:149 punctuator ;
usual-arith-conv-const.c:13:151 identifier x
usual-arith-conv-const.c:13:153 punctuator =
usual-arith-conv-const.c:13:155 identifier y
usual-arith-conv-const.c:13:156 punctuator ;
usual-arith-conv-const.c:13:158 identifier y
usual-arith-conv-const.c:13:160 punctuator =
usual-arith-conv-const.c:13:162 identifier x
usual-arith-conv-const.c:13:163 punctuator ;
usual-arith-conv-const.c:13:165 punctuator }
usual-arith-conv-const.c:13:167 keyword while
usual-arith-conv-const.c:13:173 punctuator (
usual-arith-conv-const.c:13:174 constant 0
usual-arith-conv-const.c:13:175 punctuator )
usual-arith-conv-const.c:13:176 punctuator ;
usual-arith-conv-const.c:14:3 keyword do
usual-arith-conv-const.c:14:6 punctuator {
usual-arith-conv-const.c:14:8 keyword typedef
usual-arith-conv-const.c:14:16 identifier _Decimal64
usual-arith-conv-const.c:14:27 identifier type
usual-arith-conv-const.c:14:31 punctuator ;
usual-arith-conv-const.c:14:33 keyword typedef
usual-arith-conv-const.c:14:41 identifier type
usual-arith-conv-const.c:14:46 punctuator *
usual-arith-conv-const.c:14:47 punctuator *
usual-arith-conv-const.c:14:48 identifier typepp
usual-arith-conv-const.c:14:54 punctuator ;
usual-arith-conv-const.c:14:56 keyword typedef
usual-arith-conv-const.c:14:64 identifier __typeof__
usual-arith-conv-const.c:14:74 punctuator (
usual-arith-conv-const.c:14:75 punctuator (
usual-arith-conv-const.c:14:76 constant .114df
usual-arith-conv-const.c:14:83 punctuator -
usual-arith-conv-const.c:14:85 constant 1.6dd
usual-arith-conv-const.c:14:90 punctuator )
usual-arith-conv-const.c:14:91 punctuator )
usual-arith-conv-const.c:14:93 identifier ctype
usual-arith-conv-const.c:14:98 punctuator ;
usual-arith-conv-const.c:14:100 keyword typedef
usual-arith-conv-const.c:14:108 identifier ctype
usual-arith-conv-const.c:14:114 punctuator *
usual-arith-conv-const.c:14:115 punctuator *
usual-arith-conv-const.c:14:116 identifier ctypepp
usual-arith-conv-const.c:14:123 punctuator ;
usual-arith-conv-const.c:14:125 identifier typepp
usual-arith-conv-const.c:14:132 identifier x
usual-arith-conv-const.c:14:134 punctuator =
usual-arith-conv-const.c:14:136 constant 0
usual-arith-conv-const.c:14:137 punctuator ;
usual-arith-conv-const.c:14:139 identifier ctypepp
usual-arith-conv-const.c:14:147 identifier y
usual-arith-conv-const.c:14:149 punctuator =
usual-arith-conv-const.c:14:151 constant 0
usual-arith-conv-const.c:14:152 punctuator ;
usual-arith-conv-const.c:14:154 identifier x
usual-arith-conv-const.c:14:156 punctuator =
usual-arith-conv-const.c:14:158 identifier y
usual-arith-conv-const.c:14:159 punctuator ;
usual-arith-conv-const.c:14:161 identifier y
usual-arith-conv-const.c:14:163 punctuator =
usual-arith-conv-const.c:14:165 identifier x
usual-arith-conv-const.c:14:166 punctuator ;
usual-arith-conv-const.c:14:168 punctuator }
usual-arith-conv-const.c:14:170 keyword while
usual-arith-conv-const.c:14:176 punctuator (
usual-arith-conv-const.c:14:177 constant 0
usual-arith-conv-const.c:14:178 punctuator )
usual-arith-conv-const.c:14:179 punctuator ;
usual-arith-conv-const.c:15:3 keyword do
usual-arith-conv-const.c:15:6 punctuator {
usual-arith-conv-const.c:15:8 keyword typedef
usual-arith-conv-const.c:15:16 identifier _Decimal32
usual-arith-conv-const.c:15:27 identifier type
usual-arith-conv-const.c:15:31 punctuator ;
usual-arith-conv-const.c:15:33 keyword typedef
usual-arith-conv-const.c:15:41 identifier type
usual-arith-conv-const.c:15:46 punctuator *
usual-arith-conv-const.c:15:47 punctuator *
usual-arith-conv-const.c:15:48 identifier typepp
usual-arith-conv-const.c:15:54 punctuator ;
usual-arith-conv-const.c:15:56 keyword typedef
usual-arith-conv-const.c:15:64 identifier __typeof__
usual-arith-conv-const.c:15:74 punctuator (
usual-arith-conv-const.c:15:75 punctuator (
usual-arith-conv-const.c:15:76 constant 3L
usual-arith-conv-const.c:15:79 punctuator -
usual-arith-conv-const.c:15:81 constant 1
usual-arith-conv-const.c:15:83 punctuator +
usual-arith-conv-const.c:15:85 constant .55df
usual-arith-conv-const.c:15:90 punctuator )
usual-arith-conv-const.c:15:91 punctuator )
usual-arith-conv-const.c:15:93 identifier ctype
usual-arith-conv-const.c:15:98 punctuator ;
usual-arith-conv-const.c:15:100 keyword typedef
usual-arith-conv-const.c:15:108 identifier ctype
usual-arith-conv-const.c:15:114 punctuator *
usual-arith-conv-const.c:15:115 punctuator *
usual-arith-conv-const.c:15:116 identifier ctypepp
usual-arith-conv-const.c:15:123 punctuator ;
usual-arith-conv-const.c:15:125 identifier typepp
usual-arith-conv-const.c:15:132 identifier x
usual-arith-conv-const.c:15:134 punctuator =
usual-arith-conv-const.c:15:136 constant 0
usual-arith-conv-const.c:15:137 punctuator ;
usual-arith-conv-const.c:15:139 identifier ctypepp
usual-arith-conv-const.c:15:147 identifier y
usual-arith-conv-const.c:15:149 punctuator =
usual-arith-conv-const.c:15:151 constant 0
usual-arith-conv-const.c:15:152 punctuator ;
usual-arith-conv-const.c:15:154 identifier x
usual-arith-conv-const.c:15:156 punctuator =
usual-arith-conv-const.c:15:158 identifier y
usual-arith-conv-const.c:15:159 punctuator ;
usual-arith-conv-const.c:15:161 identifier y
usual-arith-conv-const.c:15:163 punctuator =
usual-arith-conv-const.c:15:165 identifier x
usual-arith-conv-const.c:15:166 punctuator ;
usual-arith-conv-const.c:15:168 punctuator }
usual-arith-conv-const.c:15:170 keyword while
usual-arith-conv-const.c:15:176 punctuator (
usual-arith-conv-const.c:15:177 constant 0
usual-arith-conv-const.c:15:178 punctuator )
usual-arith-conv-const.c:15:179 punctuator ;
usual-arith-conv-const.c:17:3 keyword return
usual-arith-conv-const.c:17:10 constant 0
usual-arith-conv-const.c:17:11 punctuator ;
usual-arith-conv-const.c:18:1 punctuator }
