0
convert-dfp-fold.c:7:1 keyword int
convert-dfp-fold.c:7:5 identifier failures
convert-dfp-fold.c:7:13 punctuator ;
convert-dfp-fold.c:9:1 keyword extern
convert-dfp-fold.c:9:8 keyword void
convert-dfp-fold.c:9:13 identifier link_error
convert-dfp-fold.c:9:24 punctuator (
convert-dfp-fold.c:9:25 punctuator )
convert-dfp-fold.c:9:26 punctuator ;
convert-dfp-fold.c:11:1 keyword int
convert-dfp-fold.c:12:1 identifier main
convert-dfp-fold.c:12:6 punctuator (
convert-dfp-fold.c:12:7 punctuator )
convert-dfp-fold.c:13:1 punctuator {
convert-dfp-fold.c:14:3 identifier _Decimal32
convert-dfp-fold.c:14:14 identifier d32
convert-dfp-fold.c:14:17 punctuator ;
convert-dfp-fold.c:15:3 identifier _Decimal64
convert-dfp-fold.c:15:14 identifier d64
convert-dfp-fold.c:15:17 punctuator ;
convert-dfp-fold.c:16:3 identifier _Decimal128
convert-dfp-fold.c:16:15 identifier d128
convert-dfp-fold.c:16:19 punctuator ;
convert-dfp-fold.c:19:3 identifier d32
convert-dfp-fold.c:19:7 punctuator =
convert-dfp-fold.c:19:9 constant 123.4df
convert-dfp-fold.c:19:16 punctuator ;
convert-dfp-fold.c:20:3 identifier d64
convert-dfp-fold.c:20:7 punctuator =
convert-dfp-fold.c:20:9 identifier d32
convert-dfp-fold.c:20:12 punctuator ;
convert-dfp-fold.c:21:3 keyword if
convert-dfp-fold.c:21:6 punctuator (
convert-dfp-fold.c:21:7 identifier d64
convert-dfp-fold.c:21:11 punctuator !=
convert-dfp-fold.c:21:14 constant 123.4dd
convert-dfp-fold.c:21:21 punctuator )
convert-dfp-fold.c:22:5 identifier link_error
convert-dfp-fold.c:22:16 punctuator (
convert-dfp-fold.c:22:17 punctuator )
convert-dfp-fold.c:22:18 punctuator ;
convert-dfp-fold.c:23:3 identifier d128
convert-dfp-fold.c:23:8 punctuator =
convert-dfp-fold.c:23:10 identifier d32
convert-dfp-fold.c:23:13 punctuator ;
convert-dfp-fold.c:24:3 keyword if
convert-dfp-fold.c:24:6 punctuator (
convert-dfp-fold.c:24:7 identifier d128
convert-dfp-fold.c:24:12 punctuator !=
convert-dfp-fold.c:24:15 constant 123.4dl
convert-dfp-fold.c:24:22 punctuator )
convert-dfp-fold.c:25:5 identifier link_error
convert-dfp-fold.c:25:16 punctuator (
convert-dfp-fold.c:25:17 punctuator )
convert-dfp-fold.c:25:18 punctuator ;
convert-dfp-fold.c:26:3 identifier d64
convert-dfp-fold.c:26:7 punctuator =
convert-dfp-fold.c:26:9 constant 345.678dd
convert-dfp-fold.c:26:18 punctuator ;
convert-dfp-fold.c:27:3 identifier d128
convert-dfp-fold.c:27:8 punctuator =
convert-dfp-fold.c:27:10 identifier d64
convert-dfp-fold.c:27:13 punctuator ;
convert-dfp-fold.c:28:3 keyword if
convert-dfp-fold.c:28:6 punctuator (
convert-dfp-fold.c:28:7 identifier d128
convert-dfp-fold.c:28:12 punctuator !=
convert-dfp-fold.c:28:15 constant 345.678dl
convert-dfp-fold.c:28:24 punctuator )
convert-dfp-fold.c:29:5 identifier link_error
convert-dfp-fold.c:29:16 punctuator (
convert-dfp-fold.c:29:17 punctuator )
convert-dfp-fold.c:29:18 punctuator ;
convert-dfp-fold.c:32:3 identifier d64
convert-dfp-fold.c:32:7 punctuator =
convert-dfp-fold.c:32:9 constant 3456.789dd
convert-dfp-fold.c:32:19 punctuator ;
convert-dfp-fold.c:33:3 identifier d32
convert-dfp-fold.c:33:7 punctuator =
convert-dfp-fold.c:33:9 identifier d64
convert-dfp-fold.c:33:12 punctuator ;
convert-dfp-fold.c:34:3 keyword if
convert-dfp-fold.c:34:6 punctuator (
convert-dfp-fold.c:34:7 identifier d32
convert-dfp-fold.c:34:11 punctuator !=
convert-dfp-fold.c:34:14 constant 3456.789df
convert-dfp-fold.c:34:24 punctuator )
convert-dfp-fold.c:35:5 identifier link_error
convert-dfp-fold.c:35:16 punctuator (
convert-dfp-fold.c:35:17 punctuator )
convert-dfp-fold.c:35:18 punctuator ;
convert-dfp-fold.c:36:3 identifier d128
convert-dfp-fold.c:36:8 punctuator =
convert-dfp-fold.c:36:10 constant 123.4567dl
convert-dfp-fold.c:36:20 punctuator ;
convert-dfp-fold.c:37:3 identifier d32
convert-dfp-fold.c:37:7 punctuator =
convert-dfp-fold.c:37:9 identifier d128
convert-dfp-fold.c:37:13 punctuator ;
convert-dfp-fold.c:38:3 keyword if
convert-dfp-fold.c:38:6 punctuator (
convert-dfp-fold.c:38:7 identifier d32
convert-dfp-fold.c:38:11 punctuator !=
convert-dfp-fold.c:38:14 constant 123.4567dl
convert-dfp-fold.c:38:24 punctuator )
convert-dfp-fold.c:39:5 identifier link_error
convert-dfp-fold.c:39:16 punctuator (
convert-dfp-fold.c:39:17 punctuator )
convert-dfp-fold.c:39:18 punctuator ;
convert-dfp-fold.c:41:3 identifier d128
convert-dfp-fold.c:41:8 punctuator =
convert-dfp-fold.c:41:10 constant 1234567890.123456dl
convert-dfp-fold.c:41:29 punctuator ;
convert-dfp-fold.c:42:3 identifier d64
convert-dfp-fold.c:42:7 punctuator =
convert-dfp-fold.c:42:9 identifier d128
convert-dfp-fold.c:42:13 punctuator ;
convert-dfp-fold.c:43:3 keyword if
convert-dfp-fold.c:43:6 punctuator (
convert-dfp-fold.c:43:7 identifier d64
convert-dfp-fold.c:43:11 punctuator !=
convert-dfp-fold.c:43:14 constant 1234567890.123456dd
convert-dfp-fold.c:43:33 punctuator )
convert-dfp-fold.c:44:5 identifier link_error
convert-dfp-fold.c:44:16 punctuator (
convert-dfp-fold.c:44:17 punctuator )
convert-dfp-fold.c:44:18 punctuator ;
convert-dfp-fold.c:46:3 keyword return
convert-dfp-fold.c:46:10 constant 0
convert-dfp-fold.c:46:11 punctuator ;
convert-dfp-fold.c:47:1 punctuator }
