0
convert-bfp-10.c:3:1 keyword int
convert-bfp-10.c:3:5 identifier failures
convert-bfp-10.c:3:13 punctuator ;
convert-bfp-10.c:5:1 keyword volatile
convert-bfp-10.c:5:10 identifier _Decimal32
convert-bfp-10.c:5:21 identifier sd
convert-bfp-10.c:5:23 punctuator ;
convert-bfp-10.c:6:1 keyword volatile
convert-bfp-10.c:6:10 identifier _Decimal64
convert-bfp-10.c:6:21 identifier dd
convert-bfp-10.c:6:23 punctuator ;
convert-bfp-10.c:7:1 keyword volatile
convert-bfp-10.c:7:10 identifier _Decimal128
convert-bfp-10.c:7:22 identifier td
convert-bfp-10.c:7:24 punctuator ;
convert-bfp-10.c:8:1 keyword volatile
convert-bfp-10.c:8:10 keyword float
convert-bfp-10.c:8:16 identifier sf
convert-bfp-10.c:8:18 punctuator ;
convert-bfp-10.c:9:1 keyword volatile
convert-bfp-10.c:9:10 keyword double
convert-bfp-10.c:9:17 identifier df
convert-bfp-10.c:9:19 punctuator ;
convert-bfp-10.c:12:1 keyword void
convert-bfp-10.c:12:6 identifier convert_111
convert-bfp-10.c:12:18 punctuator (
convert-bfp-10.c:12:19 keyword void
convert-bfp-10.c:12:23 punctuator )
convert-bfp-10.c:12:25 punctuator {
convert-bfp-10.c:12:27 punctuator ;
convert-bfp-10.c:12:29 identifier sf
convert-bfp-10.c:12:32 punctuator =
convert-bfp-10.c:12:34 constant 1.2e-38f
convert-bfp-10.c:12:42 punctuator ;
convert-bfp-10.c:12:44 identifier sd
convert-bfp-10.c:12:47 punctuator =
convert-bfp-10.c:12:49 identifier sf
convert-bfp-10.c:12:51 punctuator ;
convert-bfp-10.c:12:53 keyword if
convert-bfp-10.c:12:56 punctuator (
convert-bfp-10.c:12:57 identifier sd
convert-bfp-10.c:12:60 punctuator <
convert-bfp-10.c:12:62 punctuator (
convert-bfp-10.c:12:63 constant 1.2e-38df
convert-bfp-10.c:12:73 punctuator -
convert-bfp-10.c:12:75 constant 0.df
convert-bfp-10.c:12:79 punctuator )
convert-bfp-10.c:12:81 punctuator ||
convert-bfp-10.c:12:84 identifier sd
convert-bfp-10.c:12:87 punctuator >
convert-bfp-10.c:12:89 punctuator (
convert-bfp-10.c:12:90 constant 1.2e-38df
convert-bfp-10.c:12:100 punctuator +
convert-bfp-10.c:12:102 constant 0.df
convert-bfp-10.c:12:106 punctuator )
convert-bfp-10.c:12:107 punctuator )
convert-bfp-10.c:12:109 identifier __builtin_abort
convert-bfp-10.c:12:125 punctuator (
convert-bfp-10.c:12:126 punctuator )
convert-bfp-10.c:12:127 punctuator ;
convert-bfp-10.c:12:128 punctuator ;
convert-bfp-10.c:12:130 punctuator }
convert-bfp-10.c:13:1 keyword void
convert-bfp-10.c:13:6 identifier convert_112
convert-bfp-10.c:13:18 punctuator (
convert-bfp-10.c:13:19 keyword void
convert-bfp-10.c:13:23 punctuator )
convert-bfp-10.c:13:25 punctuator {
convert-bfp-10.c:13:27 punctuator ;
convert-bfp-10.c:13:29 identifier sf
convert-bfp-10.c:13:32 punctuator =
convert-bfp-10.c:13:34 constant 1.1e-38f
convert-bfp-10.c:13:42 punctuator ;
convert-bfp-10.c:13:44 identifier sd
convert-bfp-10.c:13:47 punctuator =
convert-bfp-10.c:13:49 identifier sf
convert-bfp-10.c:13:51 punctuator ;
convert-bfp-10.c:13:53 keyword if
convert-bfp-10.c:13:56 punctuator (
convert-bfp-10.c:13:57 identifier sd
convert-bfp-10.c:13:60 punctuator <
convert-bfp-10.c:13:62 punctuator (
convert-bfp-10.c:13:63 constant 1.1e-38df
convert-bfp-10.c:13:73 punctuator -
convert-bfp-10.c:13:75 constant 0.df
convert-bfp-10.c:13:79 punctuator )
convert-bfp-10.c:13:81 punctuator ||
convert-bfp-10.c:13:84 identifier sd
convert-bfp-10.c:13:87 punctuator >
convert-bfp-10.c:13:89 punctuator (
convert-bfp-10.c:13:90 constant 1.1e-38df
convert-bfp-10.c:13:100 punctuator +
convert-bfp-10.c:13:102 constant 0.df
convert-bfp-10.c:13:106 punctuator )
convert-bfp-10.c:13:107 punctuator )
convert-bfp-10.c:13:109 identifier __builtin_abort
convert-bfp-10.c:13:125 punctuator (
convert-bfp-10.c:13:126 punctuator )
convert-bfp-10.c:13:127 punctuator ;
convert-bfp-10.c:13:128 punctuator ;
convert-bfp-10.c:13:130 punctuator }
convert-bfp-10.c:14:1 keyword void
convert-bfp-10.c:14:6 identifier convert_113
convert-bfp-10.c:14:18 punctuator (
convert-bfp-10.c:14:19 keyword void
convert-bfp-10.c:14:23 punctuator )
convert-bfp-10.c:14:25 punctuator {
convert-bfp-10.c:14:27 punctuator ;
convert-bfp-10.c:14:29 identifier sf
convert-bfp-10.c:14:32 punctuator =
convert-bfp-10.c:14:34 constant 1.1e-40f
convert-bfp-10.c:14:42 punctuator ;
convert-bfp-10.c:14:44 identifier sd
convert-bfp-10.c:14:47 punctuator =
convert-bfp-10.c:14:49 identifier sf
convert-bfp-10.c:14:51 punctuator ;
convert-bfp-10.c:14:53 keyword if
convert-bfp-10.c:14:56 punctuator (
convert-bfp-10.c:14:57 identifier sd
convert-bfp-10.c:14:60 punctuator <
convert-bfp-10.c:14:62 punctuator (
convert-bfp-10.c:14:63 constant 1.1e-40df
convert-bfp-10.c:14:73 punctuator -
convert-bfp-10.c:14:75 constant 1.1e-45df
convert-bfp-10.c:14:84 punctuator )
convert-bfp-10.c:14:86 punctuator ||
convert-bfp-10.c:14:89 identifier sd
convert-bfp-10.c:14:92 punctuator >
convert-bfp-10.c:14:94 punctuator (
convert-bfp-10.c:14:95 constant 1.1e-40df
convert-bfp-10.c:14:105 punctuator +
convert-bfp-10.c:14:107 constant 1.1e-45df
convert-bfp-10.c:14:116 punctuator )
convert-bfp-10.c:14:117 punctuator )
convert-bfp-10.c:14:119 identifier __builtin_abort
convert-bfp-10.c:14:135 punctuator (
convert-bfp-10.c:14:136 punctuator )
convert-bfp-10.c:14:137 punctuator ;
convert-bfp-10.c:14:138 punctuator ;
convert-bfp-10.c:14:140 punctuator }
convert-bfp-10.c:16:1 keyword void
convert-bfp-10.c:16:6 identifier convert_121
convert-bfp-10.c:16:18 punctuator (
convert-bfp-10.c:16:19 keyword void
convert-bfp-10.c:16:23 punctuator )
convert-bfp-10.c:16:25 punctuator {
convert-bfp-10.c:16:27 punctuator ;
convert-bfp-10.c:16:29 identifier sd
convert-bfp-10.c:16:32 punctuator =
convert-bfp-10.c:16:34 constant 1.2e-38df
convert-bfp-10.c:16:43 punctuator ;
convert-bfp-10.c:16:45 identifier sf
convert-bfp-10.c:16:48 punctuator =
convert-bfp-10.c:16:50 identifier sd
convert-bfp-10.c:16:52 punctuator ;
convert-bfp-10.c:16:54 keyword if
convert-bfp-10.c:16:57 punctuator (
convert-bfp-10.c:16:58 identifier sf
convert-bfp-10.c:16:61 punctuator <
convert-bfp-10.c:16:63 punctuator (
convert-bfp-10.c:16:64 constant 1.2e-38f
convert-bfp-10.c:16:73 punctuator -
convert-bfp-10.c:16:75 constant 0.f
convert-bfp-10.c:16:78 punctuator )
convert-bfp-10.c:16:80 punctuator ||
convert-bfp-10.c:16:83 identifier sf
convert-bfp-10.c:16:86 punctuator >
convert-bfp-10.c:16:88 punctuator (
convert-bfp-10.c:16:89 constant 1.2e-38f
convert-bfp-10.c:16:98 punctuator +
convert-bfp-10.c:16:100 constant 0.f
convert-bfp-10.c:16:103 punctuator )
convert-bfp-10.c:16:104 punctuator )
convert-bfp-10.c:16:106 identifier __builtin_abort
convert-bfp-10.c:16:122 punctuator (
convert-bfp-10.c:16:123 punctuator )
convert-bfp-10.c:16:124 punctuator ;
convert-bfp-10.c:16:125 punctuator ;
convert-bfp-10.c:16:127 punctuator }
convert-bfp-10.c:17:1 keyword void
convert-bfp-10.c:17:6 identifier convert_122
convert-bfp-10.c:17:18 punctuator (
convert-bfp-10.c:17:19 keyword void
convert-bfp-10.c:17:23 punctuator )
convert-bfp-10.c:17:25 punctuator {
convert-bfp-10.c:17:27 punctuator ;
convert-bfp-10.c:17:29 identifier sd
convert-bfp-10.c:17:32 punctuator =
convert-bfp-10.c:17:34 constant 1.1e-38df
convert-bfp-10.c:17:43 punctuator ;
convert-bfp-10.c:17:45 identifier sf
convert-bfp-10.c:17:48 punctuator =
convert-bfp-10.c:17:50 identifier sd
convert-bfp-10.c:17:52 punctuator ;
convert-bfp-10.c:17:54 keyword if
convert-bfp-10.c:17:57 punctuator (
convert-bfp-10.c:17:58 identifier sf
convert-bfp-10.c:17:61 punctuator <
convert-bfp-10.c:17:63 punctuator (
convert-bfp-10.c:17:64 constant 1.1e-38f
convert-bfp-10.c:17:73 punctuator -
convert-bfp-10.c:17:75 constant 0.f
convert-bfp-10.c:17:78 punctuator )
convert-bfp-10.c:17:80 punctuator ||
convert-bfp-10.c:17:83 identifier sf
convert-bfp-10.c:17:86 punctuator >
convert-bfp-10.c:17:88 punctuator (
convert-bfp-10.c:17:89 constant 1.1e-38f
convert-bfp-10.c:17:98 punctuator +
convert-bfp-10.c:17:100 constant 0.f
convert-bfp-10.c:17:103 punctuator )
convert-bfp-10.c:17:104 punctuator )
convert-bfp-10.c:17:106 identifier __builtin_abort
convert-bfp-10.c:17:122 punctuator (
convert-bfp-10.c:17:123 punctuator )
convert-bfp-10.c:17:124 punctuator ;
convert-bfp-10.c:17:125 punctuator ;
convert-bfp-10.c:17:127 punctuator }
convert-bfp-10.c:19:1 keyword void
convert-bfp-10.c:19:6 identifier convert_131
convert-bfp-10.c:19:18 punctuator (
convert-bfp-10.c:19:19 keyword void
convert-bfp-10.c:19:23 punctuator )
convert-bfp-10.c:19:25 punctuator {
convert-bfp-10.c:19:27 punctuator ;
convert-bfp-10.c:19:29 identifier sf
convert-bfp-10.c:19:32 punctuator =
convert-bfp-10.c:19:34 punctuator -
convert-bfp-10.c:19:35 constant 1.2e-38f
convert-bfp-10.c:19:43 punctuator ;
convert-bfp-10.c:19:45 identifier sd
convert-bfp-10.c:19:48 punctuator =
convert-bfp-10.c:19:50 identifier sf
convert-bfp-10.c:19:52 punctuator ;
convert-bfp-10.c:19:54 keyword if
convert-bfp-10.c:19:57 punctuator (
convert-bfp-10.c:19:58 identifier sd
convert-bfp-10.c:19:61 punctuator <
convert-bfp-10.c:19:63 punctuator (
convert-bfp-10.c:19:64 punctuator -
convert-bfp-10.c:19:65 constant 1.2e-38df
convert-bfp-10.c:19:75 punctuator -
convert-bfp-10.c:19:77 constant 0.df
convert-bfp-10.c:19:81 punctuator )
convert-bfp-10.c:19:83 punctuator ||
convert-bfp-10.c:19:86 identifier sd
convert-bfp-10.c:19:89 punctuator >
convert-bfp-10.c:19:91 punctuator (
convert-bfp-10.c:19:92 punctuator -
convert-bfp-10.c:19:93 constant 1.2e-38df
convert-bfp-10.c:19:103 punctuator +
convert-bfp-10.c:19:105 constant 0.df
convert-bfp-10.c:19:109 punctuator )
convert-bfp-10.c:19:110 punctuator )
convert-bfp-10.c:19:112 identifier __builtin_abort
convert-bfp-10.c:19:128 punctuator (
convert-bfp-10.c:19:129 punctuator )
convert-bfp-10.c:19:130 punctuator ;
convert-bfp-10.c:19:131 punctuator ;
convert-bfp-10.c:19:133 punctuator }
convert-bfp-10.c:20:1 keyword void
convert-bfp-10.c:20:6 identifier convert_132
convert-bfp-10.c:20:18 punctuator (
convert-bfp-10.c:20:19 keyword void
convert-bfp-10.c:20:23 punctuator )
convert-bfp-10.c:20:25 punctuator {
convert-bfp-10.c:20:27 punctuator ;
convert-bfp-10.c:20:29 identifier sf
convert-bfp-10.c:20:32 punctuator =
convert-bfp-10.c:20:34 punctuator -
convert-bfp-10.c:20:35 constant 1.1e-38f
convert-bfp-10.c:20:43 punctuator ;
convert-bfp-10.c:20:45 identifier sd
convert-bfp-10.c:20:48 punctuator =
convert-bfp-10.c:20:50 identifier sf
convert-bfp-10.c:20:52 punctuator ;
convert-bfp-10.c:20:54 keyword if
convert-bfp-10.c:20:57 punctuator (
convert-bfp-10.c:20:58 identifier sd
convert-bfp-10.c:20:61 punctuator <
convert-bfp-10.c:20:63 punctuator (
convert-bfp-10.c:20:64 punctuator -
convert-bfp-10.c:20:65 constant 1.1e-38df
convert-bfp-10.c:20:75 punctuator -
convert-bfp-10.c:20:77 constant 0.df
convert-bfp-10.c:20:81 punctuator )
convert-bfp-10.c:20:83 punctuator ||
convert-bfp-10.c:20:86 identifier sd
convert-bfp-10.c:20:89 punctuator >
convert-bfp-10.c:20:91 punctuator (
convert-bfp-10.c:20:92 punctuator -
convert-bfp-10.c:20:93 constant 1.1e-38df
convert-bfp-10.c:20:103 punctuator +
convert-bfp-10.c:20:105 constant 0.df
convert-bfp-10.c:20:109 punctuator )
convert-bfp-10.c:20:110 punctuator )
convert-bfp-10.c:20:112 identifier __builtin_abort
convert-bfp-10.c:20:128 punctuator (
convert-bfp-10.c:20:129 punctuator )
convert-bfp-10.c:20:130 punctuator ;
convert-bfp-10.c:20:131 punctuator ;
convert-bfp-10.c:20:133 punctuator }
convert-bfp-10.c:22:1 keyword void
convert-bfp-10.c:22:6 identifier convert_141
convert-bfp-10.c:22:18 punctuator (
convert-bfp-10.c:22:19 keyword void
convert-bfp-10.c:22:23 punctuator )
convert-bfp-10.c:22:25 punctuator {
convert-bfp-10.c:22:27 punctuator ;
convert-bfp-10.c:22:29 identifier sd
convert-bfp-10.c:22:32 punctuator =
convert-bfp-10.c:22:34 punctuator -
convert-bfp-10.c:22:35 constant 1.2e-38df
convert-bfp-10.c:22:44 punctuator ;
convert-bfp-10.c:22:46 identifier sf
convert-bfp-10.c:22:49 punctuator =
convert-bfp-10.c:22:51 identifier sd
convert-bfp-10.c:22:53 punctuator ;
convert-bfp-10.c:22:55 keyword if
convert-bfp-10.c:22:58 punctuator (
convert-bfp-10.c:22:59 identifier sf
convert-bfp-10.c:22:62 punctuator <
convert-bfp-10.c:22:64 punctuator (
convert-bfp-10.c:22:65 punctuator -
convert-bfp-10.c:22:66 constant 1.2e-38f
convert-bfp-10.c:22:75 punctuator -
convert-bfp-10.c:22:77 constant 0.f
convert-bfp-10.c:22:80 punctuator )
convert-bfp-10.c:22:82 punctuator ||
convert-bfp-10.c:22:85 identifier sf
convert-bfp-10.c:22:88 punctuator >
convert-bfp-10.c:22:90 punctuator (
convert-bfp-10.c:22:91 punctuator -
convert-bfp-10.c:22:92 constant 1.2e-38f
convert-bfp-10.c:22:101 punctuator +
convert-bfp-10.c:22:103 constant 0.f
convert-bfp-10.c:22:106 punctuator )
convert-bfp-10.c:22:107 punctuator )
convert-bfp-10.c:22:109 identifier __builtin_abort
convert-bfp-10.c:22:125 punctuator (
convert-bfp-10.c:22:126 punctuator )
convert-bfp-10.c:22:127 punctuator ;
convert-bfp-10.c:22:128 punctuator ;
convert-bfp-10.c:22:130 punctuator }
convert-bfp-10.c:23:1 keyword void
convert-bfp-10.c:23:6 identifier convert_142
convert-bfp-10.c:23:18 punctuator (
convert-bfp-10.c:23:19 keyword void
convert-bfp-10.c:23:23 punctuator )
convert-bfp-10.c:23:25 punctuator {
convert-bfp-10.c:23:27 punctuator ;
convert-bfp-10.c:23:29 identifier sd
convert-bfp-10.c:23:32 punctuator =
convert-bfp-10.c:23:34 punctuator -
convert-bfp-10.c:23:35 constant 1.1e-38df
convert-bfp-10.c:23:44 punctuator ;
convert-bfp-10.c:23:46 identifier sf
convert-bfp-10.c:23:49 punctuator =
convert-bfp-10.c:23:51 identifier sd
convert-bfp-10.c:23:53 punctuator ;
convert-bfp-10.c:23:55 keyword if
convert-bfp-10.c:23:58 punctuator (
convert-bfp-10.c:23:59 identifier sf
convert-bfp-10.c:23:62 punctuator <
convert-bfp-10.c:23:64 punctuator (
convert-bfp-10.c:23:65 punctuator -
convert-bfp-10.c:23:66 constant 1.1e-38f
convert-bfp-10.c:23:75 punctuator -
convert-bfp-10.c:23:77 constant 0.f
convert-bfp-10.c:23:80 punctuator )
convert-bfp-10.c:23:82 punctuator ||
convert-bfp-10.c:23:85 identifier sf
convert-bfp-10.c:23:88 punctuator >
convert-bfp-10.c:23:90 punctuator (
convert-bfp-10.c:23:91 punctuator -
convert-bfp-10.c:23:92 constant 1.1e-38f
convert-bfp-10.c:23:101 punctuator +
convert-bfp-10.c:23:103 constant 0.f
convert-bfp-10.c:23:106 punctuator )
convert-bfp-10.c:23:107 punctuator )
convert-bfp-10.c:23:109 identifier __builtin_abort
convert-bfp-10.c:23:125 punctuator (
convert-bfp-10.c:23:126 punctuator )
convert-bfp-10.c:23:127 punctuator ;
convert-bfp-10.c:23:128 punctuator ;
convert-bfp-10.c:23:130 punctuator }
convert-bfp-10.c:26:1 keyword void
convert-bfp-10.c:26:6 identifier convert_211
convert-bfp-10.c:26:18 punctuator (
convert-bfp-10.c:26:19 keyword void
convert-bfp-10.c:26:23 punctuator )
convert-bfp-10.c:26:25 punctuator {
convert-bfp-10.c:26:27 punctuator ;
convert-bfp-10.c:26:29 identifier df
convert-bfp-10.c:26:32 punctuator =
convert-bfp-10.c:26:34 constant 1.2e-38
convert-bfp-10.c:26:41 punctuator ;
convert-bfp-10.c:26:43 identifier sd
convert-bfp-10.c:26:46 punctuator =
convert-bfp-10.c:26:48 identifier df
convert-bfp-10.c:26:50 punctuator ;
convert-bfp-10.c:26:52 keyword if
convert-bfp-10.c:26:55 punctuator (
convert-bfp-10.c:26:56 identifier sd
convert-bfp-10.c:26:59 punctuator <
convert-bfp-10.c:26:61 punctuator (
convert-bfp-10.c:26:62 constant 1.2e-38df
convert-bfp-10.c:26:72 punctuator -
convert-bfp-10.c:26:74 constant 0.df
convert-bfp-10.c:26:78 punctuator )
convert-bfp-10.c:26:80 punctuator ||
convert-bfp-10.c:26:83 identifier sd
convert-bfp-10.c:26:86 punctuator >
convert-bfp-10.c:26:88 punctuator (
convert-bfp-10.c:26:89 constant 1.2e-38df
convert-bfp-10.c:26:99 punctuator +
convert-bfp-10.c:26:101 constant 0.df
convert-bfp-10.c:26:105 punctuator )
convert-bfp-10.c:26:106 punctuator )
convert-bfp-10.c:26:108 identifier __builtin_abort
convert-bfp-10.c:26:124 punctuator (
convert-bfp-10.c:26:125 punctuator )
convert-bfp-10.c:26:126 punctuator ;
convert-bfp-10.c:26:127 punctuator ;
convert-bfp-10.c:26:129 punctuator }
convert-bfp-10.c:27:1 keyword void
convert-bfp-10.c:27:6 identifier convert_212
convert-bfp-10.c:27:18 punctuator (
convert-bfp-10.c:27:19 keyword void
convert-bfp-10.c:27:23 punctuator )
convert-bfp-10.c:27:25 punctuator {
convert-bfp-10.c:27:27 punctuator ;
convert-bfp-10.c:27:29 identifier df
convert-bfp-10.c:27:32 punctuator =
convert-bfp-10.c:27:34 constant 1.1e-38
convert-bfp-10.c:27:41 punctuator ;
convert-bfp-10.c:27:43 identifier sd
convert-bfp-10.c:27:46 punctuator =
convert-bfp-10.c:27:48 identifier df
convert-bfp-10.c:27:50 punctuator ;
convert-bfp-10.c:27:52 keyword if
convert-bfp-10.c:27:55 punctuator (
convert-bfp-10.c:27:56 identifier sd
convert-bfp-10.c:27:59 punctuator <
convert-bfp-10.c:27:61 punctuator (
convert-bfp-10.c:27:62 constant 1.1e-38df
convert-bfp-10.c:27:72 punctuator -
convert-bfp-10.c:27:74 constant 0.df
convert-bfp-10.c:27:78 punctuator )
convert-bfp-10.c:27:80 punctuator ||
convert-bfp-10.c:27:83 identifier sd
convert-bfp-10.c:27:86 punctuator >
convert-bfp-10.c:27:88 punctuator (
convert-bfp-10.c:27:89 constant 1.1e-38df
convert-bfp-10.c:27:99 punctuator +
convert-bfp-10.c:27:101 constant 0.df
convert-bfp-10.c:27:105 punctuator )
convert-bfp-10.c:27:106 punctuator )
convert-bfp-10.c:27:108 identifier __builtin_abort
convert-bfp-10.c:27:124 punctuator (
convert-bfp-10.c:27:125 punctuator )
convert-bfp-10.c:27:126 punctuator ;
convert-bfp-10.c:27:127 punctuator ;
convert-bfp-10.c:27:129 punctuator }
convert-bfp-10.c:28:1 keyword void
convert-bfp-10.c:28:6 identifier convert_213
convert-bfp-10.c:28:18 punctuator (
convert-bfp-10.c:28:19 keyword void
convert-bfp-10.c:28:23 punctuator )
convert-bfp-10.c:28:25 punctuator {
convert-bfp-10.c:28:27 punctuator ;
convert-bfp-10.c:28:29 identifier df
convert-bfp-10.c:28:32 punctuator =
convert-bfp-10.c:28:34 constant 1.e-40
convert-bfp-10.c:28:40 punctuator ;
convert-bfp-10.c:28:42 identifier sd
convert-bfp-10.c:28:45 punctuator =
convert-bfp-10.c:28:47 identifier df
convert-bfp-10.c:28:49 punctuator ;
convert-bfp-10.c:28:51 keyword if
convert-bfp-10.c:28:54 punctuator (
convert-bfp-10.c:28:55 identifier sd
convert-bfp-10.c:28:58 punctuator <
convert-bfp-10.c:28:60 punctuator (
convert-bfp-10.c:28:61 constant 1.e-40df
convert-bfp-10.c:28:70 punctuator -
convert-bfp-10.c:28:72 constant 0.df
convert-bfp-10.c:28:76 punctuator )
convert-bfp-10.c:28:78 punctuator ||
convert-bfp-10.c:28:81 identifier sd
convert-bfp-10.c:28:84 punctuator >
convert-bfp-10.c:28:86 punctuator (
convert-bfp-10.c:28:87 constant 1.e-40df
convert-bfp-10.c:28:96 punctuator +
convert-bfp-10.c:28:98 constant 0.df
convert-bfp-10.c:28:102 punctuator )
convert-bfp-10.c:28:103 punctuator )
convert-bfp-10.c:28:105 identifier __builtin_abort
convert-bfp-10.c:28:121 punctuator (
convert-bfp-10.c:28:122 punctuator )
convert-bfp-10.c:28:123 punctuator ;
convert-bfp-10.c:28:124 punctuator ;
convert-bfp-10.c:28:126 punctuator }
convert-bfp-10.c:29:1 keyword void
convert-bfp-10.c:29:6 identifier convert_214
convert-bfp-10.c:29:18 punctuator (
convert-bfp-10.c:29:19 keyword void
convert-bfp-10.c:29:23 punctuator )
convert-bfp-10.c:29:25 punctuator {
convert-bfp-10.c:29:27 punctuator ;
convert-bfp-10.c:29:29 identifier df
convert-bfp-10.c:29:32 punctuator =
convert-bfp-10.c:29:34 constant 8.e-44
convert-bfp-10.c:29:40 punctuator ;
convert-bfp-10.c:29:42 identifier sd
convert-bfp-10.c:29:45 punctuator =
convert-bfp-10.c:29:47 identifier df
convert-bfp-10.c:29:49 punctuator ;
convert-bfp-10.c:29:51 keyword if
convert-bfp-10.c:29:54 punctuator (
convert-bfp-10.c:29:55 identifier sd
convert-bfp-10.c:29:58 punctuator <
convert-bfp-10.c:29:60 punctuator (
convert-bfp-10.c:29:61 constant 8.e-44df
convert-bfp-10.c:29:70 punctuator -
convert-bfp-10.c:29:72 constant 0.df
convert-bfp-10.c:29:76 punctuator )
convert-bfp-10.c:29:78 punctuator ||
convert-bfp-10.c:29:81 identifier sd
convert-bfp-10.c:29:84 punctuator >
convert-bfp-10.c:29:86 punctuator (
convert-bfp-10.c:29:87 constant 8.e-44df
convert-bfp-10.c:29:96 punctuator +
convert-bfp-10.c:29:98 constant 0.df
convert-bfp-10.c:29:102 punctuator )
convert-bfp-10.c:29:103 punctuator )
convert-bfp-10.c:29:105 identifier __builtin_abort
convert-bfp-10.c:29:121 punctuator (
convert-bfp-10.c:29:122 punctuator )
convert-bfp-10.c:29:123 punctuator ;
convert-bfp-10.c:29:124 punctuator ;
convert-bfp-10.c:29:126 punctuator }
convert-bfp-10.c:30:1 keyword void
convert-bfp-10.c:30:6 identifier convert_215
convert-bfp-10.c:30:18 punctuator (
convert-bfp-10.c:30:19 keyword void
convert-bfp-10.c:30:23 punctuator )
convert-bfp-10.c:30:25 punctuator {
convert-bfp-10.c:30:27 punctuator ;
convert-bfp-10.c:30:29 identifier df
convert-bfp-10.c:30:32 punctuator =
convert-bfp-10.c:30:34 constant 9.e-44
convert-bfp-10.c:30:40 punctuator ;
convert-bfp-10.c:30:42 identifier sd
convert-bfp-10.c:30:45 punctuator =
convert-bfp-10.c:30:47 identifier df
convert-bfp-10.c:30:49 punctuator ;
convert-bfp-10.c:30:51 keyword if
convert-bfp-10.c:30:54 punctuator (
convert-bfp-10.c:30:55 identifier sd
convert-bfp-10.c:30:58 punctuator <
convert-bfp-10.c:30:60 punctuator (
convert-bfp-10.c:30:61 constant 9.e-44df
convert-bfp-10.c:30:70 punctuator -
convert-bfp-10.c:30:72 constant 0.df
convert-bfp-10.c:30:76 punctuator )
convert-bfp-10.c:30:78 punctuator ||
convert-bfp-10.c:30:81 identifier sd
convert-bfp-10.c:30:84 punctuator >
convert-bfp-10.c:30:86 punctuator (
convert-bfp-10.c:30:87 constant 9.e-44df
convert-bfp-10.c:30:96 punctuator +
convert-bfp-10.c:30:98 constant 0.df
convert-bfp-10.c:30:102 punctuator )
convert-bfp-10.c:30:103 punctuator )
convert-bfp-10.c:30:105 identifier __builtin_abort
convert-bfp-10.c:30:121 punctuator (
convert-bfp-10.c:30:122 punctuator )
convert-bfp-10.c:30:123 punctuator ;
convert-bfp-10.c:30:124 punctuator ;
convert-bfp-10.c:30:126 punctuator }
convert-bfp-10.c:31:1 keyword void
convert-bfp-10.c:31:6 identifier convert_216
convert-bfp-10.c:31:18 punctuator (
convert-bfp-10.c:31:19 keyword void
convert-bfp-10.c:31:23 punctuator )
convert-bfp-10.c:31:25 punctuator {
convert-bfp-10.c:31:27 punctuator ;
convert-bfp-10.c:31:29 identifier df
convert-bfp-10.c:31:32 punctuator =
convert-bfp-10.c:31:34 constant 8.e-46
convert-bfp-10.c:31:40 punctuator ;
convert-bfp-10.c:31:42 identifier sd
convert-bfp-10.c:31:45 punctuator =
convert-bfp-10.c:31:47 identifier df
convert-bfp-10.c:31:49 punctuator ;
convert-bfp-10.c:31:51 keyword if
convert-bfp-10.c:31:54 punctuator (
convert-bfp-10.c:31:55 identifier sd
convert-bfp-10.c:31:58 punctuator <
convert-bfp-10.c:31:60 punctuator (
convert-bfp-10.c:31:61 constant 8.e-46df
convert-bfp-10.c:31:70 punctuator -
convert-bfp-10.c:31:72 constant 0.df
convert-bfp-10.c:31:76 punctuator )
convert-bfp-10.c:31:78 punctuator ||
convert-bfp-10.c:31:81 identifier sd
convert-bfp-10.c:31:84 punctuator >
convert-bfp-10.c:31:86 punctuator (
convert-bfp-10.c:31:87 constant 8.e-46df
convert-bfp-10.c:31:96 punctuator +
convert-bfp-10.c:31:98 constant 0.df
convert-bfp-10.c:31:102 punctuator )
convert-bfp-10.c:31:103 punctuator )
convert-bfp-10.c:31:105 identifier __builtin_abort
convert-bfp-10.c:31:121 punctuator (
convert-bfp-10.c:31:122 punctuator )
convert-bfp-10.c:31:123 punctuator ;
convert-bfp-10.c:31:124 punctuator ;
convert-bfp-10.c:31:126 punctuator }
convert-bfp-10.c:32:1 keyword void
convert-bfp-10.c:32:6 identifier convert_217
convert-bfp-10.c:32:18 punctuator (
convert-bfp-10.c:32:19 keyword void
convert-bfp-10.c:32:23 punctuator )
convert-bfp-10.c:32:25 punctuator {
convert-bfp-10.c:32:27 punctuator ;
convert-bfp-10.c:32:29 identifier df
convert-bfp-10.c:32:32 punctuator =
convert-bfp-10.c:32:34 constant 7.e-46
convert-bfp-10.c:32:40 punctuator ;
convert-bfp-10.c:32:42 identifier sd
convert-bfp-10.c:32:45 punctuator =
convert-bfp-10.c:32:47 identifier df
convert-bfp-10.c:32:49 punctuator ;
convert-bfp-10.c:32:51 keyword if
convert-bfp-10.c:32:54 punctuator (
convert-bfp-10.c:32:55 identifier sd
convert-bfp-10.c:32:58 punctuator <
convert-bfp-10.c:32:60 punctuator (
convert-bfp-10.c:32:61 constant 7.e-46df
convert-bfp-10.c:32:70 punctuator -
convert-bfp-10.c:32:72 constant 0.df
convert-bfp-10.c:32:76 punctuator )
convert-bfp-10.c:32:78 punctuator ||
convert-bfp-10.c:32:81 identifier sd
convert-bfp-10.c:32:84 punctuator >
convert-bfp-10.c:32:86 punctuator (
convert-bfp-10.c:32:87 constant 7.e-46df
convert-bfp-10.c:32:96 punctuator +
convert-bfp-10.c:32:98 constant 0.df
convert-bfp-10.c:32:102 punctuator )
convert-bfp-10.c:32:103 punctuator )
convert-bfp-10.c:32:105 identifier __builtin_abort
convert-bfp-10.c:32:121 punctuator (
convert-bfp-10.c:32:122 punctuator )
convert-bfp-10.c:32:123 punctuator ;
convert-bfp-10.c:32:124 punctuator ;
convert-bfp-10.c:32:126 punctuator }
convert-bfp-10.c:34:1 keyword void
convert-bfp-10.c:34:6 identifier convert_221
convert-bfp-10.c:34:18 punctuator (
convert-bfp-10.c:34:19 keyword void
convert-bfp-10.c:34:23 punctuator )
convert-bfp-10.c:34:25 punctuator {
convert-bfp-10.c:34:27 punctuator ;
convert-bfp-10.c:34:29 identifier sd
convert-bfp-10.c:34:32 punctuator =
convert-bfp-10.c:34:34 constant 1.2e-38df
convert-bfp-10.c:34:43 punctuator ;
convert-bfp-10.c:34:45 identifier df
convert-bfp-10.c:34:48 punctuator =
convert-bfp-10.c:34:50 identifier sd
convert-bfp-10.c:34:52 punctuator ;
convert-bfp-10.c:34:54 keyword if
convert-bfp-10.c:34:57 punctuator (
convert-bfp-10.c:34:58 identifier df
convert-bfp-10.c:34:61 punctuator <
convert-bfp-10.c:34:63 punctuator (
convert-bfp-10.c:34:64 constant 1.2e-38
convert-bfp-10.c:34:72 punctuator -
convert-bfp-10.c:34:74 constant 1.e-53
convert-bfp-10.c:34:80 punctuator )
convert-bfp-10.c:34:82 punctuator ||
convert-bfp-10.c:34:85 identifier df
convert-bfp-10.c:34:88 punctuator >
convert-bfp-10.c:34:90 punctuator (
convert-bfp-10.c:34:91 constant 1.2e-38
convert-bfp-10.c:34:99 punctuator +
convert-bfp-10.c:34:101 constant 1.e-53
convert-bfp-10.c:34:107 punctuator )
convert-bfp-10.c:34:108 punctuator )
convert-bfp-10.c:34:110 identifier __builtin_abort
convert-bfp-10.c:34:126 punctuator (
convert-bfp-10.c:34:127 punctuator )
convert-bfp-10.c:34:128 punctuator ;
convert-bfp-10.c:34:129 punctuator ;
convert-bfp-10.c:34:131 punctuator }
convert-bfp-10.c:35:1 keyword void
convert-bfp-10.c:35:6 identifier convert_222
convert-bfp-10.c:35:18 punctuator (
convert-bfp-10.c:35:19 keyword void
convert-bfp-10.c:35:23 punctuator )
convert-bfp-10.c:35:25 punctuator {
convert-bfp-10.c:35:27 punctuator ;
convert-bfp-10.c:35:29 identifier sd
convert-bfp-10.c:35:32 punctuator =
convert-bfp-10.c:35:34 constant 1.1e-38df
convert-bfp-10.c:35:43 punctuator ;
convert-bfp-10.c:35:45 identifier df
convert-bfp-10.c:35:48 punctuator =
convert-bfp-10.c:35:50 identifier sd
convert-bfp-10.c:35:52 punctuator ;
convert-bfp-10.c:35:54 keyword if
convert-bfp-10.c:35:57 punctuator (
convert-bfp-10.c:35:58 identifier df
convert-bfp-10.c:35:61 punctuator <
convert-bfp-10.c:35:63 punctuator (
convert-bfp-10.c:35:64 constant 1.1e-38
convert-bfp-10.c:35:72 punctuator -
convert-bfp-10.c:35:74 constant 1.e-53
convert-bfp-10.c:35:80 punctuator )
convert-bfp-10.c:35:82 punctuator ||
convert-bfp-10.c:35:85 identifier df
convert-bfp-10.c:35:88 punctuator >
convert-bfp-10.c:35:90 punctuator (
convert-bfp-10.c:35:91 constant 1.1e-38
convert-bfp-10.c:35:99 punctuator +
convert-bfp-10.c:35:101 constant 1.e-53
convert-bfp-10.c:35:107 punctuator )
convert-bfp-10.c:35:108 punctuator )
convert-bfp-10.c:35:110 identifier __builtin_abort
convert-bfp-10.c:35:126 punctuator (
convert-bfp-10.c:35:127 punctuator )
convert-bfp-10.c:35:128 punctuator ;
convert-bfp-10.c:35:129 punctuator ;
convert-bfp-10.c:35:131 punctuator }
convert-bfp-10.c:36:1 keyword void
convert-bfp-10.c:36:6 identifier convert_223
convert-bfp-10.c:36:18 punctuator (
convert-bfp-10.c:36:19 keyword void
convert-bfp-10.c:36:23 punctuator )
convert-bfp-10.c:36:25 punctuator {
convert-bfp-10.c:36:27 punctuator ;
convert-bfp-10.c:36:29 identifier sd
convert-bfp-10.c:36:32 punctuator =
convert-bfp-10.c:36:34 constant 1.e-40df
convert-bfp-10.c:36:42 punctuator ;
convert-bfp-10.c:36:44 identifier df
convert-bfp-10.c:36:47 punctuator =
convert-bfp-10.c:36:49 identifier sd
convert-bfp-10.c:36:51 punctuator ;
convert-bfp-10.c:36:53 keyword if
convert-bfp-10.c:36:56 punctuator (
convert-bfp-10.c:36:57 identifier df
convert-bfp-10.c:36:60 punctuator <
convert-bfp-10.c:36:62 punctuator (
convert-bfp-10.c:36:63 constant 1.e-40
convert-bfp-10.c:36:70 punctuator -
convert-bfp-10.c:36:72 constant 0.
convert-bfp-10.c:36:74 punctuator )
convert-bfp-10.c:36:76 punctuator ||
convert-bfp-10.c:36:79 identifier df
convert-bfp-10.c:36:82 punctuator >
convert-bfp-10.c:36:84 punctuator (
convert-bfp-10.c:36:85 constant 1.e-40
convert-bfp-10.c:36:92 punctuator +
convert-bfp-10.c:36:94 constant 0.
convert-bfp-10.c:36:96 punctuator )
convert-bfp-10.c:36:97 punctuator )
convert-bfp-10.c:36:99 identifier __builtin_abort
convert-bfp-10.c:36:115 punctuator (
convert-bfp-10.c:36:116 punctuator )
convert-bfp-10.c:36:117 punctuator ;
convert-bfp-10.c:36:118 punctuator ;
convert-bfp-10.c:36:120 punctuator }
convert-bfp-10.c:37:1 keyword void
convert-bfp-10.c:37:6 identifier convert_224
convert-bfp-10.c:37:18 punctuator (
convert-bfp-10.c:37:19 keyword void
convert-bfp-10.c:37:23 punctuator )
convert-bfp-10.c:37:25 punctuator {
convert-bfp-10.c:37:27 punctuator ;
convert-bfp-10.c:37:29 identifier sd
convert-bfp-10.c:37:32 punctuator =
convert-bfp-10.c:37:34 constant 8.e-44df
convert-bfp-10.c:37:42 punctuator ;
convert-bfp-10.c:37:44 identifier df
convert-bfp-10.c:37:47 punctuator =
convert-bfp-10.c:37:49 identifier sd
convert-bfp-10.c:37:51 punctuator ;
convert-bfp-10.c:37:53 keyword if
convert-bfp-10.c:37:56 punctuator (
convert-bfp-10.c:37:57 identifier df
convert-bfp-10.c:37:60 punctuator <
convert-bfp-10.c:37:62 punctuator (
convert-bfp-10.c:37:63 constant 8.e-44
convert-bfp-10.c:37:70 punctuator -
convert-bfp-10.c:37:72 constant 0.
convert-bfp-10.c:37:74 punctuator )
convert-bfp-10.c:37:76 punctuator ||
convert-bfp-10.c:37:79 identifier df
convert-bfp-10.c:37:82 punctuator >
convert-bfp-10.c:37:84 punctuator (
convert-bfp-10.c:37:85 constant 8.e-44
convert-bfp-10.c:37:92 punctuator +
convert-bfp-10.c:37:94 constant 0.
convert-bfp-10.c:37:96 punctuator )
convert-bfp-10.c:37:97 punctuator )
convert-bfp-10.c:37:99 identifier __builtin_abort
convert-bfp-10.c:37:115 punctuator (
convert-bfp-10.c:37:116 punctuator )
convert-bfp-10.c:37:117 punctuator ;
convert-bfp-10.c:37:118 punctuator ;
convert-bfp-10.c:37:120 punctuator }
convert-bfp-10.c:38:1 keyword void
convert-bfp-10.c:38:6 identifier convert_225
convert-bfp-10.c:38:18 punctuator (
convert-bfp-10.c:38:19 keyword void
convert-bfp-10.c:38:23 punctuator )
convert-bfp-10.c:38:25 punctuator {
convert-bfp-10.c:38:27 punctuator ;
convert-bfp-10.c:38:29 identifier sd
convert-bfp-10.c:38:32 punctuator =
convert-bfp-10.c:38:34 constant 9.e-44df
convert-bfp-10.c:38:42 punctuator ;
convert-bfp-10.c:38:44 identifier df
convert-bfp-10.c:38:47 punctuator =
convert-bfp-10.c:38:49 identifier sd
convert-bfp-10.c:38:51 punctuator ;
convert-bfp-10.c:38:53 keyword if
convert-bfp-10.c:38:56 punctuator (
convert-bfp-10.c:38:57 identifier df
convert-bfp-10.c:38:60 punctuator <
convert-bfp-10.c:38:62 punctuator (
convert-bfp-10.c:38:63 constant 9.e-44
convert-bfp-10.c:38:70 punctuator -
convert-bfp-10.c:38:72 constant 0.
convert-bfp-10.c:38:74 punctuator )
convert-bfp-10.c:38:76 punctuator ||
convert-bfp-10.c:38:79 identifier df
convert-bfp-10.c:38:82 punctuator >
convert-bfp-10.c:38:84 punctuator (
convert-bfp-10.c:38:85 constant 9.e-44
convert-bfp-10.c:38:92 punctuator +
convert-bfp-10.c:38:94 constant 0.
convert-bfp-10.c:38:96 punctuator )
convert-bfp-10.c:38:97 punctuator )
convert-bfp-10.c:38:99 identifier __builtin_abort
convert-bfp-10.c:38:115 punctuator (
convert-bfp-10.c:38:116 punctuator )
convert-bfp-10.c:38:117 punctuator ;
convert-bfp-10.c:38:118 punctuator ;
convert-bfp-10.c:38:120 punctuator }
convert-bfp-10.c:39:1 keyword void
convert-bfp-10.c:39:6 identifier convert_226
convert-bfp-10.c:39:18 punctuator (
convert-bfp-10.c:39:19 keyword void
convert-bfp-10.c:39:23 punctuator )
convert-bfp-10.c:39:25 punctuator {
convert-bfp-10.c:39:27 punctuator ;
convert-bfp-10.c:39:29 identifier sd
convert-bfp-10.c:39:32 punctuator =
convert-bfp-10.c:39:34 constant 8.e-46df
convert-bfp-10.c:39:42 punctuator ;
convert-bfp-10.c:39:44 identifier df
convert-bfp-10.c:39:47 punctuator =
convert-bfp-10.c:39:49 identifier sd
convert-bfp-10.c:39:51 punctuator ;
convert-bfp-10.c:39:53 keyword if
convert-bfp-10.c:39:56 punctuator (
convert-bfp-10.c:39:57 identifier df
convert-bfp-10.c:39:60 punctuator <
convert-bfp-10.c:39:62 punctuator (
convert-bfp-10.c:39:63 constant 8.e-46
convert-bfp-10.c:39:70 punctuator -
convert-bfp-10.c:39:72 constant 0.
convert-bfp-10.c:39:74 punctuator )
convert-bfp-10.c:39:76 punctuator ||
convert-bfp-10.c:39:79 identifier df
convert-bfp-10.c:39:82 punctuator >
convert-bfp-10.c:39:84 punctuator (
convert-bfp-10.c:39:85 constant 8.e-46
convert-bfp-10.c:39:92 punctuator +
convert-bfp-10.c:39:94 constant 0.
convert-bfp-10.c:39:96 punctuator )
convert-bfp-10.c:39:97 punctuator )
convert-bfp-10.c:39:99 identifier __builtin_abort
convert-bfp-10.c:39:115 punctuator (
convert-bfp-10.c:39:116 punctuator )
convert-bfp-10.c:39:117 punctuator ;
convert-bfp-10.c:39:118 punctuator ;
convert-bfp-10.c:39:120 punctuator }
convert-bfp-10.c:40:1 keyword void
convert-bfp-10.c:40:6 identifier convert_227
convert-bfp-10.c:40:18 punctuator (
convert-bfp-10.c:40:19 keyword void
convert-bfp-10.c:40:23 punctuator )
convert-bfp-10.c:40:25 punctuator {
convert-bfp-10.c:40:27 punctuator ;
convert-bfp-10.c:40:29 identifier sd
convert-bfp-10.c:40:32 punctuator =
convert-bfp-10.c:40:34 constant 7.e-46df
convert-bfp-10.c:40:42 punctuator ;
convert-bfp-10.c:40:44 identifier df
convert-bfp-10.c:40:47 punctuator =
convert-bfp-10.c:40:49 identifier sd
convert-bfp-10.c:40:51 punctuator ;
convert-bfp-10.c:40:53 keyword if
convert-bfp-10.c:40:56 punctuator (
convert-bfp-10.c:40:57 identifier df
convert-bfp-10.c:40:60 punctuator <
convert-bfp-10.c:40:62 punctuator (
convert-bfp-10.c:40:63 constant 7.e-46
convert-bfp-10.c:40:70 punctuator -
convert-bfp-10.c:40:72 constant 0.
convert-bfp-10.c:40:74 punctuator )
convert-bfp-10.c:40:76 punctuator ||
convert-bfp-10.c:40:79 identifier df
convert-bfp-10.c:40:82 punctuator >
convert-bfp-10.c:40:84 punctuator (
convert-bfp-10.c:40:85 constant 7.e-46
convert-bfp-10.c:40:92 punctuator +
convert-bfp-10.c:40:94 constant 0.
convert-bfp-10.c:40:96 punctuator )
convert-bfp-10.c:40:97 punctuator )
convert-bfp-10.c:40:99 identifier __builtin_abort
convert-bfp-10.c:40:115 punctuator (
convert-bfp-10.c:40:116 punctuator )
convert-bfp-10.c:40:117 punctuator ;
convert-bfp-10.c:40:118 punctuator ;
convert-bfp-10.c:40:120 punctuator }
convert-bfp-10.c:42:1 keyword void
convert-bfp-10.c:42:6 identifier convert_231
convert-bfp-10.c:42:18 punctuator (
convert-bfp-10.c:42:19 keyword void
convert-bfp-10.c:42:23 punctuator )
convert-bfp-10.c:42:25 punctuator {
convert-bfp-10.c:42:27 punctuator ;
convert-bfp-10.c:42:29 identifier df
convert-bfp-10.c:42:32 punctuator =
convert-bfp-10.c:42:34 punctuator -
convert-bfp-10.c:42:35 constant 1.2e-38
convert-bfp-10.c:42:42 punctuator ;
convert-bfp-10.c:42:44 identifier sd
convert-bfp-10.c:42:47 punctuator =
convert-bfp-10.c:42:49 identifier df
convert-bfp-10.c:42:51 punctuator ;
convert-bfp-10.c:42:53 keyword if
convert-bfp-10.c:42:56 punctuator (
convert-bfp-10.c:42:57 identifier sd
convert-bfp-10.c:42:60 punctuator <
convert-bfp-10.c:42:62 punctuator (
convert-bfp-10.c:42:63 punctuator -
convert-bfp-10.c:42:64 constant 1.2e-38df
convert-bfp-10.c:42:74 punctuator -
convert-bfp-10.c:42:76 constant 0.df
convert-bfp-10.c:42:80 punctuator )
convert-bfp-10.c:42:82 punctuator ||
convert-bfp-10.c:42:85 identifier sd
convert-bfp-10.c:42:88 punctuator >
convert-bfp-10.c:42:90 punctuator (
convert-bfp-10.c:42:91 punctuator -
convert-bfp-10.c:42:92 constant 1.2e-38df
convert-bfp-10.c:42:102 punctuator +
convert-bfp-10.c:42:104 constant 0.df
convert-bfp-10.c:42:108 punctuator )
convert-bfp-10.c:42:109 punctuator )
convert-bfp-10.c:42:111 identifier __builtin_abort
convert-bfp-10.c:42:127 punctuator (
convert-bfp-10.c:42:128 punctuator )
convert-bfp-10.c:42:129 punctuator ;
convert-bfp-10.c:42:130 punctuator ;
convert-bfp-10.c:42:132 punctuator }
convert-bfp-10.c:43:1 keyword void
convert-bfp-10.c:43:6 identifier convert_232
convert-bfp-10.c:43:18 punctuator (
convert-bfp-10.c:43:19 keyword void
convert-bfp-10.c:43:23 punctuator )
convert-bfp-10.c:43:25 punctuator {
convert-bfp-10.c:43:27 punctuator ;
convert-bfp-10.c:43:29 identifier df
convert-bfp-10.c:43:32 punctuator =
convert-bfp-10.c:43:34 punctuator -
convert-bfp-10.c:43:35 constant 1.1e-38f
convert-bfp-10.c:43:43 punctuator ;
convert-bfp-10.c:43:45 identifier sd
convert-bfp-10.c:43:48 punctuator =
convert-bfp-10.c:43:50 identifier df
convert-bfp-10.c:43:52 punctuator ;
convert-bfp-10.c:43:54 keyword if
convert-bfp-10.c:43:57 punctuator (
convert-bfp-10.c:43:58 identifier sd
convert-bfp-10.c:43:61 punctuator <
convert-bfp-10.c:43:63 punctuator (
convert-bfp-10.c:43:64 punctuator -
convert-bfp-10.c:43:65 constant 1.1e-38df
convert-bfp-10.c:43:75 punctuator -
convert-bfp-10.c:43:77 constant 0.df
convert-bfp-10.c:43:81 punctuator )
convert-bfp-10.c:43:83 punctuator ||
convert-bfp-10.c:43:86 identifier sd
convert-bfp-10.c:43:89 punctuator >
convert-bfp-10.c:43:91 punctuator (
convert-bfp-10.c:43:92 punctuator -
convert-bfp-10.c:43:93 constant 1.1e-38df
convert-bfp-10.c:43:103 punctuator +
convert-bfp-10.c:43:105 constant 0.df
convert-bfp-10.c:43:109 punctuator )
convert-bfp-10.c:43:110 punctuator )
convert-bfp-10.c:43:112 identifier __builtin_abort
convert-bfp-10.c:43:128 punctuator (
convert-bfp-10.c:43:129 punctuator )
convert-bfp-10.c:43:130 punctuator ;
convert-bfp-10.c:43:131 punctuator ;
convert-bfp-10.c:43:133 punctuator }
convert-bfp-10.c:44:1 keyword void
convert-bfp-10.c:44:6 identifier convert_233
convert-bfp-10.c:44:18 punctuator (
convert-bfp-10.c:44:19 keyword void
convert-bfp-10.c:44:23 punctuator )
convert-bfp-10.c:44:25 punctuator {
convert-bfp-10.c:44:27 punctuator ;
convert-bfp-10.c:44:29 identifier df
convert-bfp-10.c:44:32 punctuator =
convert-bfp-10.c:44:34 punctuator -
convert-bfp-10.c:44:35 constant 1.e-40
convert-bfp-10.c:44:41 punctuator ;
convert-bfp-10.c:44:43 identifier sd
convert-bfp-10.c:44:46 punctuator =
convert-bfp-10.c:44:48 identifier df
convert-bfp-10.c:44:50 punctuator ;
convert-bfp-10.c:44:52 keyword if
convert-bfp-10.c:44:55 punctuator (
convert-bfp-10.c:44:56 identifier sd
convert-bfp-10.c:44:59 punctuator <
convert-bfp-10.c:44:61 punctuator (
convert-bfp-10.c:44:62 punctuator -
convert-bfp-10.c:44:63 constant 1.e-40df
convert-bfp-10.c:44:72 punctuator -
convert-bfp-10.c:44:74 constant 0.df
convert-bfp-10.c:44:78 punctuator )
convert-bfp-10.c:44:80 punctuator ||
convert-bfp-10.c:44:83 identifier sd
convert-bfp-10.c:44:86 punctuator >
convert-bfp-10.c:44:88 punctuator (
convert-bfp-10.c:44:89 punctuator -
convert-bfp-10.c:44:90 constant 1.e-40df
convert-bfp-10.c:44:99 punctuator +
convert-bfp-10.c:44:101 constant 0.df
convert-bfp-10.c:44:105 punctuator )
convert-bfp-10.c:44:106 punctuator )
convert-bfp-10.c:44:108 identifier __builtin_abort
convert-bfp-10.c:44:124 punctuator (
convert-bfp-10.c:44:125 punctuator )
convert-bfp-10.c:44:126 punctuator ;
convert-bfp-10.c:44:127 punctuator ;
convert-bfp-10.c:44:129 punctuator }
convert-bfp-10.c:45:1 keyword void
convert-bfp-10.c:45:6 identifier convert_234
convert-bfp-10.c:45:18 punctuator (
convert-bfp-10.c:45:19 keyword void
convert-bfp-10.c:45:23 punctuator )
convert-bfp-10.c:45:25 punctuator {
convert-bfp-10.c:45:27 punctuator ;
convert-bfp-10.c:45:29 identifier df
convert-bfp-10.c:45:32 punctuator =
convert-bfp-10.c:45:34 punctuator -
convert-bfp-10.c:45:35 constant 8.e-44
convert-bfp-10.c:45:41 punctuator ;
convert-bfp-10.c:45:43 identifier sd
convert-bfp-10.c:45:46 punctuator =
convert-bfp-10.c:45:48 identifier df
convert-bfp-10.c:45:50 punctuator ;
convert-bfp-10.c:45:52 keyword if
convert-bfp-10.c:45:55 punctuator (
convert-bfp-10.c:45:56 identifier sd
convert-bfp-10.c:45:59 punctuator <
convert-bfp-10.c:45:61 punctuator (
convert-bfp-10.c:45:62 punctuator -
convert-bfp-10.c:45:63 constant 8.e-44df
convert-bfp-10.c:45:72 punctuator -
convert-bfp-10.c:45:74 constant 0.df
convert-bfp-10.c:45:78 punctuator )
convert-bfp-10.c:45:80 punctuator ||
convert-bfp-10.c:45:83 identifier sd
convert-bfp-10.c:45:86 punctuator >
convert-bfp-10.c:45:88 punctuator (
convert-bfp-10.c:45:89 punctuator -
convert-bfp-10.c:45:90 constant 8.e-44df
convert-bfp-10.c:45:99 punctuator +
convert-bfp-10.c:45:101 constant 0.df
convert-bfp-10.c:45:105 punctuator )
convert-bfp-10.c:45:106 punctuator )
convert-bfp-10.c:45:108 identifier __builtin_abort
convert-bfp-10.c:45:124 punctuator (
convert-bfp-10.c:45:125 punctuator )
convert-bfp-10.c:45:126 punctuator ;
convert-bfp-10.c:45:127 punctuator ;
convert-bfp-10.c:45:129 punctuator }
convert-bfp-10.c:46:1 keyword void
convert-bfp-10.c:46:6 identifier convert_235
convert-bfp-10.c:46:18 punctuator (
convert-bfp-10.c:46:19 keyword void
convert-bfp-10.c:46:23 punctuator )
convert-bfp-10.c:46:25 punctuator {
convert-bfp-10.c:46:27 punctuator ;
convert-bfp-10.c:46:29 identifier df
convert-bfp-10.c:46:32 punctuator =
convert-bfp-10.c:46:34 punctuator -
convert-bfp-10.c:46:35 constant 9.e-44
convert-bfp-10.c:46:41 punctuator ;
convert-bfp-10.c:46:43 identifier sd
convert-bfp-10.c:46:46 punctuator =
convert-bfp-10.c:46:48 identifier df
convert-bfp-10.c:46:50 punctuator ;
convert-bfp-10.c:46:52 keyword if
convert-bfp-10.c:46:55 punctuator (
convert-bfp-10.c:46:56 identifier sd
convert-bfp-10.c:46:59 punctuator <
convert-bfp-10.c:46:61 punctuator (
convert-bfp-10.c:46:62 punctuator -
convert-bfp-10.c:46:63 constant 9.e-44df
convert-bfp-10.c:46:72 punctuator -
convert-bfp-10.c:46:74 constant 0.df
convert-bfp-10.c:46:78 punctuator )
convert-bfp-10.c:46:80 punctuator ||
convert-bfp-10.c:46:83 identifier sd
convert-bfp-10.c:46:86 punctuator >
convert-bfp-10.c:46:88 punctuator (
convert-bfp-10.c:46:89 punctuator -
convert-bfp-10.c:46:90 constant 9.e-44df
convert-bfp-10.c:46:99 punctuator +
convert-bfp-10.c:46:101 constant 0.df
convert-bfp-10.c:46:105 punctuator )
convert-bfp-10.c:46:106 punctuator )
convert-bfp-10.c:46:108 identifier __builtin_abort
convert-bfp-10.c:46:124 punctuator (
convert-bfp-10.c:46:125 punctuator )
convert-bfp-10.c:46:126 punctuator ;
convert-bfp-10.c:46:127 punctuator ;
convert-bfp-10.c:46:129 punctuator }
convert-bfp-10.c:47:1 keyword void
convert-bfp-10.c:47:6 identifier convert_236
convert-bfp-10.c:47:18 punctuator (
convert-bfp-10.c:47:19 keyword void
convert-bfp-10.c:47:23 punctuator )
convert-bfp-10.c:47:25 punctuator {
convert-bfp-10.c:47:27 punctuator ;
convert-bfp-10.c:47:29 identifier df
convert-bfp-10.c:47:32 punctuator =
convert-bfp-10.c:47:34 punctuator -
convert-bfp-10.c:47:35 constant 8.e-46
convert-bfp-10.c:47:41 punctuator ;
convert-bfp-10.c:47:43 identifier sd
convert-bfp-10.c:47:46 punctuator =
convert-bfp-10.c:47:48 identifier df
convert-bfp-10.c:47:50 punctuator ;
convert-bfp-10.c:47:52 keyword if
convert-bfp-10.c:47:55 punctuator (
convert-bfp-10.c:47:56 identifier sd
convert-bfp-10.c:47:59 punctuator <
convert-bfp-10.c:47:61 punctuator (
convert-bfp-10.c:47:62 punctuator -
convert-bfp-10.c:47:63 constant 8.e-46df
convert-bfp-10.c:47:72 punctuator -
convert-bfp-10.c:47:74 constant 0.df
convert-bfp-10.c:47:78 punctuator )
convert-bfp-10.c:47:80 punctuator ||
convert-bfp-10.c:47:83 identifier sd
convert-bfp-10.c:47:86 punctuator >
convert-bfp-10.c:47:88 punctuator (
convert-bfp-10.c:47:89 punctuator -
convert-bfp-10.c:47:90 constant 8.e-46df
convert-bfp-10.c:47:99 punctuator +
convert-bfp-10.c:47:101 constant 0.df
convert-bfp-10.c:47:105 punctuator )
convert-bfp-10.c:47:106 punctuator )
convert-bfp-10.c:47:108 identifier __builtin_abort
convert-bfp-10.c:47:124 punctuator (
convert-bfp-10.c:47:125 punctuator )
convert-bfp-10.c:47:126 punctuator ;
convert-bfp-10.c:47:127 punctuator ;
convert-bfp-10.c:47:129 punctuator }
convert-bfp-10.c:48:1 keyword void
convert-bfp-10.c:48:6 identifier convert_237
convert-bfp-10.c:48:18 punctuator (
convert-bfp-10.c:48:19 keyword void
convert-bfp-10.c:48:23 punctuator )
convert-bfp-10.c:48:25 punctuator {
convert-bfp-10.c:48:27 punctuator ;
convert-bfp-10.c:48:29 identifier df
convert-bfp-10.c:48:32 punctuator =
convert-bfp-10.c:48:34 punctuator -
convert-bfp-10.c:48:35 constant 7.e-46
convert-bfp-10.c:48:41 punctuator ;
convert-bfp-10.c:48:43 identifier sd
convert-bfp-10.c:48:46 punctuator =
convert-bfp-10.c:48:48 identifier df
convert-bfp-10.c:48:50 punctuator ;
convert-bfp-10.c:48:52 keyword if
convert-bfp-10.c:48:55 punctuator (
convert-bfp-10.c:48:56 identifier sd
convert-bfp-10.c:48:59 punctuator <
convert-bfp-10.c:48:61 punctuator (
convert-bfp-10.c:48:62 punctuator -
convert-bfp-10.c:48:63 constant 7.e-46df
convert-bfp-10.c:48:72 punctuator -
convert-bfp-10.c:48:74 constant 0.df
convert-bfp-10.c:48:78 punctuator )
convert-bfp-10.c:48:80 punctuator ||
convert-bfp-10.c:48:83 identifier sd
convert-bfp-10.c:48:86 punctuator >
convert-bfp-10.c:48:88 punctuator (
convert-bfp-10.c:48:89 punctuator -
convert-bfp-10.c:48:90 constant 7.e-46df
convert-bfp-10.c:48:99 punctuator +
convert-bfp-10.c:48:101 constant 0.df
convert-bfp-10.c:48:105 punctuator )
convert-bfp-10.c:48:106 punctuator )
convert-bfp-10.c:48:108 identifier __builtin_abort
convert-bfp-10.c:48:124 punctuator (
convert-bfp-10.c:48:125 punctuator )
convert-bfp-10.c:48:126 punctuator ;
convert-bfp-10.c:48:127 punctuator ;
convert-bfp-10.c:48:129 punctuator }
convert-bfp-10.c:50:1 keyword void
convert-bfp-10.c:50:6 identifier convert_241
convert-bfp-10.c:50:18 punctuator (
convert-bfp-10.c:50:19 keyword void
convert-bfp-10.c:50:23 punctuator )
convert-bfp-10.c:50:25 punctuator {
convert-bfp-10.c:50:27 punctuator ;
convert-bfp-10.c:50:29 identifier sd
convert-bfp-10.c:50:32 punctuator =
convert-bfp-10.c:50:34 punctuator -
convert-bfp-10.c:50:35 constant 1.2e-38df
convert-bfp-10.c:50:44 punctuator ;
convert-bfp-10.c:50:46 identifier df
convert-bfp-10.c:50:49 punctuator =
convert-bfp-10.c:50:51 identifier sd
convert-bfp-10.c:50:53 punctuator ;
convert-bfp-10.c:50:55 keyword if
convert-bfp-10.c:50:58 punctuator (
convert-bfp-10.c:50:59 identifier df
convert-bfp-10.c:50:62 punctuator <
convert-bfp-10.c:50:64 punctuator (
convert-bfp-10.c:50:65 punctuator -
convert-bfp-10.c:50:66 constant 1.2e-38
convert-bfp-10.c:50:74 punctuator -
convert-bfp-10.c:50:76 constant 1.e-53
convert-bfp-10.c:50:82 punctuator )
convert-bfp-10.c:50:84 punctuator ||
convert-bfp-10.c:50:87 identifier df
convert-bfp-10.c:50:90 punctuator >
convert-bfp-10.c:50:92 punctuator (
convert-bfp-10.c:50:93 punctuator -
convert-bfp-10.c:50:94 constant 1.2e-38
convert-bfp-10.c:50:102 punctuator +
convert-bfp-10.c:50:104 constant 1.e-53
convert-bfp-10.c:50:110 punctuator )
convert-bfp-10.c:50:111 punctuator )
convert-bfp-10.c:50:113 identifier __builtin_abort
convert-bfp-10.c:50:129 punctuator (
convert-bfp-10.c:50:130 punctuator )
convert-bfp-10.c:50:131 punctuator ;
convert-bfp-10.c:50:132 punctuator ;
convert-bfp-10.c:50:134 punctuator }
convert-bfp-10.c:51:1 keyword void
convert-bfp-10.c:51:6 identifier convert_242
convert-bfp-10.c:51:18 punctuator (
convert-bfp-10.c:51:19 keyword void
convert-bfp-10.c:51:23 punctuator )
convert-bfp-10.c:51:25 punctuator {
convert-bfp-10.c:51:27 punctuator ;
convert-bfp-10.c:51:29 identifier sd
convert-bfp-10.c:51:32 punctuator =
convert-bfp-10.c:51:34 punctuator -
convert-bfp-10.c:51:35 constant 1.1e-38df
convert-bfp-10.c:51:44 punctuator ;
convert-bfp-10.c:51:46 identifier df
convert-bfp-10.c:51:49 punctuator =
convert-bfp-10.c:51:51 identifier sd
convert-bfp-10.c:51:53 punctuator ;
convert-bfp-10.c:51:55 keyword if
convert-bfp-10.c:51:58 punctuator (
convert-bfp-10.c:51:59 identifier df
convert-bfp-10.c:51:62 punctuator <
convert-bfp-10.c:51:64 punctuator (
convert-bfp-10.c:51:65 punctuator -
convert-bfp-10.c:51:66 constant 1.1e-38
convert-bfp-10.c:51:74 punctuator -
convert-bfp-10.c:51:76 constant 1.e-53
convert-bfp-10.c:51:82 punctuator )
convert-bfp-10.c:51:84 punctuator ||
convert-bfp-10.c:51:87 identifier df
convert-bfp-10.c:51:90 punctuator >
convert-bfp-10.c:51:92 punctuator (
convert-bfp-10.c:51:93 punctuator -
convert-bfp-10.c:51:94 constant 1.1e-38
convert-bfp-10.c:51:102 punctuator +
convert-bfp-10.c:51:104 constant 1.e-53
convert-bfp-10.c:51:110 punctuator )
convert-bfp-10.c:51:111 punctuator )
convert-bfp-10.c:51:113 identifier __builtin_abort
convert-bfp-10.c:51:129 punctuator (
convert-bfp-10.c:51:130 punctuator )
convert-bfp-10.c:51:131 punctuator ;
convert-bfp-10.c:51:132 punctuator ;
convert-bfp-10.c:51:134 punctuator }
convert-bfp-10.c:52:1 keyword void
convert-bfp-10.c:52:6 identifier convert_243
convert-bfp-10.c:52:18 punctuator (
convert-bfp-10.c:52:19 keyword void
convert-bfp-10.c:52:23 punctuator )
convert-bfp-10.c:52:25 punctuator {
convert-bfp-10.c:52:27 punctuator ;
convert-bfp-10.c:52:29 identifier sd
convert-bfp-10.c:52:32 punctuator =
convert-bfp-10.c:52:34 punctuator -
convert-bfp-10.c:52:35 constant 1.e-40df
convert-bfp-10.c:52:43 punctuator ;
convert-bfp-10.c:52:45 identifier df
convert-bfp-10.c:52:48 punctuator =
convert-bfp-10.c:52:50 identifier sd
convert-bfp-10.c:52:52 punctuator ;
convert-bfp-10.c:52:54 keyword if
convert-bfp-10.c:52:57 punctuator (
convert-bfp-10.c:52:58 identifier df
convert-bfp-10.c:52:61 punctuator <
convert-bfp-10.c:52:63 punctuator (
convert-bfp-10.c:52:64 punctuator -
convert-bfp-10.c:52:65 constant 1.e-40
convert-bfp-10.c:52:72 punctuator -
convert-bfp-10.c:52:74 constant 0.
convert-bfp-10.c:52:76 punctuator )
convert-bfp-10.c:52:78 punctuator ||
convert-bfp-10.c:52:81 identifier df
convert-bfp-10.c:52:84 punctuator >
convert-bfp-10.c:52:86 punctuator (
convert-bfp-10.c:52:87 punctuator -
convert-bfp-10.c:52:88 constant 1.e-40
convert-bfp-10.c:52:95 punctuator +
convert-bfp-10.c:52:97 constant 0.
convert-bfp-10.c:52:99 punctuator )
convert-bfp-10.c:52:100 punctuator )
convert-bfp-10.c:52:102 identifier __builtin_abort
convert-bfp-10.c:52:118 punctuator (
convert-bfp-10.c:52:119 punctuator )
convert-bfp-10.c:52:120 punctuator ;
convert-bfp-10.c:52:121 punctuator ;
convert-bfp-10.c:52:123 punctuator }
convert-bfp-10.c:53:1 keyword void
convert-bfp-10.c:53:6 identifier convert_244
convert-bfp-10.c:53:18 punctuator (
convert-bfp-10.c:53:19 keyword void
convert-bfp-10.c:53:23 punctuator )
convert-bfp-10.c:53:25 punctuator {
convert-bfp-10.c:53:27 punctuator ;
convert-bfp-10.c:53:29 identifier sd
convert-bfp-10.c:53:32 punctuator =
convert-bfp-10.c:53:34 punctuator -
convert-bfp-10.c:53:35 constant 8.e-44df
convert-bfp-10.c:53:43 punctuator ;
convert-bfp-10.c:53:45 identifier df
convert-bfp-10.c:53:48 punctuator =
convert-bfp-10.c:53:50 identifier sd
convert-bfp-10.c:53:52 punctuator ;
convert-bfp-10.c:53:54 keyword if
convert-bfp-10.c:53:57 punctuator (
convert-bfp-10.c:53:58 identifier df
convert-bfp-10.c:53:61 punctuator <
convert-bfp-10.c:53:63 punctuator (
convert-bfp-10.c:53:64 punctuator -
convert-bfp-10.c:53:65 constant 8.e-44
convert-bfp-10.c:53:72 punctuator -
convert-bfp-10.c:53:74 constant 0.
convert-bfp-10.c:53:76 punctuator )
convert-bfp-10.c:53:78 punctuator ||
convert-bfp-10.c:53:81 identifier df
convert-bfp-10.c:53:84 punctuator >
convert-bfp-10.c:53:86 punctuator (
convert-bfp-10.c:53:87 punctuator -
convert-bfp-10.c:53:88 constant 8.e-44
convert-bfp-10.c:53:95 punctuator +
convert-bfp-10.c:53:97 constant 0.
convert-bfp-10.c:53:99 punctuator )
convert-bfp-10.c:53:100 punctuator )
convert-bfp-10.c:53:102 identifier __builtin_abort
convert-bfp-10.c:53:118 punctuator (
convert-bfp-10.c:53:119 punctuator )
convert-bfp-10.c:53:120 punctuator ;
convert-bfp-10.c:53:121 punctuator ;
convert-bfp-10.c:53:123 punctuator }
convert-bfp-10.c:54:1 keyword void
convert-bfp-10.c:54:6 identifier convert_245
convert-bfp-10.c:54:18 punctuator (
convert-bfp-10.c:54:19 keyword void
convert-bfp-10.c:54:23 punctuator )
convert-bfp-10.c:54:25 punctuator {
convert-bfp-10.c:54:27 punctuator ;
convert-bfp-10.c:54:29 identifier sd
convert-bfp-10.c:54:32 punctuator =
convert-bfp-10.c:54:34 punctuator -
convert-bfp-10.c:54:35 constant 9.e-44df
convert-bfp-10.c:54:43 punctuator ;
convert-bfp-10.c:54:45 identifier df
convert-bfp-10.c:54:48 punctuator =
convert-bfp-10.c:54:50 identifier sd
convert-bfp-10.c:54:52 punctuator ;
convert-bfp-10.c:54:54 keyword if
convert-bfp-10.c:54:57 punctuator (
convert-bfp-10.c:54:58 identifier df
convert-bfp-10.c:54:61 punctuator <
convert-bfp-10.c:54:63 punctuator (
convert-bfp-10.c:54:64 punctuator -
convert-bfp-10.c:54:65 constant 9.e-44
convert-bfp-10.c:54:72 punctuator -
convert-bfp-10.c:54:74 constant 0.
convert-bfp-10.c:54:76 punctuator )
convert-bfp-10.c:54:78 punctuator ||
convert-bfp-10.c:54:81 identifier df
convert-bfp-10.c:54:84 punctuator >
convert-bfp-10.c:54:86 punctuator (
convert-bfp-10.c:54:87 punctuator -
convert-bfp-10.c:54:88 constant 9.e-44
convert-bfp-10.c:54:95 punctuator +
convert-bfp-10.c:54:97 constant 0.
convert-bfp-10.c:54:99 punctuator )
convert-bfp-10.c:54:100 punctuator )
convert-bfp-10.c:54:102 identifier __builtin_abort
convert-bfp-10.c:54:118 punctuator (
convert-bfp-10.c:54:119 punctuator )
convert-bfp-10.c:54:120 punctuator ;
convert-bfp-10.c:54:121 punctuator ;
convert-bfp-10.c:54:123 punctuator }
convert-bfp-10.c:55:1 keyword void
convert-bfp-10.c:55:6 identifier convert_246
convert-bfp-10.c:55:18 punctuator (
convert-bfp-10.c:55:19 keyword void
convert-bfp-10.c:55:23 punctuator )
convert-bfp-10.c:55:25 punctuator {
convert-bfp-10.c:55:27 punctuator ;
convert-bfp-10.c:55:29 identifier sd
convert-bfp-10.c:55:32 punctuator =
convert-bfp-10.c:55:34 punctuator -
convert-bfp-10.c:55:35 constant 8.e-46df
convert-bfp-10.c:55:43 punctuator ;
convert-bfp-10.c:55:45 identifier df
convert-bfp-10.c:55:48 punctuator =
convert-bfp-10.c:55:50 identifier sd
convert-bfp-10.c:55:52 punctuator ;
convert-bfp-10.c:55:54 keyword if
convert-bfp-10.c:55:57 punctuator (
convert-bfp-10.c:55:58 identifier df
convert-bfp-10.c:55:61 punctuator <
convert-bfp-10.c:55:63 punctuator (
convert-bfp-10.c:55:64 punctuator -
convert-bfp-10.c:55:65 constant 8.e-46
convert-bfp-10.c:55:72 punctuator -
convert-bfp-10.c:55:74 constant 0.
convert-bfp-10.c:55:76 punctuator )
convert-bfp-10.c:55:78 punctuator ||
convert-bfp-10.c:55:81 identifier df
convert-bfp-10.c:55:84 punctuator >
convert-bfp-10.c:55:86 punctuator (
convert-bfp-10.c:55:87 punctuator -
convert-bfp-10.c:55:88 constant 8.e-46
convert-bfp-10.c:55:95 punctuator +
convert-bfp-10.c:55:97 constant 0.
convert-bfp-10.c:55:99 punctuator )
convert-bfp-10.c:55:100 punctuator )
convert-bfp-10.c:55:102 identifier __builtin_abort
convert-bfp-10.c:55:118 punctuator (
convert-bfp-10.c:55:119 punctuator )
convert-bfp-10.c:55:120 punctuator ;
convert-bfp-10.c:55:121 punctuator ;
convert-bfp-10.c:55:123 punctuator }
convert-bfp-10.c:56:1 keyword void
convert-bfp-10.c:56:6 identifier convert_247
convert-bfp-10.c:56:18 punctuator (
convert-bfp-10.c:56:19 keyword void
convert-bfp-10.c:56:23 punctuator )
convert-bfp-10.c:56:25 punctuator {
convert-bfp-10.c:56:27 punctuator ;
convert-bfp-10.c:56:29 identifier sd
convert-bfp-10.c:56:32 punctuator =
convert-bfp-10.c:56:34 punctuator -
convert-bfp-10.c:56:35 constant 7.e-46df
convert-bfp-10.c:56:43 punctuator ;
convert-bfp-10.c:56:45 identifier df
convert-bfp-10.c:56:48 punctuator =
convert-bfp-10.c:56:50 identifier sd
convert-bfp-10.c:56:52 punctuator ;
convert-bfp-10.c:56:54 keyword if
convert-bfp-10.c:56:57 punctuator (
convert-bfp-10.c:56:58 identifier df
convert-bfp-10.c:56:61 punctuator <
convert-bfp-10.c:56:63 punctuator (
convert-bfp-10.c:56:64 punctuator -
convert-bfp-10.c:56:65 constant 7.e-46
convert-bfp-10.c:56:72 punctuator -
convert-bfp-10.c:56:74 constant 0.
convert-bfp-10.c:56:76 punctuator )
convert-bfp-10.c:56:78 punctuator ||
convert-bfp-10.c:56:81 identifier df
convert-bfp-10.c:56:84 punctuator >
convert-bfp-10.c:56:86 punctuator (
convert-bfp-10.c:56:87 punctuator -
convert-bfp-10.c:56:88 constant 7.e-46
convert-bfp-10.c:56:95 punctuator +
convert-bfp-10.c:56:97 constant 0.
convert-bfp-10.c:56:99 punctuator )
convert-bfp-10.c:56:100 punctuator )
convert-bfp-10.c:56:102 identifier __builtin_abort
convert-bfp-10.c:56:118 punctuator (
convert-bfp-10.c:56:119 punctuator )
convert-bfp-10.c:56:120 punctuator ;
convert-bfp-10.c:56:121 punctuator ;
convert-bfp-10.c:56:123 punctuator }
convert-bfp-10.c:58:1 keyword int
convert-bfp-10.c:59:1 identifier main
convert-bfp-10.c:59:6 punctuator (
convert-bfp-10.c:59:7 punctuator )
convert-bfp-10.c:60:1 punctuator {
convert-bfp-10.c:61:3 identifier convert_111
convert-bfp-10.c:61:15 punctuator (
convert-bfp-10.c:61:16 punctuator )
convert-bfp-10.c:61:17 punctuator ;
convert-bfp-10.c:62:3 identifier convert_112
convert-bfp-10.c:62:15 punctuator (
convert-bfp-10.c:62:16 punctuator )
convert-bfp-10.c:62:17 punctuator ;
convert-bfp-10.c:63:3 identifier convert_113
convert-bfp-10.c:63:15 punctuator (
convert-bfp-10.c:63:16 punctuator )
convert-bfp-10.c:63:17 punctuator ;
convert-bfp-10.c:65:3 identifier convert_121
convert-bfp-10.c:65:15 punctuator (
convert-bfp-10.c:65:16 punctuator )
convert-bfp-10.c:65:17 punctuator ;
convert-bfp-10.c:66:3 identifier convert_122
convert-bfp-10.c:66:15 punctuator (
convert-bfp-10.c:66:16 punctuator )
convert-bfp-10.c:66:17 punctuator ;
convert-bfp-10.c:68:3 identifier convert_131
convert-bfp-10.c:68:15 punctuator (
convert-bfp-10.c:68:16 punctuator )
convert-bfp-10.c:68:17 punctuator ;
convert-bfp-10.c:69:3 identifier convert_132
convert-bfp-10.c:69:15 punctuator (
convert-bfp-10.c:69:16 punctuator )
convert-bfp-10.c:69:17 punctuator ;
convert-bfp-10.c:71:3 identifier convert_141
convert-bfp-10.c:71:15 punctuator (
convert-bfp-10.c:71:16 punctuator )
convert-bfp-10.c:71:17 punctuator ;
convert-bfp-10.c:72:3 identifier convert_142
convert-bfp-10.c:72:15 punctuator (
convert-bfp-10.c:72:16 punctuator )
convert-bfp-10.c:72:17 punctuator ;
convert-bfp-10.c:74:3 identifier convert_211
convert-bfp-10.c:74:15 punctuator (
convert-bfp-10.c:74:16 punctuator )
convert-bfp-10.c:74:17 punctuator ;
convert-bfp-10.c:75:3 identifier convert_212
convert-bfp-10.c:75:15 punctuator (
convert-bfp-10.c:75:16 punctuator )
convert-bfp-10.c:75:17 punctuator ;
convert-bfp-10.c:76:3 identifier convert_213
convert-bfp-10.c:76:15 punctuator (
convert-bfp-10.c:76:16 punctuator )
convert-bfp-10.c:76:17 punctuator ;
convert-bfp-10.c:77:3 identifier convert_214
convert-bfp-10.c:77:15 punctuator (
convert-bfp-10.c:77:16 punctuator )
convert-bfp-10.c:77:17 punctuator ;
convert-bfp-10.c:78:3 identifier convert_215
convert-bfp-10.c:78:15 punctuator (
convert-bfp-10.c:78:16 punctuator )
convert-bfp-10.c:78:17 punctuator ;
convert-bfp-10.c:79:3 identifier convert_216
convert-bfp-10.c:79:15 punctuator (
convert-bfp-10.c:79:16 punctuator )
convert-bfp-10.c:79:17 punctuator ;
convert-bfp-10.c:80:3 identifier convert_217
convert-bfp-10.c:80:15 punctuator (
convert-bfp-10.c:80:16 punctuator )
convert-bfp-10.c:80:17 punctuator ;
convert-bfp-10.c:82:3 identifier convert_221
convert-bfp-10.c:82:15 punctuator (
convert-bfp-10.c:82:16 punctuator )
convert-bfp-10.c:82:17 punctuator ;
convert-bfp-10.c:83:3 identifier convert_222
convert-bfp-10.c:83:15 punctuator (
convert-bfp-10.c:83:16 punctuator )
convert-bfp-10.c:83:17 punctuator ;
convert-bfp-10.c:84:3 identifier convert_223
convert-bfp-10.c:84:15 punctuator (
convert-bfp-10.c:84:16 punctuator )
convert-bfp-10.c:84:17 punctuator ;
convert-bfp-10.c:85:3 identifier convert_224
convert-bfp-10.c:85:15 punctuator (
convert-bfp-10.c:85:16 punctuator )
convert-bfp-10.c:85:17 punctuator ;
convert-bfp-10.c:86:3 identifier convert_225
convert-bfp-10.c:86:15 punctuator (
convert-bfp-10.c:86:16 punctuator )
convert-bfp-10.c:86:17 punctuator ;
convert-bfp-10.c:87:3 identifier convert_226
convert-bfp-10.c:87:15 punctuator (
convert-bfp-10.c:87:16 punctuator )
convert-bfp-10.c:87:17 punctuator ;
convert-bfp-10.c:88:3 identifier convert_227
convert-bfp-10.c:88:15 punctuator (
convert-bfp-10.c:88:16 punctuator )
convert-bfp-10.c:88:17 punctuator ;
convert-bfp-10.c:90:3 identifier convert_231
convert-bfp-10.c:90:15 punctuator (
convert-bfp-10.c:90:16 punctuator )
convert-bfp-10.c:90:17 punctuator ;
convert-bfp-10.c:91:3 identifier convert_232
convert-bfp-10.c:91:15 punctuator (
convert-bfp-10.c:91:16 punctuator )
convert-bfp-10.c:91:17 punctuator ;
convert-bfp-10.c:92:3 identifier convert_233
convert-bfp-10.c:92:15 punctuator (
convert-bfp-10.c:92:16 punctuator )
convert-bfp-10.c:92:17 punctuator ;
convert-bfp-10.c:93:3 identifier convert_234
convert-bfp-10.c:93:15 punctuator (
convert-bfp-10.c:93:16 punctuator )
convert-bfp-10.c:93:17 punctuator ;
convert-bfp-10.c:94:3 identifier convert_235
convert-bfp-10.c:94:15 punctuator (
convert-bfp-10.c:94:16 punctuator )
convert-bfp-10.c:94:17 punctuator ;
convert-bfp-10.c:95:3 identifier convert_236
convert-bfp-10.c:95:15 punctuator (
convert-bfp-10.c:95:16 punctuator )
convert-bfp-10.c:95:17 punctuator ;
convert-bfp-10.c:96:3 identifier convert_237
convert-bfp-10.c:96:15 punctuator (
convert-bfp-10.c:96:16 punctuator )
convert-bfp-10.c:96:17 punctuator ;
convert-bfp-10.c:98:3 identifier convert_241
convert-bfp-10.c:98:15 punctuator (
convert-bfp-10.c:98:16 punctuator )
convert-bfp-10.c:98:17 punctuator ;
convert-bfp-10.c:99:3 identifier convert_242
convert-bfp-10.c:99:15 punctuator (
convert-bfp-10.c:99:16 punctuator )
convert-bfp-10.c:99:17 punctuator ;
convert-bfp-10.c:100:3 identifier convert_243
convert-bfp-10.c:100:15 punctuator (
convert-bfp-10.c:100:16 punctuator )
convert-bfp-10.c:100:17 punctuator ;
convert-bfp-10.c:101:3 identifier convert_244
convert-bfp-10.c:101:15 punctuator (
convert-bfp-10.c:101:16 punctuator )
convert-bfp-10.c:101:17 punctuator ;
convert-bfp-10.c:102:3 identifier convert_245
convert-bfp-10.c:102:15 punctuator (
convert-bfp-10.c:102:16 punctuator )
convert-bfp-10.c:102:17 punctuator ;
convert-bfp-10.c:103:3 identifier convert_246
convert-bfp-10.c:103:15 punctuator (
convert-bfp-10.c:103:16 punctuator )
convert-bfp-10.c:103:17 punctuator ;
convert-bfp-10.c:104:3 identifier convert_247
convert-bfp-10.c:104:15 punctuator (
convert-bfp-10.c:104:16 punctuator )
convert-bfp-10.c:104:17 punctuator ;
convert-bfp-10.c:106:3 keyword return
convert-bfp-10.c:106:10 constant 0
convert-bfp-10.c:106:11 punctuator ;
convert-bfp-10.c:107:1 punctuator }
