0
convert-bfp-14.c:4:1 keyword int
convert-bfp-14.c:4:5 identifier failures
convert-bfp-14.c:4:13 punctuator ;
convert-bfp-14.c:6:1 keyword volatile
convert-bfp-14.c:6:10 identifier _Decimal32
convert-bfp-14.c:6:21 identifier f
convert-bfp-14.c:6:23 punctuator =
convert-bfp-14.c:6:25 constant 1.23456DF
convert-bfp-14.c:6:34 punctuator ;
convert-bfp-14.c:7:1 keyword volatile
convert-bfp-14.c:7:10 identifier _Decimal64
convert-bfp-14.c:7:21 identifier d
convert-bfp-14.c:7:23 punctuator =
convert-bfp-14.c:7:25 constant 1.23456DD
convert-bfp-14.c:7:34 punctuator ;
convert-bfp-14.c:9:1 keyword int
convert-bfp-14.c:10:1 identifier main
convert-bfp-14.c:10:6 punctuator (
convert-bfp-14.c:10:7 keyword void
convert-bfp-14.c:10:11 punctuator )
convert-bfp-14.c:11:1 punctuator {
convert-bfp-14.c:12:3 keyword if
convert-bfp-14.c:12:6 punctuator (
convert-bfp-14.c:12:7 punctuator (
convert-bfp-14.c:12:8 keyword double
convert-bfp-14.c:12:14 punctuator )
convert-bfp-14.c:12:15 punctuator (
convert-bfp-14.c:12:16 punctuator (
convert-bfp-14.c:12:17 identifier _Decimal64
convert-bfp-14.c:12:27 punctuator )
convert-bfp-14.c:12:28 identifier f
convert-bfp-14.c:12:30 punctuator *
convert-bfp-14.c:12:32 punctuator (
convert-bfp-14.c:12:33 identifier _Decimal64
convert-bfp-14.c:12:43 punctuator )
convert-bfp-14.c:12:44 identifier f
convert-bfp-14.c:12:45 punctuator )
convert-bfp-14.c:12:47 punctuator !=
convert-bfp-14.c:12:50 punctuator (
convert-bfp-14.c:12:51 keyword double
convert-bfp-14.c:12:57 punctuator )
convert-bfp-14.c:12:58 punctuator (
convert-bfp-14.c:12:59 identifier d
convert-bfp-14.c:12:61 punctuator *
convert-bfp-14.c:12:63 identifier d
convert-bfp-14.c:12:64 punctuator )
convert-bfp-14.c:12:65 punctuator )
convert-bfp-14.c:13:5 identifier __builtin_abort
convert-bfp-14.c:13:21 punctuator (
convert-bfp-14.c:13:22 punctuator )
convert-bfp-14.c:13:23 punctuator ;
convert-bfp-14.c:14:3 keyword return
convert-bfp-14.c:14:10 constant 0
convert-bfp-14.c:14:11 punctuator ;
convert-bfp-14.c:15:1 punctuator }
