0
convert-dfp-fold-2.c:4:1 keyword int
convert-dfp-fold-2.c:4:5 identifier failures
convert-dfp-fold-2.c:4:13 punctuator ;
convert-dfp-fold-2.c:6:1 keyword volatile
convert-dfp-fold-2.c:6:10 identifier _Decimal32
convert-dfp-fold-2.c:6:21 identifier f
convert-dfp-fold-2.c:6:23 punctuator =
convert-dfp-fold-2.c:6:25 constant 1.23456DF
convert-dfp-fold-2.c:6:34 punctuator ;
convert-dfp-fold-2.c:7:1 keyword volatile
convert-dfp-fold-2.c:7:10 identifier _Decimal64
convert-dfp-fold-2.c:7:21 identifier d
convert-dfp-fold-2.c:7:23 punctuator =
convert-dfp-fold-2.c:7:25 constant 1.23456DD
convert-dfp-fold-2.c:7:34 punctuator ;
convert-dfp-fold-2.c:9:1 keyword int
convert-dfp-fold-2.c:10:1 identifier main
convert-dfp-fold-2.c:10:6 punctuator (
convert-dfp-fold-2.c:10:7 keyword void
convert-dfp-fold-2.c:10:11 punctuator )
convert-dfp-fold-2.c:11:1 punctuator {
convert-dfp-fold-2.c:12:3 keyword if
convert-dfp-fold-2.c:12:6 punctuator (
convert-dfp-fold-2.c:12:7 punctuator (
convert-dfp-fold-2.c:12:8 identifier _Decimal128
convert-dfp-fold-2.c:12:19 punctuator )
convert-dfp-fold-2.c:12:20 punctuator (
convert-dfp-fold-2.c:12:21 punctuator (
convert-dfp-fold-2.c:12:22 identifier _Decimal64
convert-dfp-fold-2.c:12:32 punctuator )
convert-dfp-fold-2.c:12:33 identifier f
convert-dfp-fold-2.c:12:35 punctuator *
convert-dfp-fold-2.c:12:37 punctuator (
convert-dfp-fold-2.c:12:38 identifier _Decimal64
convert-dfp-fold-2.c:12:48 punctuator )
convert-dfp-fold-2.c:12:49 identifier f
convert-dfp-fold-2.c:12:50 punctuator )
convert-dfp-fold-2.c:12:52 punctuator !=
convert-dfp-fold-2.c:12:55 punctuator (
convert-dfp-fold-2.c:12:56 identifier _Decimal128
convert-dfp-fold-2.c:12:67 punctuator )
convert-dfp-fold-2.c:12:68 punctuator (
convert-dfp-fold-2.c:12:69 identifier d
convert-dfp-fold-2.c:12:71 punctuator *
convert-dfp-fold-2.c:12:73 identifier d
convert-dfp-fold-2.c:12:74 punctuator )
convert-dfp-fold-2.c:12:75 punctuator )
convert-dfp-fold-2.c:13:5 identifier __builtin_abort
convert-dfp-fold-2.c:13:21 punctuator (
convert-dfp-fold-2.c:13:22 punctuator )
convert-dfp-fold-2.c:13:23 punctuator ;
convert-dfp-fold-2.c:14:3 keyword return
convert-dfp-fold-2.c:14:10 constant 0
convert-dfp-fold-2.c:14:11 punctuator ;
convert-dfp-fold-2.c:15:1 punctuator }
