0
func-vararg-mixed.c:5:1 keyword typedef
func-vararg-mixed.c:5:9 identifier __builtin_va_list
func-vararg-mixed.c:5:27 identifier __gnuc_va_list
func-vararg-mixed.c:5:41 punctuator ;
func-vararg-mixed.c:6:1 keyword typedef
func-vararg-mixed.c:6:9 identifier __gnuc_va_list
func-vararg-mixed.c:6:24 identifier va_list
func-vararg-mixed.c:6:31 punctuator ;
func-vararg-mixed.c:7:1 keyword int
func-vararg-mixed.c:7:5 identifier failures
func-vararg-mixed.c:7:13 punctuator ;
func-vararg-mixed.c:12:1 keyword static
func-vararg-mixed.c:12:8 identifier _Decimal32
func-vararg-mixed.c:13:1 identifier vararg_d32
func-vararg-mixed.c:13:12 punctuator (
func-vararg-mixed.c:13:13 keyword unsigned
func-vararg-mixed.c:13:22 identifier arg
func-vararg-mixed.c:13:25 punctuator ,
func-vararg-mixed.c:13:27 punctuator ...
func-vararg-mixed.c:13:30 punctuator )
func-vararg-mixed.c:14:1 punctuator {
func-vararg-mixed.c:15:3 identifier va_list
func-vararg-mixed.c:15:11 identifier ap
func-vararg-mixed.c:15:13 punctuator ;
func-vararg-mixed.c:16:3 identifier _Decimal32
func-vararg-mixed.c:16:14 identifier result
func-vararg-mixed.c:16:20 punctuator ;
func-vararg-mixed.c:18:3 identifier __builtin_va_start
func-vararg-mixed.c:18:21 punctuator (
func-vararg-mixed.c:18:22 identifier ap
func-vararg-mixed.c:18:24 punctuator ,
func-vararg-mixed.c:18:25 identifier arg
func-vararg-mixed.c:18:28 punctuator )
func-vararg-mixed.c:18:29 punctuator ;
func-vararg-mixed.c:20:3 identifier __builtin_va_arg
func-vararg-mixed.c:20:19 punctuator (
func-vararg-mixed.c:20:20 identifier ap
func-vararg-mixed.c:20:22 punctuator ,
func-vararg-mixed.c:20:23 keyword unsigned
func-vararg-mixed.c:20:32 keyword int
func-vararg-mixed.c:20:35 punctuator )
func-vararg-mixed.c:20:36 punctuator ;
func-vararg-mixed.c:21:3 identifier __builtin_va_arg
func-vararg-mixed.c:21:19 punctuator (
func-vararg-mixed.c:21:20 identifier ap
func-vararg-mixed.c:21:22 punctuator ,
func-vararg-mixed.c:21:23 identifier _Decimal128
func-vararg-mixed.c:21:34 punctuator )
func-vararg-mixed.c:21:35 punctuator ;
func-vararg-mixed.c:22:3 identifier __builtin_va_arg
func-vararg-mixed.c:22:19 punctuator (
func-vararg-mixed.c:22:20 identifier ap
func-vararg-mixed.c:22:22 punctuator ,
func-vararg-mixed.c:22:23 keyword double
func-vararg-mixed.c:22:29 punctuator )
func-vararg-mixed.c:22:30 punctuator ;
func-vararg-mixed.c:23:3 identifier result
func-vararg-mixed.c:23:10 punctuator =
func-vararg-mixed.c:23:12 identifier __builtin_va_arg
func-vararg-mixed.c:23:28 punctuator (
func-vararg-mixed.c:23:29 identifier ap
func-vararg-mixed.c:23:31 punctuator ,
func-vararg-mixed.c:23:32 identifier _Decimal32
func-vararg-mixed.c:23:42 punctuator )
func-vararg-mixed.c:23:43 punctuator ;
func-vararg-mixed.c:25:3 identifier __builtin_va_end
func-vararg-mixed.c:25:19 punctuator (
func-vararg-mixed.c:25:20 identifier ap
func-vararg-mixed.c:25:22 punctuator )
func-vararg-mixed.c:25:23 punctuator ;
func-vararg-mixed.c:26:3 keyword return
func-vararg-mixed.c:26:10 identifier result
func-vararg-mixed.c:26:16 punctuator ;
func-vararg-mixed.c:27:1 punctuator }
func-vararg-mixed.c:29:1 keyword static
func-vararg-mixed.c:29:8 identifier _Decimal32
func-vararg-mixed.c:30:1 identifier vararg_d64
func-vararg-mixed.c:30:12 punctuator (
func-vararg-mixed.c:30:13 keyword unsigned
func-vararg-mixed.c:30:22 identifier arg
func-vararg-mixed.c:30:25 punctuator ,
func-vararg-mixed.c:30:27 punctuator ...
func-vararg-mixed.c:30:30 punctuator )
func-vararg-mixed.c:31:1 punctuator {
func-vararg-mixed.c:32:3 identifier va_list
func-vararg-mixed.c:32:11 identifier ap
func-vararg-mixed.c:32:13 punctuator ;
func-vararg-mixed.c:33:3 identifier _Decimal64
func-vararg-mixed.c:33:14 identifier result
func-vararg-mixed.c:33:20 punctuator ;
func-vararg-mixed.c:35:3 identifier __builtin_va_start
func-vararg-mixed.c:35:21 punctuator (
func-vararg-mixed.c:35:22 identifier ap
func-vararg-mixed.c:35:24 punctuator ,
func-vararg-mixed.c:35:25 identifier arg
func-vararg-mixed.c:35:28 punctuator )
func-vararg-mixed.c:35:29 punctuator ;
func-vararg-mixed.c:37:3 identifier __builtin_va_arg
func-vararg-mixed.c:37:19 punctuator (
func-vararg-mixed.c:37:20 identifier ap
func-vararg-mixed.c:37:22 punctuator ,
func-vararg-mixed.c:37:23 keyword unsigned
func-vararg-mixed.c:37:32 keyword int
func-vararg-mixed.c:37:35 punctuator )
func-vararg-mixed.c:37:36 punctuator ;
func-vararg-mixed.c:38:3 identifier __builtin_va_arg
func-vararg-mixed.c:38:19 punctuator (
func-vararg-mixed.c:38:20 identifier ap
func-vararg-mixed.c:38:22 punctuator ,
func-vararg-mixed.c:38:23 identifier _Decimal128
func-vararg-mixed.c:38:34 punctuator )
func-vararg-mixed.c:38:35 punctuator ;
func-vararg-mixed.c:39:3 identifier __builtin_va_arg
func-vararg-mixed.c:39:19 punctuator (
func-vararg-mixed.c:39:20 identifier ap
func-vararg-mixed.c:39:22 punctuator ,
func-vararg-mixed.c:39:23 keyword double
func-vararg-mixed.c:39:29 punctuator )
func-vararg-mixed.c:39:30 punctuator ;
func-vararg-mixed.c:40:3 identifier __builtin_va_arg
func-vararg-mixed.c:40:19 punctuator (
func-vararg-mixed.c:40:20 identifier ap
func-vararg-mixed.c:40:22 punctuator ,
func-vararg-mixed.c:40:23 identifier _Decimal32
func-vararg-mixed.c:40:33 punctuator )
func-vararg-mixed.c:40:34 punctuator ;
func-vararg-mixed.c:41:3 identifier result
func-vararg-mixed.c:41:10 punctuator =
func-vararg-mixed.c:41:12 identifier __builtin_va_arg
func-vararg-mixed.c:41:28 punctuator (
func-vararg-mixed.c:41:29 identifier ap
func-vararg-mixed.c:41:31 punctuator ,
func-vararg-mixed.c:41:32 identifier _Decimal64
func-vararg-mixed.c:41:42 punctuator )
func-vararg-mixed.c:41:43 punctuator ;
func-vararg-mixed.c:43:3 identifier __builtin_va_end
func-vararg-mixed.c:43:19 punctuator (
func-vararg-mixed.c:43:20 identifier ap
func-vararg-mixed.c:43:22 punctuator )
func-vararg-mixed.c:43:23 punctuator ;
func-vararg-mixed.c:44:3 keyword return
func-vararg-mixed.c:44:10 identifier result
func-vararg-mixed.c:44:16 punctuator ;
func-vararg-mixed.c:45:1 punctuator }
func-vararg-mixed.c:47:1 keyword static
func-vararg-mixed.c:47:8 identifier _Decimal128
func-vararg-mixed.c:48:1 identifier vararg_d128
func-vararg-mixed.c:48:13 punctuator (
func-vararg-mixed.c:48:14 keyword unsigned
func-vararg-mixed.c:48:23 identifier arg
func-vararg-mixed.c:48:26 punctuator ,
func-vararg-mixed.c:48:28 punctuator ...
func-vararg-mixed.c:48:31 punctuator )
func-vararg-mixed.c:49:1 punctuator {
func-vararg-mixed.c:50:3 identifier va_list
func-vararg-mixed.c:50:11 identifier ap
func-vararg-mixed.c:50:13 punctuator ;
func-vararg-mixed.c:51:3 identifier _Decimal128
func-vararg-mixed.c:51:15 identifier result
func-vararg-mixed.c:51:21 punctuator ;
func-vararg-mixed.c:53:3 identifier __builtin_va_start
func-vararg-mixed.c:53:21 punctuator (
func-vararg-mixed.c:53:22 identifier ap
func-vararg-mixed.c:53:24 punctuator ,
func-vararg-mixed.c:53:25 identifier arg
func-vararg-mixed.c:53:28 punctuator )
func-vararg-mixed.c:53:29 punctuator ;
func-vararg-mixed.c:55:3 identifier __builtin_va_arg
func-vararg-mixed.c:55:19 punctuator (
func-vararg-mixed.c:55:20 identifier ap
func-vararg-mixed.c:55:22 punctuator ,
func-vararg-mixed.c:55:23 keyword unsigned
func-vararg-mixed.c:55:32 keyword int
func-vararg-mixed.c:55:35 punctuator )
func-vararg-mixed.c:55:36 punctuator ;
func-vararg-mixed.c:56:3 identifier result
func-vararg-mixed.c:56:10 punctuator =
func-vararg-mixed.c:56:12 identifier __builtin_va_arg
func-vararg-mixed.c:56:28 punctuator (
func-vararg-mixed.c:56:29 identifier ap
func-vararg-mixed.c:56:31 punctuator ,
func-vararg-mixed.c:56:32 identifier _Decimal128
func-vararg-mixed.c:56:43 punctuator )
func-vararg-mixed.c:56:44 punctuator ;
func-vararg-mixed.c:58:3 identifier __builtin_va_end
func-vararg-mixed.c:58:19 punctuator (
func-vararg-mixed.c:58:20 identifier ap
func-vararg-mixed.c:58:22 punctuator )
func-vararg-mixed.c:58:23 punctuator ;
func-vararg-mixed.c:59:3 keyword return
func-vararg-mixed.c:59:10 identifier result
func-vararg-mixed.c:59:16 punctuator ;
func-vararg-mixed.c:60:1 punctuator }
func-vararg-mixed.c:62:1 keyword static
func-vararg-mixed.c:62:8 keyword unsigned
func-vararg-mixed.c:62:17 keyword int
func-vararg-mixed.c:63:1 identifier vararg_int
func-vararg-mixed.c:63:12 punctuator (
func-vararg-mixed.c:63:13 keyword unsigned
func-vararg-mixed.c:63:22 identifier arg
func-vararg-mixed.c:63:25 punctuator ,
func-vararg-mixed.c:63:27 punctuator ...
func-vararg-mixed.c:63:30 punctuator )
func-vararg-mixed.c:64:1 punctuator {
func-vararg-mixed.c:65:3 identifier va_list
func-vararg-mixed.c:65:11 identifier ap
func-vararg-mixed.c:65:13 punctuator ;
func-vararg-mixed.c:66:3 keyword unsigned
func-vararg-mixed.c:66:12 keyword int
func-vararg-mixed.c:66:16 identifier result
func-vararg-mixed.c:66:22 punctuator ;
func-vararg-mixed.c:68:3 identifier __builtin_va_start
func-vararg-mixed.c:68:21 punctuator (
func-vararg-mixed.c:68:22 identifier ap
func-vararg-mixed.c:68:24 punctuator ,
func-vararg-mixed.c:68:25 identifier arg
func-vararg-mixed.c:68:28 punctuator )
func-vararg-mixed.c:68:29 punctuator ;
func-vararg-mixed.c:70:3 identifier result
func-vararg-mixed.c:70:10 punctuator =
func-vararg-mixed.c:70:12 identifier __builtin_va_arg
func-vararg-mixed.c:70:28 punctuator (
func-vararg-mixed.c:70:29 identifier ap
func-vararg-mixed.c:70:31 punctuator ,
func-vararg-mixed.c:70:32 keyword unsigned
func-vararg-mixed.c:70:41 keyword int
func-vararg-mixed.c:70:44 punctuator )
func-vararg-mixed.c:70:45 punctuator ;
func-vararg-mixed.c:72:3 identifier __builtin_va_end
func-vararg-mixed.c:72:19 punctuator (
func-vararg-mixed.c:72:20 identifier ap
func-vararg-mixed.c:72:22 punctuator )
func-vararg-mixed.c:72:23 punctuator ;
func-vararg-mixed.c:73:3 keyword return
func-vararg-mixed.c:73:10 identifier result
func-vararg-mixed.c:73:16 punctuator ;
func-vararg-mixed.c:74:1 punctuator }
func-vararg-mixed.c:76:1 keyword static
func-vararg-mixed.c:76:8 keyword double
func-vararg-mixed.c:77:1 identifier vararg_double
func-vararg-mixed.c:77:15 punctuator (
func-vararg-mixed.c:77:16 keyword unsigned
func-vararg-mixed.c:77:25 identifier arg
func-vararg-mixed.c:77:28 punctuator ,
func-vararg-mixed.c:77:30 punctuator ...
func-vararg-mixed.c:77:33 punctuator )
func-vararg-mixed.c:78:1 punctuator {
func-vararg-mixed.c:79:3 identifier va_list
func-vararg-mixed.c:79:11 identifier ap
func-vararg-mixed.c:79:13 punctuator ;
func-vararg-mixed.c:80:3 keyword float
func-vararg-mixed.c:80:9 identifier result
func-vararg-mixed.c:80:15 punctuator ;
func-vararg-mixed.c:82:3 identifier __builtin_va_start
func-vararg-mixed.c:82:21 punctuator (
func-vararg-mixed.c:82:22 identifier ap
func-vararg-mixed.c:82:24 punctuator ,
func-vararg-mixed.c:82:25 identifier arg
func-vararg-mixed.c:82:28 punctuator )
func-vararg-mixed.c:82:29 punctuator ;
func-vararg-mixed.c:84:3 identifier __builtin_va_arg
func-vararg-mixed.c:84:19 punctuator (
func-vararg-mixed.c:84:20 identifier ap
func-vararg-mixed.c:84:22 punctuator ,
func-vararg-mixed.c:84:23 keyword unsigned
func-vararg-mixed.c:84:32 keyword int
func-vararg-mixed.c:84:35 punctuator )
func-vararg-mixed.c:84:36 punctuator ;
func-vararg-mixed.c:85:3 identifier __builtin_va_arg
func-vararg-mixed.c:85:19 punctuator (
func-vararg-mixed.c:85:20 identifier ap
func-vararg-mixed.c:85:22 punctuator ,
func-vararg-mixed.c:85:23 identifier _Decimal128
func-vararg-mixed.c:85:34 punctuator )
func-vararg-mixed.c:85:35 punctuator ;
func-vararg-mixed.c:86:3 identifier result
func-vararg-mixed.c:86:10 punctuator =
func-vararg-mixed.c:86:12 identifier __builtin_va_arg
func-vararg-mixed.c:86:28 punctuator (
func-vararg-mixed.c:86:29 identifier ap
func-vararg-mixed.c:86:31 punctuator ,
func-vararg-mixed.c:86:32 keyword double
func-vararg-mixed.c:86:38 punctuator )
func-vararg-mixed.c:86:39 punctuator ;
func-vararg-mixed.c:88:3 identifier __builtin_va_end
func-vararg-mixed.c:88:19 punctuator (
func-vararg-mixed.c:88:20 identifier ap
func-vararg-mixed.c:88:22 punctuator )
func-vararg-mixed.c:88:23 punctuator ;
func-vararg-mixed.c:89:3 keyword return
func-vararg-mixed.c:89:10 identifier result
func-vararg-mixed.c:89:16 punctuator ;
func-vararg-mixed.c:90:1 punctuator }
func-vararg-mixed.c:93:1 keyword int
func-vararg-mixed.c:94:1 identifier main
func-vararg-mixed.c:94:6 punctuator (
func-vararg-mixed.c:94:7 punctuator )
func-vararg-mixed.c:95:1 punctuator {
func-vararg-mixed.c:96:3 keyword if
func-vararg-mixed.c:96:6 punctuator (
func-vararg-mixed.c:96:7 identifier vararg_d32
func-vararg-mixed.c:96:18 punctuator (
func-vararg-mixed.c:96:19 constant 3
func-vararg-mixed.c:96:20 punctuator ,
func-vararg-mixed.c:96:22 constant 0
func-vararg-mixed.c:96:23 punctuator ,
func-vararg-mixed.c:96:25 constant 1.0dl
func-vararg-mixed.c:96:30 punctuator ,
func-vararg-mixed.c:96:32 constant 2.0
func-vararg-mixed.c:96:35 punctuator ,
func-vararg-mixed.c:96:37 constant 3.0df
func-vararg-mixed.c:96:42 punctuator ,
func-vararg-mixed.c:96:44 constant 4.0dd
func-vararg-mixed.c:96:49 punctuator )
func-vararg-mixed.c:96:51 punctuator !=
func-vararg-mixed.c:96:54 constant 3.0df
func-vararg-mixed.c:96:59 punctuator )
func-vararg-mixed.c:96:61 identifier __builtin_abort
func-vararg-mixed.c:96:77 punctuator (
func-vararg-mixed.c:96:78 punctuator )
func-vararg-mixed.c:96:79 punctuator ;
func-vararg-mixed.c:97:3 keyword if
func-vararg-mixed.c:97:6 punctuator (
func-vararg-mixed.c:97:7 identifier vararg_d64
func-vararg-mixed.c:97:18 punctuator (
func-vararg-mixed.c:97:19 constant 4
func-vararg-mixed.c:97:20 punctuator ,
func-vararg-mixed.c:97:22 constant 0
func-vararg-mixed.c:97:23 punctuator ,
func-vararg-mixed.c:97:25 constant 1.0dl
func-vararg-mixed.c:97:30 punctuator ,
func-vararg-mixed.c:97:32 constant 2.0
func-vararg-mixed.c:97:35 punctuator ,
func-vararg-mixed.c:97:37 constant 3.0df
func-vararg-mixed.c:97:42 punctuator ,
func-vararg-mixed.c:97:44 constant 4.0dd
func-vararg-mixed.c:97:49 punctuator )
func-vararg-mixed.c:97:51 punctuator !=
func-vararg-mixed.c:97:54 constant 4.0dd
func-vararg-mixed.c:97:59 punctuator )
func-vararg-mixed.c:97:61 identifier __builtin_abort
func-vararg-mixed.c:97:77 punctuator (
func-vararg-mixed.c:97:78 punctuator )
func-vararg-mixed.c:97:79 punctuator ;
func-vararg-mixed.c:98:3 keyword if
func-vararg-mixed.c:98:6 punctuator (
func-vararg-mixed.c:98:7 identifier vararg_d128
func-vararg-mixed.c:98:19 punctuator (
func-vararg-mixed.c:98:20 constant 1
func-vararg-mixed.c:98:21 punctuator ,
func-vararg-mixed.c:98:23 constant 0
func-vararg-mixed.c:98:24 punctuator ,
func-vararg-mixed.c:98:26 constant 1.0dl
func-vararg-mixed.c:98:31 punctuator ,
func-vararg-mixed.c:98:33 constant 2.0
func-vararg-mixed.c:98:36 punctuator ,
func-vararg-mixed.c:98:38 constant 3.0df
func-vararg-mixed.c:98:43 punctuator ,
func-vararg-mixed.c:98:45 constant 4.0dd
func-vararg-mixed.c:98:50 punctuator )
func-vararg-mixed.c:98:52 punctuator !=
func-vararg-mixed.c:98:55 constant 1.0dl
func-vararg-mixed.c:98:60 punctuator )
func-vararg-mixed.c:98:62 identifier __builtin_abort
func-vararg-mixed.c:98:78 punctuator (
func-vararg-mixed.c:98:79 punctuator )
func-vararg-mixed.c:98:80 punctuator ;
func-vararg-mixed.c:99:3 keyword if
func-vararg-mixed.c:99:6 punctuator (
func-vararg-mixed.c:99:7 identifier vararg_int
func-vararg-mixed.c:99:18 punctuator (
func-vararg-mixed.c:99:19 constant 0
func-vararg-mixed.c:99:20 punctuator ,
func-vararg-mixed.c:99:22 constant 0
func-vararg-mixed.c:99:23 punctuator ,
func-vararg-mixed.c:99:25 constant 1.0dl
func-vararg-mixed.c:99:30 punctuator ,
func-vararg-mixed.c:99:32 constant 2.0
func-vararg-mixed.c:99:35 punctuator ,
func-vararg-mixed.c:99:37 constant 3.0df
func-vararg-mixed.c:99:42 punctuator ,
func-vararg-mixed.c:99:44 constant 4.0dd
func-vararg-mixed.c:99:49 punctuator )
func-vararg-mixed.c:99:51 punctuator !=
func-vararg-mixed.c:99:54 constant 0
func-vararg-mixed.c:99:55 punctuator )
func-vararg-mixed.c:99:57 identifier __builtin_abort
func-vararg-mixed.c:99:73 punctuator (
func-vararg-mixed.c:99:74 punctuator )
func-vararg-mixed.c:99:75 punctuator ;
func-vararg-mixed.c:100:3 keyword if
func-vararg-mixed.c:100:6 punctuator (
func-vararg-mixed.c:100:7 identifier vararg_double
func-vararg-mixed.c:100:21 punctuator (
func-vararg-mixed.c:100:22 constant 2
func-vararg-mixed.c:100:23 punctuator ,
func-vararg-mixed.c:100:25 constant 0
func-vararg-mixed.c:100:26 punctuator ,
func-vararg-mixed.c:100:28 constant 1.0dl
func-vararg-mixed.c:100:33 punctuator ,
func-vararg-mixed.c:100:35 constant 2.0
func-vararg-mixed.c:100:38 punctuator ,
func-vararg-mixed.c:100:40 constant 3.0df
func-vararg-mixed.c:100:45 punctuator ,
func-vararg-mixed.c:100:47 constant 4.0dd
func-vararg-mixed.c:100:52 punctuator )
func-vararg-mixed.c:100:54 punctuator !=
func-vararg-mixed.c:100:57 constant 2.0
func-vararg-mixed.c:100:60 punctuator )
func-vararg-mixed.c:100:62 identifier __builtin_abort
func-vararg-mixed.c:100:78 punctuator (
func-vararg-mixed.c:100:79 punctuator )
func-vararg-mixed.c:100:80 punctuator ;
func-vararg-mixed.c:102:3 keyword return
func-vararg-mixed.c:102:10 constant 0
func-vararg-mixed.c:102:11 punctuator ;
func-vararg-mixed.c:103:1 punctuator }
