0
func-vararg-dfp.c:4:1 keyword typedef
func-vararg-dfp.c:4:9 identifier __builtin_va_list
func-vararg-dfp.c:4:27 identifier __gnuc_va_list
func-vararg-dfp.c:4:41 punctuator ;
func-vararg-dfp.c:5:1 keyword typedef
func-vararg-dfp.c:5:9 identifier __gnuc_va_list
func-vararg-dfp.c:5:24 identifier va_list
func-vararg-dfp.c:5:31 punctuator ;
func-vararg-dfp.c:6:1 keyword int
func-vararg-dfp.c:6:5 identifier failures
func-vararg-dfp.c:6:13 punctuator ;
func-vararg-dfp.c:8:1 keyword static
func-vararg-dfp.c:8:8 identifier _Decimal32
func-vararg-dfp.c:9:1 identifier vararg32
func-vararg-dfp.c:9:10 punctuator (
func-vararg-dfp.c:9:11 keyword unsigned
func-vararg-dfp.c:9:20 identifier arg
func-vararg-dfp.c:9:23 punctuator ,
func-vararg-dfp.c:9:25 punctuator ...
func-vararg-dfp.c:9:28 punctuator )
func-vararg-dfp.c:10:1 punctuator {
func-vararg-dfp.c:11:3 keyword int
func-vararg-dfp.c:11:7 identifier i
func-vararg-dfp.c:11:8 punctuator ;
func-vararg-dfp.c:12:3 identifier va_list
func-vararg-dfp.c:12:11 identifier ap
func-vararg-dfp.c:12:13 punctuator ;
func-vararg-dfp.c:13:3 identifier _Decimal32
func-vararg-dfp.c:13:14 identifier result
func-vararg-dfp.c:13:20 punctuator ;
func-vararg-dfp.c:15:3 identifier __builtin_va_start
func-vararg-dfp.c:15:21 punctuator (
func-vararg-dfp.c:15:22 identifier ap
func-vararg-dfp.c:15:24 punctuator ,
func-vararg-dfp.c:15:25 identifier arg
func-vararg-dfp.c:15:28 punctuator )
func-vararg-dfp.c:15:29 punctuator ;
func-vararg-dfp.c:16:3 keyword for
func-vararg-dfp.c:16:7 punctuator (
func-vararg-dfp.c:16:8 identifier i
func-vararg-dfp.c:16:10 punctuator =
func-vararg-dfp.c:16:12 constant 0
func-vararg-dfp.c:16:13 punctuator ;
func-vararg-dfp.c:16:15 identifier i
func-vararg-dfp.c:16:17 punctuator <=
func-vararg-dfp.c:16:20 identifier arg
func-vararg-dfp.c:16:23 punctuator ;
func-vararg-dfp.c:16:25 identifier i
func-vararg-dfp.c:16:26 punctuator ++
func-vararg-dfp.c:16:28 punctuator )
func-vararg-dfp.c:17:5 identifier result
func-vararg-dfp.c:17:12 punctuator =
func-vararg-dfp.c:17:14 identifier __builtin_va_arg
func-vararg-dfp.c:17:30 punctuator (
func-vararg-dfp.c:17:31 identifier ap
func-vararg-dfp.c:17:33 punctuator ,
func-vararg-dfp.c:17:34 identifier _Decimal32
func-vararg-dfp.c:17:44 punctuator )
func-vararg-dfp.c:17:45 punctuator ;
func-vararg-dfp.c:18:3 identifier __builtin_va_end
func-vararg-dfp.c:18:19 punctuator (
func-vararg-dfp.c:18:20 identifier ap
func-vararg-dfp.c:18:22 punctuator )
func-vararg-dfp.c:18:23 punctuator ;
func-vararg-dfp.c:19:3 keyword return
func-vararg-dfp.c:19:10 identifier result
func-vararg-dfp.c:19:16 punctuator ;
func-vararg-dfp.c:20:1 punctuator }
func-vararg-dfp.c:22:1 keyword static
func-vararg-dfp.c:22:8 identifier _Decimal64
func-vararg-dfp.c:23:1 identifier vararg64
func-vararg-dfp.c:23:10 punctuator (
func-vararg-dfp.c:23:11 keyword unsigned
func-vararg-dfp.c:23:20 identifier arg
func-vararg-dfp.c:23:23 punctuator ,
func-vararg-dfp.c:23:25 punctuator ...
func-vararg-dfp.c:23:28 punctuator )
func-vararg-dfp.c:24:1 punctuator {
func-vararg-dfp.c:25:3 keyword int
func-vararg-dfp.c:25:7 identifier i
func-vararg-dfp.c:25:8 punctuator ;
func-vararg-dfp.c:26:3 identifier va_list
func-vararg-dfp.c:26:11 identifier ap
func-vararg-dfp.c:26:13 punctuator ;
func-vararg-dfp.c:27:3 identifier _Decimal64
func-vararg-dfp.c:27:14 identifier result
func-vararg-dfp.c:27:20 punctuator ;
func-vararg-dfp.c:29:3 identifier __builtin_va_start
func-vararg-dfp.c:29:21 punctuator (
func-vararg-dfp.c:29:22 identifier ap
func-vararg-dfp.c:29:24 punctuator ,
func-vararg-dfp.c:29:25 identifier arg
func-vararg-dfp.c:29:28 punctuator )
func-vararg-dfp.c:29:29 punctuator ;
func-vararg-dfp.c:30:3 keyword for
func-vararg-dfp.c:30:7 punctuator (
func-vararg-dfp.c:30:8 identifier i
func-vararg-dfp.c:30:10 punctuator =
func-vararg-dfp.c:30:12 constant 0
func-vararg-dfp.c:30:13 punctuator ;
func-vararg-dfp.c:30:15 identifier i
func-vararg-dfp.c:30:17 punctuator <=
func-vararg-dfp.c:30:20 identifier arg
func-vararg-dfp.c:30:23 punctuator ;
func-vararg-dfp.c:30:25 identifier i
func-vararg-dfp.c:30:26 punctuator ++
func-vararg-dfp.c:30:28 punctuator )
func-vararg-dfp.c:31:5 identifier result
func-vararg-dfp.c:31:12 punctuator =
func-vararg-dfp.c:31:14 identifier __builtin_va_arg
func-vararg-dfp.c:31:30 punctuator (
func-vararg-dfp.c:31:31 identifier ap
func-vararg-dfp.c:31:33 punctuator ,
func-vararg-dfp.c:31:34 identifier _Decimal64
func-vararg-dfp.c:31:44 punctuator )
func-vararg-dfp.c:31:45 punctuator ;
func-vararg-dfp.c:32:3 identifier __builtin_va_end
func-vararg-dfp.c:32:19 punctuator (
func-vararg-dfp.c:32:20 identifier ap
func-vararg-dfp.c:32:22 punctuator )
func-vararg-dfp.c:32:23 punctuator ;
func-vararg-dfp.c:33:3 keyword return
func-vararg-dfp.c:33:10 identifier result
func-vararg-dfp.c:33:16 punctuator ;
func-vararg-dfp.c:34:1 punctuator }
func-vararg-dfp.c:36:1 keyword static
func-vararg-dfp.c:36:8 identifier _Decimal128
func-vararg-dfp.c:37:1 identifier vararg128
func-vararg-dfp.c:37:11 punctuator (
func-vararg-dfp.c:37:12 keyword unsigned
func-vararg-dfp.c:37:21 identifier arg
func-vararg-dfp.c:37:24 punctuator ,
func-vararg-dfp.c:37:26 punctuator ...
func-vararg-dfp.c:37:29 punctuator )
func-vararg-dfp.c:38:1 punctuator {
func-vararg-dfp.c:39:3 keyword int
func-vararg-dfp.c:39:7 identifier i
func-vararg-dfp.c:39:8 punctuator ;
func-vararg-dfp.c:40:3 identifier va_list
func-vararg-dfp.c:40:11 identifier ap
func-vararg-dfp.c:40:13 punctuator ;
func-vararg-dfp.c:41:3 identifier _Decimal128
func-vararg-dfp.c:41:15 identifier result
func-vararg-dfp.c:41:21 punctuator ;
func-vararg-dfp.c:43:3 identifier __builtin_va_start
func-vararg-dfp.c:43:21 punctuator (
func-vararg-dfp.c:43:22 identifier ap
func-vararg-dfp.c:43:24 punctuator ,
func-vararg-dfp.c:43:25 identifier arg
func-vararg-dfp.c:43:28 punctuator )
func-vararg-dfp.c:43:29 punctuator ;
func-vararg-dfp.c:44:3 keyword for
func-vararg-dfp.c:44:7 punctuator (
func-vararg-dfp.c:44:8 identifier i
func-vararg-dfp.c:44:10 punctuator =
func-vararg-dfp.c:44:12 constant 0
func-vararg-dfp.c:44:13 punctuator ;
func-vararg-dfp.c:44:15 identifier i
func-vararg-dfp.c:44:17 punctuator <=
func-vararg-dfp.c:44:20 identifier arg
func-vararg-dfp.c:44:23 punctuator ;
func-vararg-dfp.c:44:25 identifier i
func-vararg-dfp.c:44:26 punctuator ++
func-vararg-dfp.c:44:28 punctuator )
func-vararg-dfp.c:45:5 identifier result
func-vararg-dfp.c:45:12 punctuator =
func-vararg-dfp.c:45:14 identifier __builtin_va_arg
func-vararg-dfp.c:45:30 punctuator (
func-vararg-dfp.c:45:31 identifier ap
func-vararg-dfp.c:45:33 punctuator ,
func-vararg-dfp.c:45:34 identifier _Decimal128
func-vararg-dfp.c:45:45 punctuator )
func-vararg-dfp.c:45:46 punctuator ;
func-vararg-dfp.c:46:3 identifier __builtin_va_end
func-vararg-dfp.c:46:19 punctuator (
func-vararg-dfp.c:46:20 identifier ap
func-vararg-dfp.c:46:22 punctuator )
func-vararg-dfp.c:46:23 punctuator ;
func-vararg-dfp.c:47:3 keyword return
func-vararg-dfp.c:47:10 identifier result
func-vararg-dfp.c:47:16 punctuator ;
func-vararg-dfp.c:48:1 punctuator }
func-vararg-dfp.c:51:1 keyword int
func-vararg-dfp.c:51:5 identifier main
func-vararg-dfp.c:51:9 punctuator (
func-vararg-dfp.c:51:10 punctuator )
func-vararg-dfp.c:52:1 punctuator {
func-vararg-dfp.c:54:3 keyword if
func-vararg-dfp.c:54:6 punctuator (
func-vararg-dfp.c:54:7 identifier vararg32
func-vararg-dfp.c:54:16 punctuator (
func-vararg-dfp.c:54:17 constant 0
func-vararg-dfp.c:54:18 punctuator ,
func-vararg-dfp.c:54:20 constant 0.0df
func-vararg-dfp.c:54:25 punctuator ,
func-vararg-dfp.c:54:27 constant 1.0df
func-vararg-dfp.c:54:32 punctuator ,
func-vararg-dfp.c:54:34 constant 2.0df
func-vararg-dfp.c:54:39 punctuator ,
func-vararg-dfp.c:54:41 constant 3.0df
func-vararg-dfp.c:54:46 punctuator ,
func-vararg-dfp.c:54:48 constant 4.0df
func-vararg-dfp.c:54:53 punctuator ,
func-vararg-dfp.c:54:55 constant 5.0df
func-vararg-dfp.c:54:60 punctuator )
func-vararg-dfp.c:54:62 punctuator !=
func-vararg-dfp.c:54:65 constant 0.0df
func-vararg-dfp.c:54:70 punctuator )
func-vararg-dfp.c:55:5 identifier __builtin_abort
func-vararg-dfp.c:55:21 punctuator (
func-vararg-dfp.c:55:22 punctuator )
func-vararg-dfp.c:55:23 punctuator ;
func-vararg-dfp.c:56:3 keyword if
func-vararg-dfp.c:56:6 punctuator (
func-vararg-dfp.c:56:7 identifier vararg32
func-vararg-dfp.c:56:16 punctuator (
func-vararg-dfp.c:56:17 constant 1
func-vararg-dfp.c:56:18 punctuator ,
func-vararg-dfp.c:56:20 constant 0.0df
func-vararg-dfp.c:56:25 punctuator ,
func-vararg-dfp.c:56:27 constant 1.0df
func-vararg-dfp.c:56:32 punctuator ,
func-vararg-dfp.c:56:34 constant 2.0df
func-vararg-dfp.c:56:39 punctuator ,
func-vararg-dfp.c:56:41 constant 3.0df
func-vararg-dfp.c:56:46 punctuator ,
func-vararg-dfp.c:56:48 constant 4.0df
func-vararg-dfp.c:56:53 punctuator ,
func-vararg-dfp.c:56:55 constant 5.0df
func-vararg-dfp.c:56:60 punctuator )
func-vararg-dfp.c:56:62 punctuator !=
func-vararg-dfp.c:56:65 constant 1.0df
func-vararg-dfp.c:56:70 punctuator )
func-vararg-dfp.c:57:5 identifier __builtin_abort
func-vararg-dfp.c:57:21 punctuator (
func-vararg-dfp.c:57:22 punctuator )
func-vararg-dfp.c:57:23 punctuator ;
func-vararg-dfp.c:58:3 keyword if
func-vararg-dfp.c:58:6 punctuator (
func-vararg-dfp.c:58:7 identifier vararg32
func-vararg-dfp.c:58:16 punctuator (
func-vararg-dfp.c:58:17 constant 2
func-vararg-dfp.c:58:18 punctuator ,
func-vararg-dfp.c:58:20 constant 0.0df
func-vararg-dfp.c:58:25 punctuator ,
func-vararg-dfp.c:58:27 constant 1.0df
func-vararg-dfp.c:58:32 punctuator ,
func-vararg-dfp.c:58:34 constant 2.0df
func-vararg-dfp.c:58:39 punctuator ,
func-vararg-dfp.c:58:41 constant 3.0df
func-vararg-dfp.c:58:46 punctuator ,
func-vararg-dfp.c:58:48 constant 4.0df
func-vararg-dfp.c:58:53 punctuator ,
func-vararg-dfp.c:58:55 constant 5.0df
func-vararg-dfp.c:58:60 punctuator )
func-vararg-dfp.c:58:62 punctuator !=
func-vararg-dfp.c:58:65 constant 2.0df
func-vararg-dfp.c:58:70 punctuator )
func-vararg-dfp.c:59:5 identifier __builtin_abort
func-vararg-dfp.c:59:21 punctuator (
func-vararg-dfp.c:59:22 punctuator )
func-vararg-dfp.c:59:23 punctuator ;
func-vararg-dfp.c:60:3 keyword if
func-vararg-dfp.c:60:6 punctuator (
func-vararg-dfp.c:60:7 identifier vararg32
func-vararg-dfp.c:60:16 punctuator (
func-vararg-dfp.c:60:17 constant 3
func-vararg-dfp.c:60:18 punctuator ,
func-vararg-dfp.c:60:20 constant 0.0df
func-vararg-dfp.c:60:25 punctuator ,
func-vararg-dfp.c:60:27 constant 1.0df
func-vararg-dfp.c:60:32 punctuator ,
func-vararg-dfp.c:60:34 constant 2.0df
func-vararg-dfp.c:60:39 punctuator ,
func-vararg-dfp.c:60:41 constant 3.0df
func-vararg-dfp.c:60:46 punctuator ,
func-vararg-dfp.c:60:48 constant 4.0df
func-vararg-dfp.c:60:53 punctuator ,
func-vararg-dfp.c:60:55 constant 5.0df
func-vararg-dfp.c:60:60 punctuator )
func-vararg-dfp.c:60:62 punctuator !=
func-vararg-dfp.c:60:65 constant 3.0df
func-vararg-dfp.c:60:70 punctuator )
func-vararg-dfp.c:61:5 identifier __builtin_abort
func-vararg-dfp.c:61:21 punctuator (
func-vararg-dfp.c:61:22 punctuator )
func-vararg-dfp.c:61:23 punctuator ;
func-vararg-dfp.c:62:3 keyword if
func-vararg-dfp.c:62:6 punctuator (
func-vararg-dfp.c:62:7 identifier vararg32
func-vararg-dfp.c:62:16 punctuator (
func-vararg-dfp.c:62:17 constant 4
func-vararg-dfp.c:62:18 punctuator ,
func-vararg-dfp.c:62:20 constant 0.0df
func-vararg-dfp.c:62:25 punctuator ,
func-vararg-dfp.c:62:27 constant 1.0df
func-vararg-dfp.c:62:32 punctuator ,
func-vararg-dfp.c:62:34 constant 2.0df
func-vararg-dfp.c:62:39 punctuator ,
func-vararg-dfp.c:62:41 constant 3.0df
func-vararg-dfp.c:62:46 punctuator ,
func-vararg-dfp.c:62:48 constant 4.0df
func-vararg-dfp.c:62:53 punctuator ,
func-vararg-dfp.c:62:55 constant 5.0df
func-vararg-dfp.c:62:60 punctuator )
func-vararg-dfp.c:62:62 punctuator !=
func-vararg-dfp.c:62:65 constant 4.0df
func-vararg-dfp.c:62:70 punctuator )
func-vararg-dfp.c:63:5 identifier __builtin_abort
func-vararg-dfp.c:63:21 punctuator (
func-vararg-dfp.c:63:22 punctuator )
func-vararg-dfp.c:63:23 punctuator ;
func-vararg-dfp.c:64:3 keyword if
func-vararg-dfp.c:64:6 punctuator (
func-vararg-dfp.c:64:7 identifier vararg32
func-vararg-dfp.c:64:16 punctuator (
func-vararg-dfp.c:64:17 constant 5
func-vararg-dfp.c:64:18 punctuator ,
func-vararg-dfp.c:64:20 constant 0.0df
func-vararg-dfp.c:64:25 punctuator ,
func-vararg-dfp.c:64:27 constant 1.0df
func-vararg-dfp.c:64:32 punctuator ,
func-vararg-dfp.c:64:34 constant 2.0df
func-vararg-dfp.c:64:39 punctuator ,
func-vararg-dfp.c:64:41 constant 3.0df
func-vararg-dfp.c:64:46 punctuator ,
func-vararg-dfp.c:64:48 constant 4.0df
func-vararg-dfp.c:64:53 punctuator ,
func-vararg-dfp.c:64:55 constant 5.0df
func-vararg-dfp.c:64:60 punctuator )
func-vararg-dfp.c:64:62 punctuator !=
func-vararg-dfp.c:64:65 constant 5.0df
func-vararg-dfp.c:64:70 punctuator )
func-vararg-dfp.c:65:5 identifier __builtin_abort
func-vararg-dfp.c:65:21 punctuator (
func-vararg-dfp.c:65:22 punctuator )
func-vararg-dfp.c:65:23 punctuator ;
func-vararg-dfp.c:68:3 keyword if
func-vararg-dfp.c:68:6 punctuator (
func-vararg-dfp.c:68:7 identifier vararg64
func-vararg-dfp.c:68:16 punctuator (
func-vararg-dfp.c:68:17 constant 0
func-vararg-dfp.c:68:18 punctuator ,
func-vararg-dfp.c:68:20 constant 0.0dd
func-vararg-dfp.c:68:25 punctuator ,
func-vararg-dfp.c:68:27 constant 1.0dd
func-vararg-dfp.c:68:32 punctuator ,
func-vararg-dfp.c:68:34 constant 2.0dd
func-vararg-dfp.c:68:39 punctuator ,
func-vararg-dfp.c:68:41 constant 3.0dd
func-vararg-dfp.c:68:46 punctuator ,
func-vararg-dfp.c:68:48 constant 4.0dd
func-vararg-dfp.c:68:53 punctuator ,
func-vararg-dfp.c:68:55 constant 5.0dd
func-vararg-dfp.c:68:60 punctuator )
func-vararg-dfp.c:68:62 punctuator !=
func-vararg-dfp.c:68:65 constant 0.0dd
func-vararg-dfp.c:68:70 punctuator )
func-vararg-dfp.c:69:5 identifier __builtin_abort
func-vararg-dfp.c:69:21 punctuator (
func-vararg-dfp.c:69:22 punctuator )
func-vararg-dfp.c:69:23 punctuator ;
func-vararg-dfp.c:70:3 keyword if
func-vararg-dfp.c:70:6 punctuator (
func-vararg-dfp.c:70:7 identifier vararg64
func-vararg-dfp.c:70:16 punctuator (
func-vararg-dfp.c:70:17 constant 1
func-vararg-dfp.c:70:18 punctuator ,
func-vararg-dfp.c:70:20 constant 0.0dd
func-vararg-dfp.c:70:25 punctuator ,
func-vararg-dfp.c:70:27 constant 1.0dd
func-vararg-dfp.c:70:32 punctuator ,
func-vararg-dfp.c:70:34 constant 2.0dd
func-vararg-dfp.c:70:39 punctuator ,
func-vararg-dfp.c:70:41 constant 3.0dd
func-vararg-dfp.c:70:46 punctuator ,
func-vararg-dfp.c:70:48 constant 4.0dd
func-vararg-dfp.c:70:53 punctuator ,
func-vararg-dfp.c:70:55 constant 5.0dd
func-vararg-dfp.c:70:60 punctuator )
func-vararg-dfp.c:70:62 punctuator !=
func-vararg-dfp.c:70:65 constant 1.0dd
func-vararg-dfp.c:70:70 punctuator )
func-vararg-dfp.c:71:5 identifier __builtin_abort
func-vararg-dfp.c:71:21 punctuator (
func-vararg-dfp.c:71:22 punctuator )
func-vararg-dfp.c:71:23 punctuator ;
func-vararg-dfp.c:72:3 keyword if
func-vararg-dfp.c:72:6 punctuator (
func-vararg-dfp.c:72:7 identifier vararg64
func-vararg-dfp.c:72:16 punctuator (
func-vararg-dfp.c:72:17 constant 2
func-vararg-dfp.c:72:18 punctuator ,
func-vararg-dfp.c:72:20 constant 0.0dd
func-vararg-dfp.c:72:25 punctuator ,
func-vararg-dfp.c:72:27 constant 1.0dd
func-vararg-dfp.c:72:32 punctuator ,
func-vararg-dfp.c:72:34 constant 2.0dd
func-vararg-dfp.c:72:39 punctuator ,
func-vararg-dfp.c:72:41 constant 3.0dd
func-vararg-dfp.c:72:46 punctuator ,
func-vararg-dfp.c:72:48 constant 4.0dd
func-vararg-dfp.c:72:53 punctuator ,
func-vararg-dfp.c:72:55 constant 5.0dd
func-vararg-dfp.c:72:60 punctuator )
func-vararg-dfp.c:72:62 punctuator !=
func-vararg-dfp.c:72:65 constant 2.0dd
func-vararg-dfp.c:72:70 punctuator )
func-vararg-dfp.c:73:5 identifier __builtin_abort
func-vararg-dfp.c:73:21 punctuator (
func-vararg-dfp.c:73:22 punctuator )
func-vararg-dfp.c:73:23 punctuator ;
func-vararg-dfp.c:74:3 keyword if
func-vararg-dfp.c:74:6 punctuator (
func-vararg-dfp.c:74:7 identifier vararg64
func-vararg-dfp.c:74:16 punctuator (
func-vararg-dfp.c:74:17 constant 3
func-vararg-dfp.c:74:18 punctuator ,
func-vararg-dfp.c:74:20 constant 0.0dd
func-vararg-dfp.c:74:25 punctuator ,
func-vararg-dfp.c:74:27 constant 1.0dd
func-vararg-dfp.c:74:32 punctuator ,
func-vararg-dfp.c:74:34 constant 2.0dd
func-vararg-dfp.c:74:39 punctuator ,
func-vararg-dfp.c:74:41 constant 3.0dd
func-vararg-dfp.c:74:46 punctuator ,
func-vararg-dfp.c:74:48 constant 4.0dd
func-vararg-dfp.c:74:53 punctuator ,
func-vararg-dfp.c:74:55 constant 5.0dd
func-vararg-dfp.c:74:60 punctuator )
func-vararg-dfp.c:74:62 punctuator !=
func-vararg-dfp.c:74:65 constant 3.0dd
func-vararg-dfp.c:74:70 punctuator )
func-vararg-dfp.c:75:5 identifier __builtin_abort
func-vararg-dfp.c:75:21 punctuator (
func-vararg-dfp.c:75:22 punctuator )
func-vararg-dfp.c:75:23 punctuator ;
func-vararg-dfp.c:76:3 keyword if
func-vararg-dfp.c:76:6 punctuator (
func-vararg-dfp.c:76:7 identifier vararg64
func-vararg-dfp.c:76:16 punctuator (
func-vararg-dfp.c:76:17 constant 4
func-vararg-dfp.c:76:18 punctuator ,
func-vararg-dfp.c:76:20 constant 0.0dd
func-vararg-dfp.c:76:25 punctuator ,
func-vararg-dfp.c:76:27 constant 1.0dd
func-vararg-dfp.c:76:32 punctuator ,
func-vararg-dfp.c:76:34 constant 2.0dd
func-vararg-dfp.c:76:39 punctuator ,
func-vararg-dfp.c:76:41 constant 3.0dd
func-vararg-dfp.c:76:46 punctuator ,
func-vararg-dfp.c:76:48 constant 4.0dd
func-vararg-dfp.c:76:53 punctuator ,
func-vararg-dfp.c:76:55 constant 5.0dd
func-vararg-dfp.c:76:60 punctuator )
func-vararg-dfp.c:76:62 punctuator !=
func-vararg-dfp.c:76:65 constant 4.0dd
func-vararg-dfp.c:76:70 punctuator )
func-vararg-dfp.c:77:5 identifier __builtin_abort
func-vararg-dfp.c:77:21 punctuator (
func-vararg-dfp.c:77:22 punctuator )
func-vararg-dfp.c:77:23 punctuator ;
func-vararg-dfp.c:78:3 keyword if
func-vararg-dfp.c:78:6 punctuator (
func-vararg-dfp.c:78:7 identifier vararg64
func-vararg-dfp.c:78:16 punctuator (
func-vararg-dfp.c:78:17 constant 5
func-vararg-dfp.c:78:18 punctuator ,
func-vararg-dfp.c:78:20 constant 0.0dd
func-vararg-dfp.c:78:25 punctuator ,
func-vararg-dfp.c:78:27 constant 1.0dd
func-vararg-dfp.c:78:32 punctuator ,
func-vararg-dfp.c:78:34 constant 2.0dd
func-vararg-dfp.c:78:39 punctuator ,
func-vararg-dfp.c:78:41 constant 3.0dd
func-vararg-dfp.c:78:46 punctuator ,
func-vararg-dfp.c:78:48 constant 4.0dd
func-vararg-dfp.c:78:53 punctuator ,
func-vararg-dfp.c:78:55 constant 5.0dd
func-vararg-dfp.c:78:60 punctuator )
func-vararg-dfp.c:78:62 punctuator !=
func-vararg-dfp.c:78:65 constant 5.0dd
func-vararg-dfp.c:78:70 punctuator )
func-vararg-dfp.c:79:5 identifier __builtin_abort
func-vararg-dfp.c:79:21 punctuator (
func-vararg-dfp.c:79:22 punctuator )
func-vararg-dfp.c:79:23 punctuator ;
func-vararg-dfp.c:82:3 keyword if
func-vararg-dfp.c:82:6 punctuator (
func-vararg-dfp.c:82:7 identifier vararg128
func-vararg-dfp.c:82:17 punctuator (
func-vararg-dfp.c:82:18 constant 0
func-vararg-dfp.c:82:19 punctuator ,
func-vararg-dfp.c:82:21 constant 0.0dl
func-vararg-dfp.c:82:26 punctuator ,
func-vararg-dfp.c:82:28 constant 1.0dl
func-vararg-dfp.c:82:33 punctuator ,
func-vararg-dfp.c:82:35 constant 2.0dl
func-vararg-dfp.c:82:40 punctuator ,
func-vararg-dfp.c:82:42 constant 3.0dl
func-vararg-dfp.c:82:47 punctuator ,
func-vararg-dfp.c:82:49 constant 4.0dl
func-vararg-dfp.c:82:54 punctuator ,
func-vararg-dfp.c:82:56 constant 5.0dl
func-vararg-dfp.c:82:61 punctuator )
func-vararg-dfp.c:82:63 punctuator !=
func-vararg-dfp.c:82:66 constant 0.0dl
func-vararg-dfp.c:82:71 punctuator )
func-vararg-dfp.c:83:5 identifier __builtin_abort
func-vararg-dfp.c:83:21 punctuator (
func-vararg-dfp.c:83:22 punctuator )
func-vararg-dfp.c:83:23 punctuator ;
func-vararg-dfp.c:84:3 keyword if
func-vararg-dfp.c:84:6 punctuator (
func-vararg-dfp.c:84:7 identifier vararg128
func-vararg-dfp.c:84:17 punctuator (
func-vararg-dfp.c:84:18 constant 1
func-vararg-dfp.c:84:19 punctuator ,
func-vararg-dfp.c:84:21 constant 0.0dl
func-vararg-dfp.c:84:26 punctuator ,
func-vararg-dfp.c:84:28 constant 1.0dl
func-vararg-dfp.c:84:33 punctuator ,
func-vararg-dfp.c:84:35 constant 2.0dl
func-vararg-dfp.c:84:40 punctuator ,
func-vararg-dfp.c:84:42 constant 3.0dl
func-vararg-dfp.c:84:47 punctuator ,
func-vararg-dfp.c:84:49 constant 4.0dl
func-vararg-dfp.c:84:54 punctuator ,
func-vararg-dfp.c:84:56 constant 5.0dl
func-vararg-dfp.c:84:61 punctuator )
func-vararg-dfp.c:84:63 punctuator !=
func-vararg-dfp.c:84:66 constant 1.0dl
func-vararg-dfp.c:84:71 punctuator )
func-vararg-dfp.c:85:5 identifier __builtin_abort
func-vararg-dfp.c:85:21 punctuator (
func-vararg-dfp.c:85:22 punctuator )
func-vararg-dfp.c:85:23 punctuator ;
func-vararg-dfp.c:86:3 keyword if
func-vararg-dfp.c:86:6 punctuator (
func-vararg-dfp.c:86:7 identifier vararg128
func-vararg-dfp.c:86:17 punctuator (
func-vararg-dfp.c:86:18 constant 2
func-vararg-dfp.c:86:19 punctuator ,
func-vararg-dfp.c:86:21 constant 0.0dl
func-vararg-dfp.c:86:26 punctuator ,
func-vararg-dfp.c:86:28 constant 1.0dl
func-vararg-dfp.c:86:33 punctuator ,
func-vararg-dfp.c:86:35 constant 2.0dl
func-vararg-dfp.c:86:40 punctuator ,
func-vararg-dfp.c:86:42 constant 3.0dl
func-vararg-dfp.c:86:47 punctuator ,
func-vararg-dfp.c:86:49 constant 4.0dl
func-vararg-dfp.c:86:54 punctuator ,
func-vararg-dfp.c:86:56 constant 5.0dl
func-vararg-dfp.c:86:61 punctuator )
func-vararg-dfp.c:86:63 punctuator !=
func-vararg-dfp.c:86:66 constant 2.0dl
func-vararg-dfp.c:86:71 punctuator )
func-vararg-dfp.c:87:5 identifier __builtin_abort
func-vararg-dfp.c:87:21 punctuator (
func-vararg-dfp.c:87:22 punctuator )
func-vararg-dfp.c:87:23 punctuator ;
func-vararg-dfp.c:88:3 keyword if
func-vararg-dfp.c:88:6 punctuator (
func-vararg-dfp.c:88:7 identifier vararg128
func-vararg-dfp.c:88:17 punctuator (
func-vararg-dfp.c:88:18 constant 3
func-vararg-dfp.c:88:19 punctuator ,
func-vararg-dfp.c:88:21 constant 0.0dl
func-vararg-dfp.c:88:26 punctuator ,
func-vararg-dfp.c:88:28 constant 1.0dl
func-vararg-dfp.c:88:33 punctuator ,
func-vararg-dfp.c:88:35 constant 2.0dl
func-vararg-dfp.c:88:40 punctuator ,
func-vararg-dfp.c:88:42 constant 3.0dl
func-vararg-dfp.c:88:47 punctuator ,
func-vararg-dfp.c:88:49 constant 4.0dl
func-vararg-dfp.c:88:54 punctuator ,
func-vararg-dfp.c:88:56 constant 5.0dl
func-vararg-dfp.c:88:61 punctuator )
func-vararg-dfp.c:88:63 punctuator !=
func-vararg-dfp.c:88:66 constant 3.0dl
func-vararg-dfp.c:88:71 punctuator )
func-vararg-dfp.c:89:5 identifier __builtin_abort
func-vararg-dfp.c:89:21 punctuator (
func-vararg-dfp.c:89:22 punctuator )
func-vararg-dfp.c:89:23 punctuator ;
func-vararg-dfp.c:90:3 keyword if
func-vararg-dfp.c:90:6 punctuator (
func-vararg-dfp.c:90:7 identifier vararg128
func-vararg-dfp.c:90:17 punctuator (
func-vararg-dfp.c:90:18 constant 4
func-vararg-dfp.c:90:19 punctuator ,
func-vararg-dfp.c:90:21 constant 0.0dl
func-vararg-dfp.c:90:26 punctuator ,
func-vararg-dfp.c:90:28 constant 1.0dl
func-vararg-dfp.c:90:33 punctuator ,
func-vararg-dfp.c:90:35 constant 2.0dl
func-vararg-dfp.c:90:40 punctuator ,
func-vararg-dfp.c:90:42 constant 3.0dl
func-vararg-dfp.c:90:47 punctuator ,
func-vararg-dfp.c:90:49 constant 4.0dl
func-vararg-dfp.c:90:54 punctuator ,
func-vararg-dfp.c:90:56 constant 5.0dl
func-vararg-dfp.c:90:61 punctuator )
func-vararg-dfp.c:90:63 punctuator !=
func-vararg-dfp.c:90:66 constant 4.0dl
func-vararg-dfp.c:90:71 punctuator )
func-vararg-dfp.c:91:5 identifier __builtin_abort
func-vararg-dfp.c:91:21 punctuator (
func-vararg-dfp.c:91:22 punctuator )
func-vararg-dfp.c:91:23 punctuator ;
func-vararg-dfp.c:92:3 keyword if
func-vararg-dfp.c:92:6 punctuator (
func-vararg-dfp.c:92:7 identifier vararg128
func-vararg-dfp.c:92:17 punctuator (
func-vararg-dfp.c:92:18 constant 5
func-vararg-dfp.c:92:19 punctuator ,
func-vararg-dfp.c:92:21 constant 0.0dl
func-vararg-dfp.c:92:26 punctuator ,
func-vararg-dfp.c:92:28 constant 1.0dl
func-vararg-dfp.c:92:33 punctuator ,
func-vararg-dfp.c:92:35 constant 2.0dl
func-vararg-dfp.c:92:40 punctuator ,
func-vararg-dfp.c:92:42 constant 3.0dl
func-vararg-dfp.c:92:47 punctuator ,
func-vararg-dfp.c:92:49 constant 4.0dl
func-vararg-dfp.c:92:54 punctuator ,
func-vararg-dfp.c:92:56 constant 5.0dl
func-vararg-dfp.c:92:61 punctuator )
func-vararg-dfp.c:92:63 punctuator !=
func-vararg-dfp.c:92:66 constant 5.0dl
func-vararg-dfp.c:92:71 punctuator )
func-vararg-dfp.c:93:5 identifier __builtin_abort
func-vararg-dfp.c:93:21 punctuator (
func-vararg-dfp.c:93:22 punctuator )
func-vararg-dfp.c:93:23 punctuator ;
func-vararg-dfp.c:95:3 keyword return
func-vararg-dfp.c:95:10 constant 0
func-vararg-dfp.c:95:11 punctuator ;
func-vararg-dfp.c:96:1 punctuator }
